Archive member included because of file (symbol)

contiki-exp2420.a(rimeaddr.o)
                              obj_exp2420/contiki-exp5438-main.o (rimeaddr_copy)
contiki-exp2420.a(csma.o)     obj_exp2420/contiki-exp5438-main.o (csma_driver)
contiki-exp2420.a(process.o)  obj_exp2420/contiki-exp5438-main.o (process_init)
contiki-exp2420.a(autostart.o)
                              obj_exp2420/contiki-exp5438-main.o (autostart_start)
contiki-exp2420.a(memb.o)     contiki-exp2420.a(csma.o) (memb_init)
contiki-exp2420.a(list.o)     contiki-exp2420.a(csma.o) (list_init)
contiki-exp2420.a(etimer.o)   obj_exp2420/contiki-exp5438-main.o (etimer_process)
contiki-exp2420.a(ctimer.o)   obj_exp2420/contiki-exp5438-main.o (ctimer_init)
contiki-exp2420.a(energest.o)
                              obj_exp2420/contiki-exp5438-main.o (energest_init)
contiki-exp2420.a(rtimer.o)   obj_exp2420/contiki-exp5438-main.o (rtimer_init)
contiki-exp2420.a(random.o)   obj_exp2420/contiki-exp5438-main.o (random_init)
contiki-exp2420.a(netstack.o)
                              obj_exp2420/contiki-exp5438-main.o (netstack_init)
contiki-exp2420.a(packetbuf.o)
                              contiki-exp2420.a(csma.o) (packetbuf_attrs)
contiki-exp2420.a(queuebuf.o)
                              obj_exp2420/contiki-exp5438-main.o (queuebuf_init)
contiki-exp2420.a(sicslowpan.o)
                              contiki-exp2420.a(csma.o) (sicslowpan_driver)
contiki-exp2420.a(tcpip.o)    contiki-exp2420.a(sicslowpan.o) (tcpip_set_outputfunc)
contiki-exp2420.a(uip-ds6-route.o)
                              contiki-exp2420.a(tcpip.o) (uip_ds6_route_nexthop)
contiki-exp2420.a(uip-ds6-nbr.o)
                              contiki-exp2420.a(tcpip.o) (uip_ds6_nbr_add)
contiki-exp2420.a(uip-ds6.o)  contiki-exp2420.a(tcpip.o) (uip_ds6_is_addr_onlink)
contiki-exp2420.a(uip-nd6.o)  contiki-exp2420.a(tcpip.o) (uip_nd6_ns_output)
contiki-exp2420.a(uip6.o)     contiki-exp2420.a(sicslowpan.o) (uip_aligned_buf)
contiki-exp2420.a(netstack-aes.o)
                              contiki-exp2420.a(netstack.o) (netstack_aes_init)
contiki-exp2420.a(drowsie.o)  obj_exp2420/contiki-exp5438-main.o (drowsie_driver)
contiki-exp2420.a(ip64.o)     router-node.co (ip64_init)
contiki-exp2420.a(ip64-addrmap.o)
                              contiki-exp2420.a(ip64.o) (ip64_addrmap_lookup)
contiki-exp2420.a(ip64-null-drive)
                              contiki-exp2420.a(ip64.o) (ip64_null_driver)
contiki-exp2420.a(ip64-special-po)
                              contiki-exp2420.a(ip64.o) (ip64_special_ports_translate_incoming)
contiki-exp2420.a(ip64-slip-inter)
                              contiki-exp2420.a(ip64.o) (ip64_slip_interface)
contiki-exp2420.a(simple-rpl.o)
                              obj_exp2420/contiki-exp5438-main.o (simple_rpl_init)
contiki-exp2420.a(cc2420.o)   obj_exp2420/contiki-exp5438-main.o (cc2420_set_pan_addr)
contiki-exp2420.a(cc2420-arch.o)
                              contiki-exp2420.a(cc2420.o) (cc2420_arch_init)
contiki-exp2420.a(slip_uart1.o)
                              obj_exp2420/contiki-exp5438-main.o (putchar)
contiki-exp2420.a(msp430.o)   obj_exp2420/contiki-exp5438-main.o (w_memcpy)
contiki-exp2420.a(leds.o)     obj_exp2420/contiki-exp5438-main.o (leds_init)
contiki-exp2420.a(watchdog.o)
                              obj_exp2420/contiki-exp5438-main.o (watchdog_start)
contiki-exp2420.a(spix.o)     contiki-exp2420.a(cc2420-arch.o) (spi_init)
contiki-exp2420.a(rtimer-arch.o)
                              contiki-exp2420.a(rtimer.o) (rtimer_arch_init)
contiki-exp2420.a(node-id.o)  obj_exp2420/contiki-exp5438-main.o (node_id_restore)
contiki-exp2420.a(leds-arch.o)
                              contiki-exp2420.a(leds.o) (leds_arch_init)
contiki-exp2420.a(uart1x.o)   obj_exp2420/contiki-exp5438-main.o (uart1_active)
contiki-exp2420.a(lcd.o)      obj_exp2420/contiki-exp5438-main.o (lcd_init)
contiki-exp2420.a(duty-cycle-scro)
                              obj_exp2420/contiki-exp5438-main.o (duty_cycle_scroller_start)
contiki-exp2420.a(hal-pmm.o)  contiki-exp2420.a(msp430.o) (SetVCore)
contiki-exp2420.a(slip.o)     contiki-exp2420.a(ip64-slip-inter) (slip_process)
contiki-exp2420.a(flash.o)    contiki-exp2420.a(node-id.o) (flash_setup)
contiki-exp2420.a(clock.o)    contiki-exp2420.a(etimer.o) (clock_time)
contiki-exp2420.a(rimestats.o)
                              contiki-exp2420.a(queuebuf.o) (rimestats)
contiki-exp2420.a(mac.o)      contiki-exp2420.a(csma.o) (mac_call_sent_callback)
contiki-exp2420.a(framer-802154.o)
                              contiki-exp2420.a(sicslowpan.o) (framer_802154)
contiki-exp2420.a(rpl.o)      contiki-exp2420.a(simple-rpl.o) (rpl_remove_routes)
contiki-exp2420.a(rpl-dag.o)  contiki-exp2420.a(rpl.o) (rpl_dag_init)
contiki-exp2420.a(rpl-icmp6.o)
                              contiki-exp2420.a(rpl.o) (dao_output_target)
contiki-exp2420.a(rpl-timers.o)
[...]
Memory Configuration

Name             Origin             Length             Attributes
sfr              0x0000000000000000 0x0000000000000010
peripheral_8bit  0x0000000000000010 0x00000000000000f0
peripheral_16bit 0x0000000000000100 0x0000000000000100
bsl              0x0000000000001000 0x0000000000000800
infomem          0x0000000000001800 0x0000000000000200
infod            0x0000000000001800 0x0000000000000080
infoc            0x0000000000001880 0x0000000000000080
infob            0x0000000000001900 0x0000000000000080
infoa            0x0000000000001980 0x0000000000000080
ram              0x0000000000001c00 0x0000000000004000 xw
rom              0x0000000000005c00 0x000000000000a380 xr
vectors          0x000000000000ff80 0x0000000000000080
far_rom          0x0000000000010000 0x0000000000035c00
ram2             0x0000000000000000 0x0000000000000000 xw
ram_mirror       0x0000000000000000 0x0000000000000000 xw
signature        0x0000000000000000 0x0000000000000000
usbram           0x0000000000000000 0x0000000000000000 xw
*default*        0x0000000000000000 0xffffffffffffffff

Linker script and memory map

LOAD /usr/local/msp430/lib/gcc/msp430/4.7.0/mcpu-430x/mmpy-16/msr20/mc20/crt0ivtbl64.o
LOAD router-node.co
LOAD obj_exp2420/contiki-exp5438-main.o
LOAD contiki-exp2420.a
LOAD /usr/local/msp430/lib/gcc/msp430/4.7.0/mcpu-430x/mmpy-16/msr20/mc20/libgcc.a
LOAD /usr/local/msp430/lib/gcc/msp430/4.7.0/../../../../msp430/lib/mcpu-430x/mmpy-16/msr20/mc20/libc.a
LOAD /usr/local/msp430/lib/gcc/msp430/4.7.0/mcpu-430x/mmpy-16/msr20/mc20/libgcc.a
LOAD /usr/local/msp430/lib/gcc/msp430/4.7.0/mcpu-430x/mmpy-16/msr20/mc20/libcrt0.a
                0x0000000000000080                PROVIDE (__info_segment_size, 0x80)
                0x0000000000001800                PROVIDE (__infod, 0x1800)
                0x0000000000001880                PROVIDE (__infoc, 0x1880)
                0x0000000000001900                PROVIDE (__infob, 0x1900)
                0x0000000000001980                PROVIDE (__infoa, 0x1980)
                0x0000000000000700                __ADC12CTL0_L = 0x700
                0x0000000000000701                __ADC12CTL0_H = 0x701
                0x0000000000000700                __ADC12CTL0 = 0x700
                0x0000000000000702                __ADC12CTL1_L = 0x702
                0x0000000000000703                __ADC12CTL1_H = 0x703
                0x0000000000000702                __ADC12CTL1 = 0x702
                0x0000000000000704                __ADC12CTL2_L = 0x704
                0x0000000000000705                __ADC12CTL2_H = 0x705
                0x0000000000000704                __ADC12CTL2 = 0x704
                0x000000000000070a                __ADC12IFG_L = 0x70a
                0x000000000000070b                __ADC12IFG_H = 0x70b
                0x000000000000070a                __ADC12IFG = 0x70a
                0x000000000000070c                __ADC12IE_L = 0x70c
                0x000000000000070d                __ADC12IE_H = 0x70d
                0x000000000000070c                __ADC12IE = 0x70c
                0x000000000000070e                __ADC12IV_L = 0x70e
                0x000000000000070f                __ADC12IV_H = 0x70f
                0x000000000000070e                __ADC12IV = 0x70e
                0x0000000000000720                __ADC12MEM0_L = 0x720
                0x0000000000000721                __ADC12MEM0_H = 0x721
                0x0000000000000720                __ADC12MEM0 = 0x720
                0x0000000000000722                __ADC12MEM1_L = 0x722
                0x0000000000000723                __ADC12MEM1_H = 0x723
                0x0000000000000722                __ADC12MEM1 = 0x722
                0x0000000000000724                __ADC12MEM2_L = 0x724
                0x0000000000000725                __ADC12MEM2_H = 0x725
                0x0000000000000724                __ADC12MEM2 = 0x724
                0x0000000000000726                __ADC12MEM3_L = 0x726
                0x0000000000000727                __ADC12MEM3_H = 0x727
                0x0000000000000726                __ADC12MEM3 = 0x726
                0x0000000000000728                __ADC12MEM4_L = 0x728
                0x0000000000000729                __ADC12MEM4_H = 0x729
                0x0000000000000728                __ADC12MEM4 = 0x728
                0x000000000000072a                __ADC12MEM5_L = 0x72a
                0x000000000000072b                __ADC12MEM5_H = 0x72b
                0x000000000000072a                __ADC12MEM5 = 0x72a
                0x000000000000072c                __ADC12MEM6_L = 0x72c
                0x000000000000072d                __ADC12MEM6_H = 0x72d
                0x000000000000072c                __ADC12MEM6 = 0x72c
                0x000000000000072e                __ADC12MEM7_L = 0x72e
                0x000000000000072f                __ADC12MEM7_H = 0x72f
                0x000000000000072e                __ADC12MEM7 = 0x72e
                0x0000000000000730                __ADC12MEM8_L = 0x730
                0x0000000000000731                __ADC12MEM8_H = 0x731
                0x0000000000000730                __ADC12MEM8 = 0x730
                0x0000000000000732                __ADC12MEM9_L = 0x732
                0x0000000000000733                __ADC12MEM9_H = 0x733
                0x0000000000000732                __ADC12MEM9 = 0x732
                0x0000000000000734                __ADC12MEM10_L = 0x734
                0x0000000000000735                __ADC12MEM10_H = 0x735
                0x0000000000000734                __ADC12MEM10 = 0x734
                0x0000000000000736                __ADC12MEM11_L = 0x736
                0x0000000000000737                __ADC12MEM11_H = 0x737
                0x0000000000000736                __ADC12MEM11 = 0x736
                0x0000000000000738                __ADC12MEM12_L = 0x738
                0x0000000000000739                __ADC12MEM12_H = 0x739
                0x0000000000000738                __ADC12MEM12 = 0x738
                0x000000000000073a                __ADC12MEM13_L = 0x73a
                0x000000000000073b                __ADC12MEM13_H = 0x73b
                0x000000000000073a                __ADC12MEM13 = 0x73a
                0x000000000000073c                __ADC12MEM14_L = 0x73c
                0x000000000000073d                __ADC12MEM14_H = 0x73d
                0x000000000000073c                __ADC12MEM14 = 0x73c
                0x000000000000073e                __ADC12MEM15_L = 0x73e
                0x000000000000073f                __ADC12MEM15_H = 0x73f
                0x000000000000073e                __ADC12MEM15 = 0x73e
                0x0000000000000710                __ADC12MCTL0 = 0x710
                0x0000000000000711                __ADC12MCTL1 = 0x711
                0x0000000000000712                __ADC12MCTL2 = 0x712
                0x0000000000000713                __ADC12MCTL3 = 0x713
                0x0000000000000714                __ADC12MCTL4 = 0x714
                0x0000000000000715                __ADC12MCTL5 = 0x715
                0x0000000000000716                __ADC12MCTL6 = 0x716
                0x0000000000000717                __ADC12MCTL7 = 0x717
                0x0000000000000718                __ADC12MCTL8 = 0x718
                0x0000000000000719                __ADC12MCTL9 = 0x719
                0x000000000000071a                __ADC12MCTL10 = 0x71a
                0x000000000000071b                __ADC12MCTL11 = 0x71b
                0x000000000000071c                __ADC12MCTL12 = 0x71c
                0x000000000000071d                __ADC12MCTL13 = 0x71d
                0x000000000000071e                __ADC12MCTL14 = 0x71e
                0x000000000000071f                __ADC12MCTL15 = 0x71f
                0x0000000000000150                __CRCDI_L = 0x150
                0x0000000000000151                __CRCDI_H = 0x151
                0x0000000000000150                __CRCDI = 0x150
                0x0000000000000154                __CRCINIRES_L = 0x154
                0x0000000000000155                __CRCINIRES_H = 0x155
                0x0000000000000154                __CRCINIRES = 0x154
                0x0000000000000500                __DMACTL0_L = 0x500
                0x0000000000000501                __DMACTL0_H = 0x501
                0x0000000000000500                __DMACTL0 = 0x500
                0x0000000000000502                __DMACTL1_L = 0x502
                0x0000000000000503                __DMACTL1_H = 0x503
                0x0000000000000502                __DMACTL1 = 0x502
                0x0000000000000504                __DMACTL2_L = 0x504
                0x0000000000000505                __DMACTL2_H = 0x505
                0x0000000000000504                __DMACTL2 = 0x504
                0x0000000000000506                __DMACTL3_L = 0x506
                0x0000000000000507                __DMACTL3_H = 0x507
                0x0000000000000506                __DMACTL3 = 0x506
                0x0000000000000508                __DMACTL4_L = 0x508
                0x0000000000000509                __DMACTL4_H = 0x509
                0x0000000000000508                __DMACTL4 = 0x508
                0x000000000000050e                __DMAIV_L = 0x50e
                0x000000000000050f                __DMAIV_H = 0x50f
                0x000000000000050e                __DMAIV = 0x50e
                0x0000000000000510                __DMA0CTL_L = 0x510
                0x0000000000000511                __DMA0CTL_H = 0x511
                0x0000000000000510                __DMA0CTL = 0x510
                0x0000000000000512                __DMA0SA = 0x512
                0x0000000000000516                __DMA0DA = 0x516
                0x000000000000051a                __DMA0SZ = 0x51a
                0x0000000000000520                __DMA1CTL_L = 0x520
                0x0000000000000521                __DMA1CTL_H = 0x521
                0x0000000000000520                __DMA1CTL = 0x520
                0x0000000000000522                __DMA1SA = 0x522
                0x0000000000000526                __DMA1DA = 0x526
                0x000000000000052a                __DMA1SZ = 0x52a
                0x0000000000000530                __DMA2CTL_L = 0x530
                0x0000000000000531                __DMA2CTL_H = 0x531
                0x0000000000000530                __DMA2CTL = 0x530
                0x0000000000000532                __DMA2SA = 0x532
                0x0000000000000536                __DMA2DA = 0x536
                0x000000000000053a                __DMA2SZ = 0x53a
                0x0000000000000140                __FCTL1_L = 0x140
                0x0000000000000141                __FCTL1_H = 0x141
                0x0000000000000140                __FCTL1 = 0x140
                0x0000000000000144                __FCTL3_L = 0x144
                0x0000000000000145                __FCTL3_H = 0x145
                0x0000000000000144                __FCTL3 = 0x144
                0x0000000000000146                __FCTL4_L = 0x146
                0x0000000000000147                __FCTL4_H = 0x147
                0x0000000000000146                __FCTL4 = 0x146
                0x00000000000004c0                __MPY_L = 0x4c0
                0x00000000000004c1                __MPY_H = 0x4c1
                0x00000000000004c0                __MPY = 0x4c0
                0x00000000000004c2                __MPYS_L = 0x4c2
                0x00000000000004c3                __MPYS_H = 0x4c3
                0x00000000000004c2                __MPYS = 0x4c2
                0x00000000000004c4                __MAC_L = 0x4c4
                0x00000000000004c5                __MAC_H = 0x4c5
                0x00000000000004c4                __MAC = 0x4c4
                0x00000000000004c6                __MACS_L = 0x4c6
                0x00000000000004c7                __MACS_H = 0x4c7
                0x00000000000004c6                __MACS = 0x4c6
                0x00000000000004c8                __OP2_L = 0x4c8
                0x00000000000004c9                __OP2_H = 0x4c9
                0x00000000000004c8                __OP2 = 0x4c8
                0x00000000000004ca                __RESLO_L = 0x4ca
                0x00000000000004cb                __RESLO_H = 0x4cb
                0x00000000000004ca                __RESLO = 0x4ca
                0x00000000000004cc                __RESHI_L = 0x4cc
                0x00000000000004cd                __RESHI_H = 0x4cd
                0x00000000000004cc                __RESHI = 0x4cc
                0x00000000000004ce                __SUMEXT_L = 0x4ce
                0x00000000000004cf                __SUMEXT_H = 0x4cf
                0x00000000000004ce                __SUMEXT = 0x4ce
                0x00000000000004d0                __MPY32L_L = 0x4d0
                0x00000000000004d1                __MPY32L_H = 0x4d1
                0x00000000000004d0                __MPY32L = 0x4d0
                0x00000000000004d2                __MPY32H_L = 0x4d2
                0x00000000000004d3                __MPY32H_H = 0x4d3
                0x00000000000004d2                __MPY32H = 0x4d2
                0x00000000000004d4                __MPYS32L_L = 0x4d4
                0x00000000000004d5                __MPYS32L_H = 0x4d5
                0x00000000000004d4                __MPYS32L = 0x4d4
                0x00000000000004d6                __MPYS32H_L = 0x4d6
                0x00000000000004d7                __MPYS32H_H = 0x4d7
                0x00000000000004d6                __MPYS32H = 0x4d6
                0x00000000000004d8                __MAC32L_L = 0x4d8
                0x00000000000004d9                __MAC32L_H = 0x4d9
                0x00000000000004d8                __MAC32L = 0x4d8
                0x00000000000004da                __MAC32H_L = 0x4da
                0x00000000000004db                __MAC32H_H = 0x4db
                0x00000000000004da                __MAC32H = 0x4da
                0x00000000000004dc                __MACS32L_L = 0x4dc
                0x00000000000004dd                __MACS32L_H = 0x4dd
                0x00000000000004dc                __MACS32L = 0x4dc
                0x00000000000004de                __MACS32H_L = 0x4de
                0x00000000000004df                __MACS32H_H = 0x4df
                0x00000000000004de                __MACS32H = 0x4de
                0x00000000000004e0                __OP2L_L = 0x4e0
                0x00000000000004e1                __OP2L_H = 0x4e1
                0x00000000000004e0                __OP2L = 0x4e0
                0x00000000000004e2                __OP2H_L = 0x4e2
                0x00000000000004e3                __OP2H_H = 0x4e3
                0x00000000000004e2                __OP2H = 0x4e2
                0x00000000000004e4                __RES0_L = 0x4e4
                0x00000000000004e5                __RES0_H = 0x4e5
                0x00000000000004e4                __RES0 = 0x4e4
                0x00000000000004e6                __RES1_L = 0x4e6
                0x00000000000004e7                __RES1_H = 0x4e7
                0x00000000000004e6                __RES1 = 0x4e6
                0x00000000000004e8                __RES2_L = 0x4e8
                0x00000000000004e9                __RES2_H = 0x4e9
                0x00000000000004e8                __RES2 = 0x4e8
                0x00000000000004ea                __RES3_L = 0x4ea
                0x00000000000004eb                __RES3_H = 0x4eb
                0x00000000000004ea                __RES3 = 0x4ea
                0x00000000000004ec                __MPY32CTL0_L = 0x4ec
                0x00000000000004ed                __MPY32CTL0_H = 0x4ed
                0x00000000000004ec                __MPY32CTL0 = 0x4ec
                0x0000000000000200                __PAIN_L = 0x200
                0x0000000000000201                __PAIN_H = 0x201
                0x0000000000000200                __PAIN = 0x200
                0x0000000000000202                __PAOUT_L = 0x202
                0x0000000000000203                __PAOUT_H = 0x203
                0x0000000000000202                __PAOUT = 0x202
                0x0000000000000204                __PADIR_L = 0x204
                0x0000000000000205                __PADIR_H = 0x205
                0x0000000000000204                __PADIR = 0x204
                0x0000000000000206                __PAREN_L = 0x206
                0x0000000000000207                __PAREN_H = 0x207
                0x0000000000000206                __PAREN = 0x206
                0x0000000000000208                __PADS_L = 0x208
                0x0000000000000209                __PADS_H = 0x209
                0x0000000000000208                __PADS = 0x208
                0x000000000000020a                __PASEL_L = 0x20a
                0x000000000000020b                __PASEL_H = 0x20b
                0x000000000000020a                __PASEL = 0x20a
                0x0000000000000218                __PAIES_L = 0x218
                0x0000000000000219                __PAIES_H = 0x219
                0x0000000000000218                __PAIES = 0x218
                0x000000000000021a                __PAIE_L = 0x21a
                0x000000000000021b                __PAIE_H = 0x21b
                0x000000000000021a                __PAIE = 0x21a
                0x000000000000021c                __PAIFG_L = 0x21c
                0x000000000000021d                __PAIFG_H = 0x21d
                0x000000000000021c                __PAIFG = 0x21c
                0x000000000000020e                __P1IV = 0x20e
                0x000000000000021e                __P2IV = 0x21e
                0x0000000000000220                __PBIN_L = 0x220
                0x0000000000000221                __PBIN_H = 0x221
                0x0000000000000220                __PBIN = 0x220
                0x0000000000000222                __PBOUT_L = 0x222
                0x0000000000000223                __PBOUT_H = 0x223
                0x0000000000000222                __PBOUT = 0x222
                0x0000000000000224                __PBDIR_L = 0x224
                0x0000000000000225                __PBDIR_H = 0x225
                0x0000000000000224                __PBDIR = 0x224
                0x0000000000000226                __PBREN_L = 0x226
                0x0000000000000227                __PBREN_H = 0x227
                0x0000000000000226                __PBREN = 0x226
                0x0000000000000228                __PBDS_L = 0x228
                0x0000000000000229                __PBDS_H = 0x229
                0x0000000000000228                __PBDS = 0x228
                0x000000000000022a                __PBSEL_L = 0x22a
                0x000000000000022b                __PBSEL_H = 0x22b
                0x000000000000022a                __PBSEL = 0x22a
                0x0000000000000240                __PCIN_L = 0x240
                0x0000000000000241                __PCIN_H = 0x241
                0x0000000000000240                __PCIN = 0x240
                0x0000000000000242                __PCOUT_L = 0x242
                0x0000000000000243                __PCOUT_H = 0x243
                0x0000000000000242                __PCOUT = 0x242
                0x0000000000000244                __PCDIR_L = 0x244
                0x0000000000000245                __PCDIR_H = 0x245
                0x0000000000000244                __PCDIR = 0x244
                0x0000000000000246                __PCREN_L = 0x246
                0x0000000000000247                __PCREN_H = 0x247
                0x0000000000000246                __PCREN = 0x246
                0x0000000000000248                __PCDS_L = 0x248
                0x0000000000000249                __PCDS_H = 0x249
                0x0000000000000248                __PCDS = 0x248
                0x000000000000024a                __PCSEL_L = 0x24a
                0x000000000000024b                __PCSEL_H = 0x24b
                0x000000000000024a                __PCSEL = 0x24a
                0x0000000000000260                __PDIN_L = 0x260
                0x0000000000000261                __PDIN_H = 0x261
                0x0000000000000260                __PDIN = 0x260
                0x0000000000000262                __PDOUT_L = 0x262
                0x0000000000000263                __PDOUT_H = 0x263
                0x0000000000000262                __PDOUT = 0x262
                0x0000000000000264                __PDDIR_L = 0x264
                0x0000000000000265                __PDDIR_H = 0x265
                0x0000000000000264                __PDDIR = 0x264
                0x0000000000000266                __PDREN_L = 0x266
                0x0000000000000267                __PDREN_H = 0x267
                0x0000000000000266                __PDREN = 0x266
                0x0000000000000268                __PDDS_L = 0x268
                0x0000000000000269                __PDDS_H = 0x269
                0x0000000000000268                __PDDS = 0x268
                0x000000000000026a                __PDSEL_L = 0x26a
                0x000000000000026b                __PDSEL_H = 0x26b
                0x000000000000026a                __PDSEL = 0x26a
                0x0000000000000280                __PEIN_L = 0x280
                0x0000000000000281                __PEIN_H = 0x281
                0x0000000000000280                __PEIN = 0x280
                0x0000000000000282                __PEOUT_L = 0x282
                0x0000000000000283                __PEOUT_H = 0x283
                0x0000000000000282                __PEOUT = 0x282
                0x0000000000000284                __PEDIR_L = 0x284
                0x0000000000000285                __PEDIR_H = 0x285
                0x0000000000000284                __PEDIR = 0x284
                0x0000000000000286                __PEREN_L = 0x286
                0x0000000000000287                __PEREN_H = 0x287
                0x0000000000000286                __PEREN = 0x286
                0x0000000000000288                __PEDS_L = 0x288
                0x0000000000000289                __PEDS_H = 0x289
                0x0000000000000288                __PEDS = 0x288
                0x000000000000028a                __PESEL_L = 0x28a
                0x000000000000028b                __PESEL_H = 0x28b
                0x000000000000028a                __PESEL = 0x28a
                0x00000000000002a0                __PFIN_L = 0x2a0
                0x00000000000002a1                __PFIN_H = 0x2a1
                0x00000000000002a0                __PFIN = 0x2a0
                0x00000000000002a2                __PFOUT_L = 0x2a2
                0x00000000000002a3                __PFOUT_H = 0x2a3
                0x00000000000002a2                __PFOUT = 0x2a2
                0x00000000000002a4                __PFDIR_L = 0x2a4
                0x00000000000002a5                __PFDIR_H = 0x2a5
                0x00000000000002a4                __PFDIR = 0x2a4
                0x00000000000002a6                __PFREN_L = 0x2a6
                0x00000000000002a7                __PFREN_H = 0x2a7
                0x00000000000002a6                __PFREN = 0x2a6
                0x00000000000002a8                __PFDS_L = 0x2a8
                0x00000000000002a9                __PFDS_H = 0x2a9
                0x00000000000002a8                __PFDS = 0x2a8
                0x00000000000002aa                __PFSEL_L = 0x2aa
                0x00000000000002ab                __PFSEL_H = 0x2ab
                0x00000000000002aa                __PFSEL = 0x2aa
                0x0000000000000320                __PJIN_L = 0x320
                0x0000000000000321                __PJIN_H = 0x321
                0x0000000000000320                __PJIN = 0x320
                0x0000000000000322                __PJOUT_L = 0x322
                0x0000000000000323                __PJOUT_H = 0x323
                0x0000000000000322                __PJOUT = 0x322
                0x0000000000000324                __PJDIR_L = 0x324
                0x0000000000000325                __PJDIR_H = 0x325
                0x0000000000000324                __PJDIR = 0x324
                0x0000000000000326                __PJREN_L = 0x326
                0x0000000000000327                __PJREN_H = 0x327
                0x0000000000000326                __PJREN = 0x326
                0x0000000000000328                __PJDS_L = 0x328
                0x0000000000000329                __PJDS_H = 0x329
                0x0000000000000328                __PJDS = 0x328
                0x0000000000000120                __PMMCTL0_L = 0x120
                0x0000000000000121                __PMMCTL0_H = 0x121
                0x0000000000000120                __PMMCTL0 = 0x120
                0x0000000000000122                __PMMCTL1_L = 0x122
                0x0000000000000123                __PMMCTL1_H = 0x123
                0x0000000000000122                __PMMCTL1 = 0x122
                0x0000000000000124                __SVSMHCTL_L = 0x124
                0x0000000000000125                __SVSMHCTL_H = 0x125
                0x0000000000000124                __SVSMHCTL = 0x124
                0x0000000000000126                __SVSMLCTL_L = 0x126
                0x0000000000000127                __SVSMLCTL_H = 0x127
                0x0000000000000126                __SVSMLCTL = 0x126
                0x0000000000000128                __SVSMIO_L = 0x128
                0x0000000000000129                __SVSMIO_H = 0x129
                0x0000000000000128                __SVSMIO = 0x128
                0x000000000000012c                __PMMIFG_L = 0x12c
                0x000000000000012d                __PMMIFG_H = 0x12d
                0x000000000000012c                __PMMIFG = 0x12c
                0x000000000000012e                __PMMRIE_L = 0x12e
                0x000000000000012f                __PMMRIE_H = 0x12f
                0x000000000000012e                __PMMRIE = 0x12e
                0x0000000000000158                __RCCTL0_L = 0x158
                0x0000000000000159                __RCCTL0_H = 0x159
                0x0000000000000158                __RCCTL0 = 0x158
                0x00000000000004a0                __RTCCTL01_L = 0x4a0
                0x00000000000004a1                __RTCCTL01_H = 0x4a1
                0x00000000000004a0                __RTCCTL01 = 0x4a0
                0x00000000000004a2                __RTCCTL23_L = 0x4a2
                0x00000000000004a3                __RTCCTL23_H = 0x4a3
                0x00000000000004a2                __RTCCTL23 = 0x4a2
                0x00000000000004a8                __RTCPS0CTL_L = 0x4a8
                0x00000000000004a9                __RTCPS0CTL_H = 0x4a9
                0x00000000000004a8                __RTCPS0CTL = 0x4a8
                0x00000000000004aa                __RTCPS1CTL_L = 0x4aa
                0x00000000000004ab                __RTCPS1CTL_H = 0x4ab
                0x00000000000004aa                __RTCPS1CTL = 0x4aa
                0x00000000000004ac                __RTCPS_L = 0x4ac
                0x00000000000004ad                __RTCPS_H = 0x4ad
                0x00000000000004ac                __RTCPS = 0x4ac
                0x00000000000004ae                __RTCIV = 0x4ae
                0x00000000000004b0                __RTCTIM0_L = 0x4b0
                0x00000000000004b1                __RTCTIM0_H = 0x4b1
                0x00000000000004b0                __RTCTIM0 = 0x4b0
                0x00000000000004b2                __RTCTIM1_L = 0x4b2
                0x00000000000004b3                __RTCTIM1_H = 0x4b3
                0x00000000000004b2                __RTCTIM1 = 0x4b2
                0x00000000000004b4                __RTCDATE_L = 0x4b4
                0x00000000000004b5                __RTCDATE_H = 0x4b5
                0x00000000000004b4                __RTCDATE = 0x4b4
                0x00000000000004b6                __RTCYEAR_L = 0x4b6
                0x00000000000004b7                __RTCYEAR_H = 0x4b7
                0x00000000000004b6                __RTCYEAR = 0x4b6
                0x00000000000004b8                __RTCAMINHR_L = 0x4b8
                0x00000000000004b9                __RTCAMINHR_H = 0x4b9
                0x00000000000004b8                __RTCAMINHR = 0x4b8
                0x00000000000004ba                __RTCADOWDAY_L = 0x4ba
                0x00000000000004bb                __RTCADOWDAY_H = 0x4bb
                0x00000000000004ba                __RTCADOWDAY = 0x4ba
                0x0000000000000100                __SFRIE1_L = 0x100
                0x0000000000000101                __SFRIE1_H = 0x101
                0x0000000000000100                __SFRIE1 = 0x100
                0x0000000000000102                __SFRIFG1_L = 0x102
                0x0000000000000103                __SFRIFG1_H = 0x103
                0x0000000000000102                __SFRIFG1 = 0x102
                0x0000000000000104                __SFRRPCR_L = 0x104
                0x0000000000000105                __SFRRPCR_H = 0x105
                0x0000000000000104                __SFRRPCR = 0x104
                0x0000000000000180                __SYSCTL_L = 0x180
                0x0000000000000181                __SYSCTL_H = 0x181
                0x0000000000000180                __SYSCTL = 0x180
                0x0000000000000182                __SYSBSLC_L = 0x182
                0x0000000000000183                __SYSBSLC_H = 0x183
                0x0000000000000182                __SYSBSLC = 0x182
                0x0000000000000186                __SYSJMBC_L = 0x186
                0x0000000000000187                __SYSJMBC_H = 0x187
                0x0000000000000186                __SYSJMBC = 0x186
                0x0000000000000188                __SYSJMBI0_L = 0x188
                0x0000000000000189                __SYSJMBI0_H = 0x189
                0x0000000000000188                __SYSJMBI0 = 0x188
                0x000000000000018a                __SYSJMBI1_L = 0x18a
                0x000000000000018b                __SYSJMBI1_H = 0x18b
                0x000000000000018a                __SYSJMBI1 = 0x18a
                0x000000000000018c                __SYSJMBO0_L = 0x18c
                0x000000000000018d                __SYSJMBO0_H = 0x18d
                0x000000000000018c                __SYSJMBO0 = 0x18c
                0x000000000000018e                __SYSJMBO1_L = 0x18e
                0x000000000000018f                __SYSJMBO1_H = 0x18f
                0x000000000000018e                __SYSJMBO1 = 0x18e
                0x000000000000019a                __SYSUNIV_L = 0x19a
                0x000000000000019b                __SYSUNIV_H = 0x19b
                0x000000000000019a                __SYSUNIV = 0x19a
                0x000000000000019c                __SYSSNIV_L = 0x19c
                0x000000000000019d                __SYSSNIV_H = 0x19d
                0x000000000000019c                __SYSSNIV = 0x19c
                0x000000000000019e                __SYSRSTIV_L = 0x19e
                0x000000000000019f                __SYSRSTIV_H = 0x19f
                0x000000000000019e                __SYSRSTIV = 0x19e
                0x0000000000000340                __TA0CTL = 0x340
                0x0000000000000342                __TA0CCTL0 = 0x342
                0x0000000000000344                __TA0CCTL1 = 0x344
                0x0000000000000346                __TA0CCTL2 = 0x346
                0x0000000000000348                __TA0CCTL3 = 0x348
                0x000000000000034a                __TA0CCTL4 = 0x34a
                0x0000000000000350                __TA0R = 0x350
                0x0000000000000352                __TA0CCR0 = 0x352
                0x0000000000000354                __TA0CCR1 = 0x354
                0x0000000000000356                __TA0CCR2 = 0x356
                0x0000000000000358                __TA0CCR3 = 0x358
                0x000000000000035a                __TA0CCR4 = 0x35a
                0x000000000000036e                __TA0IV = 0x36e
                0x0000000000000360                __TA0EX0 = 0x360
                0x0000000000000380                __TA1CTL = 0x380
                0x0000000000000382                __TA1CCTL0 = 0x382
                0x0000000000000384                __TA1CCTL1 = 0x384
                0x0000000000000386                __TA1CCTL2 = 0x386
                0x0000000000000390                __TA1R = 0x390
                0x0000000000000392                __TA1CCR0 = 0x392
                0x0000000000000394                __TA1CCR1 = 0x394
                0x0000000000000396                __TA1CCR2 = 0x396
                0x00000000000003ae                __TA1IV = 0x3ae
                0x00000000000003a0                __TA1EX0 = 0x3a0
                0x00000000000003c0                __TB0CTL = 0x3c0
                0x00000000000003c2                __TB0CCTL0 = 0x3c2
                0x00000000000003c4                __TB0CCTL1 = 0x3c4
                0x00000000000003c6                __TB0CCTL2 = 0x3c6
                0x00000000000003c8                __TB0CCTL3 = 0x3c8
                0x00000000000003ca                __TB0CCTL4 = 0x3ca
                0x00000000000003cc                __TB0CCTL5 = 0x3cc
                0x00000000000003ce                __TB0CCTL6 = 0x3ce
                0x00000000000003d0                __TB0R = 0x3d0
                0x00000000000003d2                __TB0CCR0 = 0x3d2
                0x00000000000003d4                __TB0CCR1 = 0x3d4
                0x00000000000003d6                __TB0CCR2 = 0x3d6
                0x00000000000003d8                __TB0CCR3 = 0x3d8
                0x00000000000003da                __TB0CCR4 = 0x3da
                0x00000000000003dc                __TB0CCR5 = 0x3dc
                0x00000000000003de                __TB0CCR6 = 0x3de
                0x00000000000003e0                __TB0EX0 = 0x3e0
                0x00000000000003ee                __TB0IV = 0x3ee
                0x0000000000000160                __UCSCTL0_L = 0x160
                0x0000000000000161                __UCSCTL0_H = 0x161
                0x0000000000000160                __UCSCTL0 = 0x160
                0x0000000000000162                __UCSCTL1_L = 0x162
                0x0000000000000163                __UCSCTL1_H = 0x163
                0x0000000000000162                __UCSCTL1 = 0x162
                0x0000000000000164                __UCSCTL2_L = 0x164
                0x0000000000000165                __UCSCTL2_H = 0x165
                0x0000000000000164                __UCSCTL2 = 0x164
                0x0000000000000166                __UCSCTL3_L = 0x166
                0x0000000000000167                __UCSCTL3_H = 0x167
                0x0000000000000166                __UCSCTL3 = 0x166
                0x0000000000000168                __UCSCTL4_L = 0x168
                0x0000000000000169                __UCSCTL4_H = 0x169
                0x0000000000000168                __UCSCTL4 = 0x168
                0x000000000000016a                __UCSCTL5_L = 0x16a
                0x000000000000016b                __UCSCTL5_H = 0x16b
                0x000000000000016a                __UCSCTL5 = 0x16a
                0x000000000000016c                __UCSCTL6_L = 0x16c
                0x000000000000016d                __UCSCTL6_H = 0x16d
                0x000000000000016c                __UCSCTL6 = 0x16c
                0x000000000000016e                __UCSCTL7_L = 0x16e
                0x000000000000016f                __UCSCTL7_H = 0x16f
                0x000000000000016e                __UCSCTL7 = 0x16e
                0x0000000000000170                __UCSCTL8_L = 0x170
                0x0000000000000171                __UCSCTL8_H = 0x171
                0x0000000000000170                __UCSCTL8 = 0x170
                0x00000000000005c0                __UCA0CTLW0_L = 0x5c0
                0x00000000000005c1                __UCA0CTLW0_H = 0x5c1
                0x00000000000005c0                __UCA0CTLW0 = 0x5c0
                0x00000000000005c6                __UCA0BRW_L = 0x5c6
                0x00000000000005c7                __UCA0BRW_H = 0x5c7
                0x00000000000005c6                __UCA0BRW = 0x5c6
                0x00000000000005c8                __UCA0MCTL = 0x5c8
                0x00000000000005ca                __UCA0STAT = 0x5ca
                0x00000000000005cc                __UCA0RXBUF = 0x5cc
                0x00000000000005ce                __UCA0TXBUF = 0x5ce
                0x00000000000005d0                __UCA0ABCTL = 0x5d0
                0x00000000000005d2                __UCA0IRCTL_L = 0x5d2
                0x00000000000005d3                __UCA0IRCTL_H = 0x5d3
                0x00000000000005d2                __UCA0IRCTL = 0x5d2
                0x00000000000005dc                __UCA0ICTL_L = 0x5dc
                0x00000000000005dd                __UCA0ICTL_H = 0x5dd
                0x00000000000005dc                __UCA0ICTL = 0x5dc
                0x00000000000005de                __UCA0IV = 0x5de
                0x00000000000005e0                __UCB0CTLW0_L = 0x5e0
                0x00000000000005e1                __UCB0CTLW0_H = 0x5e1
                0x00000000000005e0                __UCB0CTLW0 = 0x5e0
                0x00000000000005e6                __UCB0BRW_L = 0x5e6
                0x00000000000005e7                __UCB0BRW_H = 0x5e7
                0x00000000000005e6                __UCB0BRW = 0x5e6
                0x00000000000005ea                __UCB0STAT = 0x5ea
                0x00000000000005ec                __UCB0RXBUF = 0x5ec
                0x00000000000005ee                __UCB0TXBUF = 0x5ee
                0x00000000000005f0                __UCB0I2COA_L = 0x5f0
                0x00000000000005f1                __UCB0I2COA_H = 0x5f1
                0x00000000000005f0                __UCB0I2COA = 0x5f0
                0x00000000000005f2                __UCB0I2CSA_L = 0x5f2
                0x00000000000005f3                __UCB0I2CSA_H = 0x5f3
                0x00000000000005f2                __UCB0I2CSA = 0x5f2
                0x00000000000005fc                __UCB0ICTL_L = 0x5fc
                0x00000000000005fd                __UCB0ICTL_H = 0x5fd
                0x00000000000005fc                __UCB0ICTL = 0x5fc
                0x00000000000005fe                __UCB0IV = 0x5fe
                0x0000000000000600                __UCA1CTLW0_L = 0x600
                0x0000000000000601                __UCA1CTLW0_H = 0x601
                0x0000000000000600                __UCA1CTLW0 = 0x600
                0x0000000000000606                __UCA1BRW_L = 0x606
                0x0000000000000607                __UCA1BRW_H = 0x607
                0x0000000000000606                __UCA1BRW = 0x606
                0x0000000000000608                __UCA1MCTL = 0x608
                0x000000000000060a                __UCA1STAT = 0x60a
                0x000000000000060c                __UCA1RXBUF = 0x60c
                0x000000000000060e                __UCA1TXBUF = 0x60e
                0x0000000000000610                __UCA1ABCTL = 0x610
                0x0000000000000612                __UCA1IRCTL_L = 0x612
                0x0000000000000613                __UCA1IRCTL_H = 0x613
                0x0000000000000612                __UCA1IRCTL = 0x612
                0x000000000000061c                __UCA1ICTL_L = 0x61c
                0x000000000000061d                __UCA1ICTL_H = 0x61d
                0x000000000000061c                __UCA1ICTL = 0x61c
                0x000000000000061e                __UCA1IV = 0x61e
                0x0000000000000620                __UCB1CTLW0_L = 0x620
                0x0000000000000621                __UCB1CTLW0_H = 0x621
                0x0000000000000620                __UCB1CTLW0 = 0x620
                0x0000000000000626                __UCB1BRW_L = 0x626
                0x0000000000000627                __UCB1BRW_H = 0x627
                0x0000000000000626                __UCB1BRW = 0x626
                0x000000000000062a                __UCB1STAT = 0x62a
                0x000000000000062c                __UCB1RXBUF = 0x62c
                0x000000000000062e                __UCB1TXBUF = 0x62e
                0x0000000000000630                __UCB1I2COA_L = 0x630
                0x0000000000000631                __UCB1I2COA_H = 0x631
                0x0000000000000630                __UCB1I2COA = 0x630
                0x0000000000000632                __UCB1I2CSA_L = 0x632
                0x0000000000000633                __UCB1I2CSA_H = 0x633
                0x0000000000000632                __UCB1I2CSA = 0x632
                0x000000000000063c                __UCB1ICTL_L = 0x63c
                0x000000000000063d                __UCB1ICTL_H = 0x63d
                0x000000000000063c                __UCB1ICTL = 0x63c
                0x000000000000063e                __UCB1IV = 0x63e
                0x0000000000000640                __UCA2CTLW0_L = 0x640
                0x0000000000000641                __UCA2CTLW0_H = 0x641
                0x0000000000000640                __UCA2CTLW0 = 0x640
                0x0000000000000646                __UCA2BRW_L = 0x646
                0x0000000000000647                __UCA2BRW_H = 0x647
                0x0000000000000646                __UCA2BRW = 0x646
                0x0000000000000648                __UCA2MCTL = 0x648
                0x000000000000064a                __UCA2STAT = 0x64a
                0x000000000000064c                __UCA2RXBUF = 0x64c
                0x000000000000064e                __UCA2TXBUF = 0x64e
                0x0000000000000650                __UCA2ABCTL = 0x650
                0x0000000000000652                __UCA2IRCTL_L = 0x652
                0x0000000000000653                __UCA2IRCTL_H = 0x653
                0x0000000000000652                __UCA2IRCTL = 0x652
                0x000000000000065c                __UCA2ICTL_L = 0x65c
                0x000000000000065d                __UCA2ICTL_H = 0x65d
                0x000000000000065c                __UCA2ICTL = 0x65c
                0x000000000000065e                __UCA2IV = 0x65e
                0x0000000000000660                __UCB2CTLW0_L = 0x660
                0x0000000000000661                __UCB2CTLW0_H = 0x661
                0x0000000000000660                __UCB2CTLW0 = 0x660
                0x0000000000000666                __UCB2BRW_L = 0x666
                0x0000000000000667                __UCB2BRW_H = 0x667
                0x0000000000000666                __UCB2BRW = 0x666
                0x000000000000066a                __UCB2STAT = 0x66a
                0x000000000000066c                __UCB2RXBUF = 0x66c
                0x000000000000066e                __UCB2TXBUF = 0x66e
                0x0000000000000670                __UCB2I2COA_L = 0x670
                0x0000000000000671                __UCB2I2COA_H = 0x671
                0x0000000000000670                __UCB2I2COA = 0x670
                0x0000000000000672                __UCB2I2CSA_L = 0x672
                0x0000000000000673                __UCB2I2CSA_H = 0x673
                0x0000000000000672                __UCB2I2CSA = 0x672
                0x000000000000067c                __UCB2ICTL_L = 0x67c
                0x000000000000067d                __UCB2ICTL_H = 0x67d
                0x000000000000067c                __UCB2ICTL = 0x67c
                0x000000000000067e                __UCB2IV = 0x67e
                0x0000000000000680                __UCA3CTLW0_L = 0x680
                0x0000000000000681                __UCA3CTLW0_H = 0x681
                0x0000000000000680                __UCA3CTLW0 = 0x680
                0x0000000000000686                __UCA3BRW_L = 0x686
                0x0000000000000687                __UCA3BRW_H = 0x687
                0x0000000000000686                __UCA3BRW = 0x686
                0x0000000000000688                __UCA3MCTL = 0x688
                0x000000000000068a                __UCA3STAT = 0x68a
                0x000000000000068c                __UCA3RXBUF = 0x68c
                0x000000000000068e                __UCA3TXBUF = 0x68e
                0x0000000000000690                __UCA3ABCTL = 0x690
                0x0000000000000692                __UCA3IRCTL_L = 0x692
                0x0000000000000693                __UCA3IRCTL_H = 0x693
                0x0000000000000692                __UCA3IRCTL = 0x692
                0x000000000000069c                __UCA3ICTL_L = 0x69c
                0x000000000000069d                __UCA3ICTL_H = 0x69d
                0x000000000000069c                __UCA3ICTL = 0x69c
                0x000000000000069e                __UCA3IV = 0x69e
                0x00000000000006a0                __UCB3CTLW0_L = 0x6a0
                0x00000000000006a1                __UCB3CTLW0_H = 0x6a1
                0x00000000000006a0                __UCB3CTLW0 = 0x6a0
                0x00000000000006a6                __UCB3BRW_L = 0x6a6
                0x00000000000006a7                __UCB3BRW_H = 0x6a7
                0x00000000000006a6                __UCB3BRW = 0x6a6
                0x00000000000006aa                __UCB3STAT = 0x6aa
                0x00000000000006ac                __UCB3RXBUF = 0x6ac
                0x00000000000006ae                __UCB3TXBUF = 0x6ae
                0x00000000000006b0                __UCB3I2COA_L = 0x6b0
                0x00000000000006b1                __UCB3I2COA_H = 0x6b1
                0x00000000000006b0                __UCB3I2COA = 0x6b0
                0x00000000000006b2                __UCB3I2CSA_L = 0x6b2
                0x00000000000006b3                __UCB3I2CSA_H = 0x6b3
                0x00000000000006b2                __UCB3I2CSA = 0x6b2
                0x00000000000006bc                __UCB3ICTL_L = 0x6bc
                0x00000000000006bd                __UCB3ICTL_H = 0x6bd
                0x00000000000006bc                __UCB3ICTL = 0x6bc
                0x00000000000006be                __UCB3IV = 0x6be
                0x000000000000015c                __WDTCTL_L = 0x15c
                0x000000000000015d                __WDTCTL_H = 0x15d
                0x000000000000015c                __WDTCTL = 0x15c

.hash
 *(.hash)

.dynsym
 *(.dynsym)

.dynstr
 *(.dynstr)

.gnu.version
 *(.gnu.version)

.gnu.version_d
 *(.gnu.version_d)

.gnu.version_r
 *(.gnu.version_r)

.rel.init
 *(.rel.init)

.rela.init
 *(.rela.init)

.rel.fini
 *(.rel.fini)

.rela.fini
 *(.rela.fini)

.rel.text
 *(.rel.text .rel.text.* .rel.gnu.linkonce.t.*)

.rela.text
 *(.rela.text .rela.text.* .rela.gnu.linkonce.t.*)

.rel.rodata
 *(.rel.rodata .rel.rodata.* .rel.gnu.linkonce.r.*)

.rela.rodata
 *(.rela.rodata .rela.rodata.* .rela.gnu.linkonce.r.*)

.rel.data
 *(.rel.data .rel.data.* .rel.gnu.linkonce.d.*)

.rela.data
 *(.rela.data .rela.data.* .rela.gnu.linkonce.d.*)

.rel.bss
 *(.rel.bss .rel.bss.* .rel.gnu.linkonce.b.*)

.rela.bss
 *(.rela.bss .rela.bss.* .rela.gnu.linkonce.b.*)

.rel.ctors
 *(.rel.ctors)

.rela.ctors
 *(.rela.ctors)

.rel.dtors
 *(.rel.dtors)

.rela.dtors
 *(.rela.dtors)

.rel.got
 *(.rel.got)

.rela.got
 *(.rela.got)

.rel.plt
 *(.rel.plt)

.rela.plt
 *(.rela.plt)

.text           0x0000000000005c00      0x7f4
                0x0000000000005c00                . = ALIGN (0x2)
 *(.init .init.*)
 *(.init0)
 .init0         0x0000000000005c00        0x0 /usr/local/msp430/lib/gcc/msp430/4.7.0/mcpu-430x/mmpy-16/msr20/mc20/libcrt0.a(_reset_vector__.o)
                0x0000000000005c00                _reset_vector__
 *(.init1)
 .init1         0x0000000000005c00        0xc /usr/local/msp430/lib/gcc/msp430/4.7.0/mcpu-430x/mmpy-16/msr20/mc20/libcrt0.a(__watchdog_support.o)
                0x0000000000005c00                __watchdog_support
 *(.init2)
 .init2         0x0000000000005c0c        0x4 /usr/local/msp430/lib/gcc/msp430/4.7.0/mcpu-430x/mmpy-16/msr20/mc20/libcrt0.a(__init_stack.o)
                0x0000000000005c0c                __init_stack
 *(.init3)
 .init3         0x0000000000005c10        0x0 /usr/local/msp430/lib/gcc/msp430/4.7.0/mcpu-430x/mmpy-16/msr20/mc20/libcrt0.a(__low_level_init.o)
                0x0000000000005c10                __low_level_init
 *(.init4)
 .init4         0x0000000000005c10       0x18 /usr/local/msp430/lib/gcc/msp430/4.7.0/mcpu-430x/mmpy-16/msr20/mc20/libcrt0.a(_copy_data.o)
                0x0000000000005c10                __do_copy_data
 .init4         0x0000000000005c28       0x16 /usr/local/msp430/lib/gcc/msp430/4.7.0/mcpu-430x/mmpy-16/msr20/mc20/libcrt0.a(_clear_bss.o)
                0x0000000000005c28                __do_clear_bss
 *(.init5)
 *(.init6)
 *(.init7)
 *(.init8)
 *(.init9)
 .init9         0x0000000000005c3e      0x42c obj_exp2420/contiki-exp5438-main.o
                0x0000000000005c3e                main
 *(.fini9)
 .fini9         0x000000000000606a        0x0 /usr/local/msp430/lib/gcc/msp430/4.7.0/mcpu-430x/mmpy-16/msr20/mc20/libcrt0.a(__stop_progExec__.o)
                0x000000000000606a                __stop_progExec__
 *(.fini8)
 *(.fini7)
 *(.fini6)
 *(.fini5)
 *(.fini4)
 *(.fini3)
 *(.fini2)
 *(.fini1)
 *(.fini0)
 .fini0         0x000000000000606a        0x6 /usr/local/msp430/lib/gcc/msp430/4.7.0/mcpu-430x/mmpy-16/msr20/mc20/libcrt0.a(_endless_loop__.o)
                0x000000000000606a                _endless_loop__
 *(.fini .fini.*)
                0x0000000000006070                . = ALIGN (0x2)
                0x0000000000006070                __ctors_start = .
 *(.ctors)
                0x0000000000006070                __ctors_end = .
                0x0000000000006070                __dtors_start = .
 *(.dtors)
                0x0000000000006070                __dtors_end = .
                0x0000000000006070                . = ALIGN (0x2)
 *(.text .text.* .gnu.linkonce.t.*)
 .text          0x0000000000006070        0x4 /usr/local/msp430/lib/gcc/msp430/4.7.0/mcpu-430x/mmpy-16/msr20/mc20/crt0ivtbl64.o
                0x0000000000006070                __isr_37
                0x0000000000006070                __isr_51
                0x0000000000006070                __isr_57
                0x0000000000006070                __isr_33
                0x0000000000006070                __isr_32
                0x0000000000006070                __isr_54
                0x0000000000006070                __isr_42
                0x0000000000006070                __isr_59
                0x0000000000006070                __isr_39
                0x0000000000006070                __isr_53
                0x0000000000006070                __isr_41
                0x0000000000006070                __isr_60
                0x0000000000006070                __isr_36
                0x0000000000006070                __isr_34
                0x0000000000006070                __isr_44
                0x0000000000006070                __isr_61
                0x0000000000006070                __isr_55
                0x0000000000006070                __isr_43
                0x0000000000006070                __isr_50
                0x0000000000006070                __isr_56
                0x0000000000006070                __isr_38
                0x0000000000006070                __isr_35
                0x0000000000006070                __isr_45
                0x0000000000006070                __isr_62
                0x0000000000006070                __isr_52
                0x0000000000006070                __isr_40
 .text.libgcc   0x0000000000006074       0x22 /usr/local/msp430/lib/gcc/msp430/4.7.0/mcpu-430x/mmpy-16/msr20/mc20/libgcc.a(_udivmod16.o)
                0x0000000000006074                __udivhi3
                0x0000000000006074                __ext_udivmod16
                0x000000000000608e                __umodhi3
 .text.libgcc   0x0000000000006096       0x3a /usr/local/msp430/lib/gcc/msp430/4.7.0/mcpu-430x/mmpy-16/msr20/mc20/libgcc.a(_divmod16.o)
                0x0000000000006096                __ext_divmod16
                0x0000000000006096                __divhi3
                0x00000000000060c8                __modhi3
 .text.libgcc   0x00000000000060d0       0x38 /usr/local/msp430/lib/gcc/msp430/4.7.0/mcpu-430x/mmpy-16/msr20/mc20/libgcc.a(_udivmod32.o)
                0x00000000000060d0                __udivsi3
                0x00000000000060d0                __ext_udivmod32
                0x00000000000060fe                __umodsi3
 .text.libgcc   0x0000000000006108       0x26 /usr/local/msp430/lib/gcc/msp430/4.7.0/mcpu-430x/mmpy-16/msr20/mc20/libgcc.a(_mulsi3.o)
                0x0000000000006108                __mulsi3
 .text.libgcc   0x000000000000612e       0xbc /usr/local/msp430/lib/gcc/msp430/4.7.0/mcpu-430x/mmpy-16/msr20/mc20/libgcc.a(_udivmod64.o)
                0x000000000000612e                __xabi_udivmod64
                0x0000000000006180                __udivdi3
                0x000000000000619a                __umoddi3
                0x00000000000061bc                __udivmoddi4
 .text.crt0     0x00000000000061ea        0x2 /usr/local/msp430/lib/gcc/msp430/4.7.0/mcpu-430x/mmpy-16/msr20/mc20/libcrt0.a(_unexpected_.o)
                0x00000000000061ea                _unexpected_
 *(.near.text .near.text.*)
 .near.text.cc24240_fifop_interrupt
                0x00000000000061ec       0x58 contiki-exp2420.a(cc2420-arch.o)
                0x00000000000061ec                __isr_47
                0x00000000000061ec                cc24240_fifop_interrupt
 .near.text.watchdog_interrupt
                0x0000000000006244        0x6 contiki-exp2420.a(watchdog.o)
                0x0000000000006244                watchdog_interrupt
                0x0000000000006244                __isr_58
 .near.text.timera0
                0x000000000000624a       0x5c contiki-exp2420.a(rtimer-arch.o)
                0x000000000000624a                __isr_49
                0x000000000000624a                timera0
 .near.text.uart1_rx_interrupt
                0x00000000000062a6       0x6c contiki-exp2420.a(uart1x.o)
                0x00000000000062a6                __isr_46
                0x00000000000062a6                uart1_rx_interrupt
 .near.text.timera1
                0x0000000000006312       0xe2 contiki-exp2420.a(clock.o)
                0x0000000000006312                __isr_48
                0x0000000000006312                timera1

.rodata         0x00000000000063f4      0x42b
                0x00000000000063f4                . = ALIGN (0x2)
 *(.rodata .rodata.* .gnu.linkonce.r.*)
 .rodata.autostart_processes
                0x00000000000063f4        0x4 router-node.co
                0x00000000000063f4                autostart_processes
 .rodata        0x00000000000063f8        0xc router-node.co
 .rodata        0x0000000000006404       0xe9 obj_exp2420/contiki-exp5438-main.o
 *fill*         0x00000000000064ed        0x1 00
 .rodata.rimeaddr_null
                0x00000000000064ee        0x8 contiki-exp2420.a(rimeaddr.o)
                0x00000000000064ee                rimeaddr_null
 .rodata        0x00000000000064f6        0x5 contiki-exp2420.a(csma.o)
 *fill*         0x00000000000064fb        0x1 00
 .rodata.csma_driver
                0x00000000000064fc       0x1a contiki-exp2420.a(csma.o)
                0x00000000000064fc                csma_driver
 .rodata        0x0000000000006516        0xc contiki-exp2420.a(etimer.o)
 .rodata        0x0000000000006522        0xf contiki-exp2420.a(ctimer.o)
 .rodata.input  0x0000000000006531       0x1f contiki-exp2420.a(sicslowpan.o)
 .rodata        0x0000000000006550        0xb contiki-exp2420.a(sicslowpan.o)
 *fill*         0x000000000000655b        0x1 00
 .rodata.sicslowpan_driver
                0x000000000000655c        0xa contiki-exp2420.a(sicslowpan.o)
                0x000000000000655c                sicslowpan_driver
 .rodata.llprefix
                0x0000000000006566        0x2 contiki-exp2420.a(sicslowpan.o)
                0x0000000000006566                llprefix
 .rodata.unc_mxconf
                0x0000000000006568        0x4 contiki-exp2420.a(sicslowpan.o)
                0x0000000000006568                unc_mxconf
 .rodata.unc_ctxconf
                0x000000000000656c        0x4 contiki-exp2420.a(sicslowpan.o)
                0x000000000000656c                unc_ctxconf
 .rodata.unc_llconf
                0x0000000000006570        0x4 contiki-exp2420.a(sicslowpan.o)
                0x0000000000006570                unc_llconf
 .rodata.ttl_values
                0x0000000000006574        0x4 contiki-exp2420.a(sicslowpan.o)
 .rodata        0x0000000000006578        0xd contiki-exp2420.a(tcpip.o)
 *fill*         0x0000000000006585        0x3 00
 .rodata.uip_process
                0x0000000000006588       0x40 contiki-exp2420.a(uip6.o)
 .rodata.netstack_aes_encrypt
                0x00000000000065c8       0x25 contiki-exp2420.a(netstack-aes.o)
 .rodata.netstack_aes_decrypt
                0x00000000000065ed       0x25 contiki-exp2420.a(netstack-aes.o)
 .rodata.netstack_aes_init
                0x0000000000006612       0x2b contiki-exp2420.a(netstack-aes.o)
 .rodata.send_packet.isra.5.part.6
                0x000000000000663d       0x22 contiki-exp2420.a(drowsie.o)
 .rodata        0x000000000000665f        0x8 contiki-exp2420.a(drowsie.o)
 *fill*         0x0000000000006667        0x1 00
 .rodata.drowsie_driver
                0x0000000000006668       0x1e contiki-exp2420.a(drowsie.o)
                0x0000000000006668                drowsie_driver
 .rodata.ip64_null_driver
                0x0000000000006686        0x8 contiki-exp2420.a(ip64-null-drive)
                0x0000000000006686                ip64_null_driver
 .rodata.simple_rpl_init
                0x000000000000668e       0x11 contiki-exp2420.a(simple-rpl.o)
 *fill*         0x000000000000669f        0x1 00
 .rodata.cc2420_driver
                0x00000000000066a0       0x2c contiki-exp2420.a(cc2420.o)
                0x00000000000066a0                cc2420_driver
 .rodata        0x00000000000066cc        0xe contiki-exp2420.a(cc2420.o)
 .rodata        0x00000000000066da       0x14 contiki-exp2420.a(duty-cycle-scro)
 .rodata.framer_802154
                0x00000000000066ee        0x8 contiki-exp2420.a(framer-802154.o)
                0x00000000000066ee                framer_802154
 .rodata.uip_debug_ipaddr_print
                0x00000000000066f6       0x15 contiki-exp2420.a(uip-debug.o)
 .rodata.CSWTCH.5
                0x000000000000670b        0x2 contiki-exp2420.a(frame802154.o)
 .rodata.sbox   0x000000000000670d      0x100 contiki-exp2420.a(aes.o)
 .rodata.Rcon   0x000000000000680d        0xb contiki-exp2420.a(aes.o)
 .rodata.vuprintf
                0x0000000000006818        0x7 /usr/local/msp430/lib/gcc/msp430/4.7.0/../../../../msp430/lib/mcpu-430x/mmpy-16/msr20/mc20/libc.a(vuprintf.o)
 *(.near.rodata .near.rodata.*)
                0x0000000000006820                . = ALIGN (0x2)
                0x0000000000006820                _etext = .

.data           0x0000000000001c00       0xd6 load address 0x0000000000006820
                0x0000000000001c00                . = ALIGN (0x2)
                0x0000000000001c00                __data_start = .
 *(.data .data.* .gnu.linkonce.d.*)
 .data.router_node_process
                0x0000000000001c00        0xc router-node.co
                0x0000000000001c00                router_node_process
 .data.neighbor_memb
                0x0000000000001c0c        0x8 contiki-exp2420.a(csma.o)
 .data.packet_memb
                0x0000000000001c14        0x8 contiki-exp2420.a(csma.o)
 .data.metadata_memb
                0x0000000000001c1c        0x8 contiki-exp2420.a(csma.o)
 .data.etimer_process
                0x0000000000001c24        0xc contiki-exp2420.a(etimer.o)
                0x0000000000001c24                etimer_process
 .data.ctimer_process
                0x0000000000001c30        0xc contiki-exp2420.a(ctimer.o)
                0x0000000000001c30                ctimer_process
 .data.buframmem
                0x0000000000001c3c        0x8 contiki-exp2420.a(queuebuf.o)
 .data.bufmem   0x0000000000001c44        0x8 contiki-exp2420.a(queuebuf.o)
 .data.refbufmem
                0x0000000000001c4c        0x8 contiki-exp2420.a(queuebuf.o)
 .data.tcpip_process
                0x0000000000001c54        0xc contiki-exp2420.a(tcpip.o)
                0x0000000000001c54                tcpip_process
 .data.routememb
                0x0000000000001c60        0x8 contiki-exp2420.a(uip-ds6-route.o)
 .data.defaultroutermemb
                0x0000000000001c68        0x8 contiki-exp2420.a(uip-ds6-route.o)
 .data.nbr_routes_struct
                0x0000000000001c70        0xa contiki-exp2420.a(uip-ds6-route.o)
 .data.ds6_neighbors
                0x0000000000001c7a        0x2 contiki-exp2420.a(uip-ds6-nbr.o)
                0x0000000000001c7a                ds6_neighbors
 .data.ds6_neighbors_struct
                0x0000000000001c7c        0xa contiki-exp2420.a(uip-ds6-nbr.o)
 .data.active   0x0000000000001c86        0x1 contiki-exp2420.a(netstack-aes.o)
 *fill*         0x0000000000001c87        0x1 00
 .data.cc2420_process
                0x0000000000001c88        0xc contiki-exp2420.a(cc2420.o)
                0x0000000000001c88                cc2420_process
 .data.cur_break
                0x0000000000001c94        0x2 contiki-exp2420.a(msp430.o)
 .data.magic_id
                0x0000000000001c96        0x2 contiki-exp2420.a(node-id.o)
                0x0000000000001c96                magic_id
 .data.duty_cycle_scroller_process
                0x0000000000001c98        0xc contiki-exp2420.a(duty-cycle-scro)
                0x0000000000001c98                duty_cycle_scroller_process
 .data.rpl_parents_struct
                0x0000000000001ca4        0xa contiki-exp2420.a(rpl-dag.o)
 .data.dao_sequence
                0x0000000000001cae        0x1 contiki-exp2420.a(rpl-icmp6.o)
 *fill*         0x0000000000001caf        0x1 00
 .data.rpl_mrhof
                0x0000000000001cb0       0x1a contiki-exp2420.a(rpl-mrhof.o)
                0x0000000000001cb0                rpl_mrhof
 .data.neighbor_addr_mem
                0x0000000000001cca        0x8 contiki-exp2420.a(nbr-table.o)
 .data.next     0x0000000000001cd2        0x4 /usr/local/msp430/lib/gcc/msp430/4.7.0/../../../../msp430/lib/mcpu-430x/mmpy-16/msr20/mc20/libc.a(rand.o)
 *(.near.data .near.data.*)
                0x0000000000001cd6                . = ALIGN (0x2)
                0x0000000000001cd6                _edata = .
                0x0000000000006820                __data_load_start = LOADADDR (.data)
                0x00000000000000d6                __data_size = SIZEOF (.data)

.bss            0x0000000000001cd6     0x142e load address 0x00000000000068f6
                0x0000000000001cd6                __bss_start = .
 *(.bss .bss.*)
 .bss.irq_energest.4480
                0x0000000000001cd6        0x4 obj_exp2420/contiki-exp5438-main.o
 .bss.seqno.2858
                0x0000000000001cda        0x2 contiki-exp2420.a(csma.o)
 .bss.neighbor_list_list
                0x0000000000001cdc        0x2 contiki-exp2420.a(csma.o)
 .bss.neighbor_memb_memb_count
                0x0000000000001cde        0x2 contiki-exp2420.a(csma.o)
 .bss.neighbor_memb_memb_mem
                0x0000000000001ce0       0x50 contiki-exp2420.a(csma.o)
 .bss.packet_memb_memb_count
                0x0000000000001d30        0x4 contiki-exp2420.a(csma.o)
 .bss.packet_memb_memb_mem
                0x0000000000001d34       0x18 contiki-exp2420.a(csma.o)
 .bss.metadata_memb_memb_count
                0x0000000000001d4c        0x4 contiki-exp2420.a(csma.o)
 .bss.metadata_memb_memb_mem
                0x0000000000001d50       0x20 contiki-exp2420.a(csma.o)
 .bss.poll_requested
                0x0000000000001d70        0x1 contiki-exp2420.a(process.o)
 *fill*         0x0000000000001d71        0x1 00
 .bss.process_current
                0x0000000000001d72        0x2 contiki-exp2420.a(process.o)
                0x0000000000001d72                process_current
 .bss.process_list
                0x0000000000001d74        0x2 contiki-exp2420.a(process.o)
                0x0000000000001d74                process_list
 .bss.lastevent
                0x0000000000001d76        0x1 contiki-exp2420.a(process.o)
 .bss.fevent    0x0000000000001d77        0x1 contiki-exp2420.a(process.o)
 .bss.nevents   0x0000000000001d78        0x1 contiki-exp2420.a(process.o)
 *fill*         0x0000000000001d79        0x1 00
 .bss.events    0x0000000000001d7a       0x30 contiki-exp2420.a(process.o)
 .bss.ev.2461   0x0000000000001daa        0x1 contiki-exp2420.a(process.o)
 *fill*         0x0000000000001dab        0x1 00
 .bss.data.2462
                0x0000000000001dac        0x2 contiki-exp2420.a(process.o)
 .bss.receiver.2463
                0x0000000000001dae        0x2 contiki-exp2420.a(process.o)
 .bss.p.2464    0x0000000000001db0        0x2 contiki-exp2420.a(process.o)
 .bss.snum.2479
                0x0000000000001db2        0x1 contiki-exp2420.a(process.o)
 *fill*         0x0000000000001db3        0x1 00
 .bss.timerlist
                0x0000000000001db4        0x2 contiki-exp2420.a(etimer.o)
 .bss.next_expiration
                0x0000000000001db6        0x4 contiki-exp2420.a(etimer.o)
 .bss.initialized
                0x0000000000001dba        0x1 contiki-exp2420.a(ctimer.o)
 *fill*         0x0000000000001dbb        0x1 00
 .bss.ctimer_list_list
                0x0000000000001dbc        0x2 contiki-exp2420.a(ctimer.o)
 .bss.next_rtimer
                0x0000000000001dbe        0x2 contiki-exp2420.a(rtimer.o)
 .bss.bufptr    0x0000000000001dc0        0x2 contiki-exp2420.a(packetbuf.o)
 .bss.buflen    0x0000000000001dc2        0x2 contiki-exp2420.a(packetbuf.o)
 .bss.hdrptr    0x0000000000001dc4        0x1 contiki-exp2420.a(packetbuf.o)
 *fill*         0x0000000000001dc5        0x1 00
 .bss.packetbufptr
                0x0000000000001dc6        0x2 contiki-exp2420.a(packetbuf.o)
 .bss.packetbuf_aligned
                0x0000000000001dc8       0xb2 contiki-exp2420.a(packetbuf.o)
 .bss.buframmem_memb_count
                0x0000000000001e7a        0x4 contiki-exp2420.a(queuebuf.o)
 .bss.buframmem_memb_mem
                0x0000000000001e7e      0x348 contiki-exp2420.a(queuebuf.o)
 .bss.bufmem_memb_count
                0x00000000000021c6        0x4 contiki-exp2420.a(queuebuf.o)
 .bss.bufmem_memb_mem
                0x00000000000021ca        0x8 contiki-exp2420.a(queuebuf.o)
 .bss.refbufmem_memb_count
                0x00000000000021d2        0x2 contiki-exp2420.a(queuebuf.o)
 .bss.refbufmem_memb_mem
                0x00000000000021d4       0x6c contiki-exp2420.a(queuebuf.o)
 .bss.callback  0x0000000000002240        0x2 contiki-exp2420.a(sicslowpan.o)
 .bss.addr_contexts
                0x0000000000002242       0x14 contiki-exp2420.a(sicslowpan.o)
 .bss.uncomp_hdr_len
                0x0000000000002256        0x1 contiki-exp2420.a(sicslowpan.o)
 .bss.rime_hdr_len
                0x0000000000002257        0x1 contiki-exp2420.a(sicslowpan.o)
 .bss.rime_ptr  0x0000000000002258        0x2 contiki-exp2420.a(sicslowpan.o)
 .bss.my_tag    0x000000000000225a        0x2 contiki-exp2420.a(sicslowpan.o)
 .bss.rime_payload_len
                0x000000000000225c        0x1 contiki-exp2420.a(sicslowpan.o)
 *fill*         0x000000000000225d        0x1 00
 .bss.last_tx_status
                0x000000000000225e        0x2 contiki-exp2420.a(sicslowpan.o)
 .bss.hc06_ptr  0x0000000000002260        0x2 contiki-exp2420.a(sicslowpan.o)
 .bss.context   0x0000000000002262        0x2 contiki-exp2420.a(sicslowpan.o)
 .bss.reass_timer
                0x0000000000002264        0x8 contiki-exp2420.a(sicslowpan.o)
 .bss.sicslowpan_len
                0x000000000000226c        0x2 contiki-exp2420.a(sicslowpan.o)
 .bss.processed_ip_in_len
                0x000000000000226e        0x2 contiki-exp2420.a(sicslowpan.o)
 .bss.reass_tag
                0x0000000000002270        0x2 contiki-exp2420.a(sicslowpan.o)
 .bss.sicslowpan_aligned_buf
                0x0000000000002272      0x118 contiki-exp2420.a(sicslowpan.o)
 .bss.outputfunc
                0x000000000000238a        0x4 contiki-exp2420.a(tcpip.o)
 .bss.i.4803    0x000000000000238e        0x1 contiki-exp2420.a(tcpip.o)
 *fill*         0x000000000000238f        0x1 00
 .bss.s         0x0000000000002390       0x22 contiki-exp2420.a(tcpip.o)
 .bss.periodic  0x00000000000023b2        0xc contiki-exp2420.a(tcpip.o)
 .bss.i.4747    0x00000000000023be        0x1 contiki-exp2420.a(tcpip.o)
 .bss.i.4791    0x00000000000023bf        0x1 contiki-exp2420.a(tcpip.o)
 .bss.notificationlist_list
                0x00000000000023c0        0x2 contiki-exp2420.a(uip-ds6-route.o)
 .bss.defaultrouterlist_list
                0x00000000000023c2        0x2 contiki-exp2420.a(uip-ds6-route.o)
 .bss.num_routes
                0x00000000000023c4        0x2 contiki-exp2420.a(uip-ds6-route.o)
 .bss.routememb_memb_count
                0x00000000000023c6       0x14 contiki-exp2420.a(uip-ds6-route.o)
 .bss.routememb_memb_mem
                0x00000000000023da      0x258 contiki-exp2420.a(uip-ds6-route.o)
 .bss.defaultroutermemb_memb_count
                0x0000000000002632        0x2 contiki-exp2420.a(uip-ds6-route.o)
 .bss.defaultroutermemb_memb_mem
                0x0000000000002634       0x38 contiki-exp2420.a(uip-ds6-route.o)
 .bss._nbr_routes_mem
                0x000000000000266c       0x10 contiki-exp2420.a(uip-ds6-route.o)
 .bss._ds6_neighbors_mem
                0x000000000000267c       0x90 contiki-exp2420.a(uip-ds6-nbr.o)
 .bss.loc_fipaddr
                0x000000000000270c       0x10 contiki-exp2420.a(uip-ds6.o)
 .bss.locaddr   0x000000000000271c        0x2 contiki-exp2420.a(uip-ds6.o)
 .bss.locprefix
                0x000000000000271e        0x2 contiki-exp2420.a(uip-ds6.o)
 .bss.locmaddr  0x0000000000002720        0x2 contiki-exp2420.a(uip-ds6.o)
 .bss.nd6_opt_llao
                0x0000000000002722        0x2 contiki-exp2420.a(uip-nd6.o)
 .bss.nd6_opt_offset
                0x0000000000002724        0x1 contiki-exp2420.a(uip-nd6.o)
 *fill*         0x0000000000002725        0x1 00
 .bss.nbr       0x0000000000002726        0x2 contiki-exp2420.a(uip-nd6.o)
 .bss.addr      0x0000000000002728        0x2 contiki-exp2420.a(uip-nd6.o)
 .bss.defrt     0x000000000000272a        0x2 contiki-exp2420.a(uip-nd6.o)
 .bss.uip_ext_opt_offset
                0x000000000000272c        0x1 contiki-exp2420.a(uip6.o)
                0x000000000000272c                uip_ext_opt_offset
 .bss.uip_ext_len
                0x000000000000272d        0x1 contiki-exp2420.a(uip6.o)
                0x000000000000272d                uip_ext_len
 .bss.uip_ext_bitmap
                0x000000000000272e        0x1 contiki-exp2420.a(uip6.o)
                0x000000000000272e                uip_ext_bitmap
 .bss.c         0x000000000000272f        0x1 contiki-exp2420.a(uip6.o)
 .bss.lastport  0x0000000000002730        0x2 contiki-exp2420.a(uip6.o)
 .bss.iss       0x0000000000002732        0x4 contiki-exp2420.a(uip6.o)
 .bss.tmp16     0x0000000000002736        0x2 contiki-exp2420.a(uip6.o)
 .bss.opt       0x0000000000002738        0x1 contiki-exp2420.a(uip6.o)
 .bss.key_set   0x0000000000002739        0x1 contiki-exp2420.a(netstack-aes.o)
 .bss.key       0x000000000000273a       0x10 contiki-exp2420.a(netstack-aes.o)
 .bss.payload_tmp
                0x000000000000274a       0x84 contiki-exp2420.a(netstack-aes.o)
 .bss.radio_is_on
                0x00000000000027ce        0x1 contiki-exp2420.a(drowsie.o)
 .bss.we_are_sending
                0x00000000000027cf        0x1 contiki-exp2420.a(drowsie.o)
 .bss.drowsie_keep_radio_on
                0x00000000000027d0        0x1 contiki-exp2420.a(drowsie.o)
 .bss.drowsie_is_on
                0x00000000000027d1        0x1 contiki-exp2420.a(drowsie.o)
 .bss.drowsie_ctimer
                0x00000000000027d2       0x16 contiki-exp2420.a(drowsie.o)
 .bss.pt        0x00000000000027e8        0x2 contiki-exp2420.a(drowsie.o)
 .bss.we_are_receiving_burst
                0x00000000000027ea        0x2 contiki-exp2420.a(drowsie.o)
 .bss.ct.3679   0x00000000000027ec       0x16 contiki-exp2420.a(drowsie.o)
 .bss.received_seqnos
                0x0000000000002802       0xa0 contiki-exp2420.a(drowsie.o)
 .bss.ipv4_broadcast_addr
                0x00000000000028a2        0x4 contiki-exp2420.a(ip64.o)
 .bss.ip64_hostaddr_configured
                0x00000000000028a6        0x1 contiki-exp2420.a(ip64.o)
 *fill*         0x00000000000028a7        0x1 00
 .bss.ipv6_local_address
                0x00000000000028a8       0x10 contiki-exp2420.a(ip64.o)
 .bss.ipv6_local_address_configured
                0x00000000000028b8        0x1 contiki-exp2420.a(ip64.o)
 .bss.to_become_root
                0x00000000000028b9        0x1 contiki-exp2420.a(simple-rpl.o)
 .bss.n         0x00000000000028ba        0x6 contiki-exp2420.a(simple-rpl.o)
 .bss.c         0x00000000000028c0       0x16 contiki-exp2420.a(simple-rpl.o)
 .bss.ipaddr.4679
                0x00000000000028d6       0x10 contiki-exp2420.a(simple-rpl.o)
 .bss.last_packet_timestamp
                0x00000000000028e6        0x2 contiki-exp2420.a(cc2420.o)
 .bss.pending   0x00000000000028e8        0x1 contiki-exp2420.a(cc2420.o)
 *fill*         0x00000000000028e9        0x1 00
 .bss.pan       0x00000000000028ea        0x2 contiki-exp2420.a(cc2420.o)
 .bss.addr      0x00000000000028ec        0x2 contiki-exp2420.a(cc2420.o)
 .bss.channel   0x00000000000028ee        0x2 contiki-exp2420.a(cc2420.o)
 .bss.receive_on
                0x00000000000028f0        0x1 contiki-exp2420.a(cc2420.o)
 .bss.locked    0x00000000000028f1        0x1 contiki-exp2420.a(cc2420.o)
 .bss.lock_off  0x00000000000028f2        0x1 contiki-exp2420.a(cc2420.o)
 .bss.lock_on   0x00000000000028f3        0x1 contiki-exp2420.a(cc2420.o)
 .bss.completely_off
                0x00000000000028f4        0x1 contiki-exp2420.a(cc2420.o)
 .bss.debug_frame.2539
                0x00000000000028f5        0x1 contiki-exp2420.a(slip_uart1.o)
 .bss.dco_speed
                0x00000000000028f6        0x4 contiki-exp2420.a(msp430.o)
 .bss.invert    0x00000000000028fa        0x1 contiki-exp2420.a(leds.o)
 .bss.leds      0x00000000000028fb        0x1 contiki-exp2420.a(leds.o)
 .bss.counter   0x00000000000028fc        0x2 contiki-exp2420.a(watchdog.o)
 .bss.node_id   0x00000000000028fe        0x2 contiki-exp2420.a(node-id.o)
                0x00000000000028fe                node_id
 .bss.transmitting
                0x0000000000002900        0x1 contiki-exp2420.a(uart1x.o)
 *fill*         0x0000000000002901        0x1 00
 .bss.uart1_input_handler
                0x0000000000002902        0x4 contiki-exp2420.a(uart1x.o)
 .bss.interval  0x0000000000002906        0x4 contiki-exp2420.a(duty-cycle-scro)
 .bss.interval_timer.2533
                0x000000000000290a        0xc contiki-exp2420.a(duty-cycle-scro)
 .bss.last_cpu.2535
                0x0000000000002916        0x4 contiki-exp2420.a(duty-cycle-scro)
 .bss.last_lpm.2536
                0x000000000000291a        0x4 contiki-exp2420.a(duty-cycle-scro)
 .bss.last_transmit.2537
                0x000000000000291e        0x4 contiki-exp2420.a(duty-cycle-scro)
 .bss.last_listen.2538
                0x0000000000002922        0x4 contiki-exp2420.a(duty-cycle-scro)
 .bss.count     0x0000000000002926        0x4 contiki-exp2420.a(clock.o)
 .bss.seconds   0x000000000000292a        0x4 contiki-exp2420.a(clock.o)
 .bss.last_tar  0x000000000000292e        0x2 contiki-exp2420.a(clock.o)
 .bss.initialized
                0x0000000000002930        0x1 contiki-exp2420.a(framer-802154.o)
 .bss.mac_dsn   0x0000000000002931        0x1 contiki-exp2420.a(framer-802154.o)
 .bss.mode      0x0000000000002932        0x2 contiki-exp2420.a(rpl.o)
 .bss._rpl_parents_mem
                0x0000000000002934       0x28 contiki-exp2420.a(rpl-dag.o)
 .bss.next_dis  0x000000000000295c        0x2 contiki-exp2420.a(rpl-timers.o)
 .bss.periodic_timer
                0x000000000000295e       0x16 contiki-exp2420.a(rpl-timers.o)
 .bss.dio_send_ok
                0x0000000000002974        0x1 contiki-exp2420.a(rpl-timers.o)
 *fill*         0x0000000000002975        0x1 00
 .bss.num_tables
                0x0000000000002976        0x2 contiki-exp2420.a(nbr-table.o)
 .bss.all_tables
                0x0000000000002978       0x10 contiki-exp2420.a(nbr-table.o)
 .bss.used_map  0x0000000000002988        0x4 contiki-exp2420.a(nbr-table.o)
 .bss.nbr_table_keys_list
                0x000000000000298c        0x2 contiki-exp2420.a(nbr-table.o)
 .bss.locked_map
                0x000000000000298e        0x4 contiki-exp2420.a(nbr-table.o)
 .bss.neighbor_addr_mem_memb_count
                0x0000000000002992        0x4 contiki-exp2420.a(nbr-table.o)
 .bss.neighbor_addr_mem_memb_mem
                0x0000000000002996       0x28 contiki-exp2420.a(nbr-table.o)
 .bss.tmp_ipaddr
                0x00000000000029be       0x10 contiki-exp2420.a(uip-icmp6.o)
 .bss.echo_reply_callback_list_list
                0x00000000000029ce        0x2 contiki-exp2420.a(uip-icmp6.o)
 .bss.cbcmac_xor
                0x00000000000029d0       0x10 contiki-exp2420.a(aes-ccm.o)
 .bss.expandedKey
                0x00000000000029e0       0xb0 contiki-exp2420.a(aes.o)
 *(.near.bss .near.bss.*)
 *(COMMON)
 COMMON         0x0000000000002a90        0x8 contiki-exp2420.a(rimeaddr.o)
                0x0000000000002a90                rimeaddr_node_addr
 COMMON         0x0000000000002a98        0x1 contiki-exp2420.a(process.o)
                0x0000000000002a98                process_maxevents
 *fill*         0x0000000000002a99        0x1 00
 COMMON         0x0000000000002a9a       0x56 contiki-exp2420.a(energest.o)
                0x0000000000002a9a                energest_total_time
                0x0000000000002aca                energest_total_count
                0x0000000000002acc                energest_current_mode
                0x0000000000002ad8                energest_current_time
 COMMON         0x0000000000002af0       0x50 contiki-exp2420.a(packetbuf.o)
                0x0000000000002af0                packetbuf_addrs
                0x0000000000002b10                packetbuf_attrs
 COMMON         0x0000000000002b40        0x8 contiki-exp2420.a(sicslowpan.o)
                0x0000000000002b40                frag_sender
 COMMON         0x0000000000002b48        0x1 contiki-exp2420.a(tcpip.o)
                0x0000000000002b48                tcpip_event
 *fill*         0x0000000000002b49        0x1 00
 COMMON         0x0000000000002b4a      0x15c contiki-exp2420.a(uip-ds6.o)
                0x0000000000002b4a                uip_ds6_timer_ra
                0x0000000000002b52                uip_ds6_if
                0x0000000000002c3e                uip_ds6_netif_addr_list_offset
                0x0000000000002c3f                uip_ds6_addr_size
                0x0000000000002c40                uip_ds6_prefix_list
                0x0000000000002c9a                uip_ds6_timer_periodic
 COMMON         0x0000000000002ca6      0x32c contiki-exp2420.a(uip6.o)
                0x0000000000002ca6                uip_len
                0x0000000000002ca8                uip_sappdata
                0x0000000000002caa                uip_acc32
                0x0000000000002cae                uip_lladdr
                0x0000000000002cb6                uip_aligned_buf
                0x0000000000002dce                uip_flags
                0x0000000000002dd0                uip_next_hdr
                0x0000000000002dd2                uip_udp_conn
                0x0000000000002dd4                uip_appdata
                0x0000000000002dd6                uip_conn
                0x0000000000002dd8                uip_conns
                0x0000000000002e88                uip_listenports
                0x0000000000002e98                uip_slen
                0x0000000000002e9a                uip_udp_conns
 COMMON         0x0000000000002fd2       0x14 contiki-exp2420.a(cc2420.o)
                0x0000000000002fd2                cc2420_last_rssi
                0x0000000000002fd4                cc2420_packets_read
                0x0000000000002fd6                cc2420_packets_seen
                0x0000000000002fd8                cc2420_sfd_start_time
                0x0000000000002fda                cc2420_time_of_departure
                0x0000000000002fdc                cc2420_time_of_arrival
                0x0000000000002fde                cc2420_last_correlation
                0x0000000000002fe0                cc2420_authority_level_of_sender
                0x0000000000002fe2                cc2420_sfd_counter
                0x0000000000002fe4                cc2420_sfd_end_time
 COMMON         0x0000000000002fe6        0x8 contiki-exp2420.a(node-id.o)
                0x0000000000002fe6                node_mac
 COMMON         0x0000000000002fee       0x54 contiki-exp2420.a(rimestats.o)
                0x0000000000002fee                rimestats
 COMMON         0x0000000000003042       0xc2 contiki-exp2420.a(rpl-dag.o)
                0x0000000000003042                default_instance
                0x0000000000003044                instance_table
                0x0000000000003104                . = ALIGN (0x2)
                0x0000000000003104                __bss_end = .
                0x000000000000142e                __bss_size = SIZEOF (.bss)

.noinit         0x0000000000003104        0x2 load address 0x00000000000068f6
                0x0000000000003104                . = ALIGN (0x2)
                0x0000000000003104                __noinit_start = .
 *(.noinit .noinit.*)
 .noinit.crt0   0x0000000000003104        0x2 /usr/local/msp430/lib/gcc/msp430/4.7.0/mcpu-430x/mmpy-16/msr20/mc20/libcrt0.a(__watchdog_support.o)
                0x0000000000003104                __wdt_clear_value
                0x0000000000003106                . = ALIGN (0x2)
                0x0000000000003106                __noinit_end = .
                0x0000000000003106                . = ALIGN (0x2)
                0x0000000000003106                _end = .

.infomem        0x0000000000001800        0x0
                0x0000000000001800                . = ALIGN (0x2)
 *(.infomem .infomem.*)

.infomemnobits  0x0000000000001800        0x0
                0x0000000000001800                . = ALIGN (0x2)
 *(.infomemnobits .infomemnobits.*)

.infoa          0x0000000000001980        0x0
                0x0000000000001980                . = ALIGN (0x2)
 *(.infoa .infoa.*)

.infob          0x0000000000001900        0x0
                0x0000000000001900                . = ALIGN (0x2)
 *(.infob .infob.*)

.infoc          0x0000000000001880        0x0
                0x0000000000001880                . = ALIGN (0x2)
 *(.infoc .infoc.*)

.infod          0x0000000000001800        0x0
                0x0000000000001800                . = ALIGN (0x2)
 *(.infod .infod.*)
                0x000000000000ffff                PROVIDE (__vte_0, 0xffff)
                0x000000000000ffff                PROVIDE (__vte_1, 0xffff)
                0x000000000000ffff                PROVIDE (__vte_2, 0xffff)
                0x000000000000ffff                PROVIDE (__vte_3, 0xffff)
                0x000000000000ffff                PROVIDE (__vte_4, 0xffff)
                0x000000000000ffff                PROVIDE (__vte_5, 0xffff)
                0x000000000000ffff                PROVIDE (__vte_6, 0xffff)
                0x000000000000ffff                PROVIDE (__vte_7, 0xffff)
                0x000000000000ffff                PROVIDE (__vte_8, 0xffff)
                0x000000000000ffff                PROVIDE (__vte_9, 0xffff)
                0x000000000000ffff                PROVIDE (__vte_10, 0xffff)
                0x000000000000ffff                PROVIDE (__vte_11, 0xffff)
                0x000000000000ffff                PROVIDE (__vte_12, 0xffff)
                0x000000000000ffff                PROVIDE (__vte_13, 0xffff)
                0x000000000000ffff                PROVIDE (__vte_14, 0xffff)
                0x000000000000ffff                PROVIDE (__vte_15, 0xffff)
                0x000000000000ffff                PROVIDE (__vte_16, 0xffff)
                0x000000000000ffff                PROVIDE (__vte_17, 0xffff)
                0x000000000000ffff                PROVIDE (__vte_18, 0xffff)
                0x000000000000ffff                PROVIDE (__vte_19, 0xffff)
                0x000000000000ffff                PROVIDE (__vte_20, 0xffff)
                0x000000000000ffff                PROVIDE (__vte_21, 0xffff)
                0x000000000000ffff                PROVIDE (__vte_22, 0xffff)
                0x000000000000ffff                PROVIDE (__vte_23, 0xffff)
                0x000000000000ffff                PROVIDE (__vte_24, 0xffff)
                0x000000000000ffff                PROVIDE (__vte_25, 0xffff)
                0x000000000000ffff                PROVIDE (__vte_26, 0xffff)
                0x000000000000ffff                PROVIDE (__vte_27, 0xffff)
                0x000000000000ffff                PROVIDE (__vte_28, 0xffff)
                0x000000000000ffff                PROVIDE (__vte_29, 0xffff)
                0x000000000000ffff                PROVIDE (__vte_30, 0xffff)
                0x000000000000ffff                PROVIDE (__vte_31, 0xffff)

.vectors        0x000000000000ff80       0x80
                0x000000000000ff80                __vectors_start = .
 *(.vectors*)
 .vectors       0x000000000000ff80       0x80 /usr/local/msp430/lib/gcc/msp430/4.7.0/mcpu-430x/mmpy-16/msr20/mc20/crt0ivtbl64.o
                0x000000000000ff80                __ivtbl_64
                0x0000000000010000                _vectors_end = .

.fartext        0x0000000000010000        0x0
                0x0000000000010000                . = ALIGN (0x2)
 *(.fartext .fartext.*)

.far.text       0x0000000000010000     0x99f8
                0x0000000000010000                . = ALIGN (0x2)
 *(.far.text .far.text.*)
 .far.text.process_thread_router_node_process
                0x0000000000010000       0x30 router-node.co
 .far.text.rimeaddr_copy
                0x0000000000010030        0x8 contiki-exp2420.a(rimeaddr.o)
                0x0000000000010030                rimeaddr_copy
 .far.text.rimeaddr_cmp
                0x0000000000010038       0x12 contiki-exp2420.a(rimeaddr.o)
                0x0000000000010038                rimeaddr_cmp
 .far.text.rimeaddr_set_node_addr
                0x000000000001004a        0xc contiki-exp2420.a(rimeaddr.o)
                0x000000000001004a                rimeaddr_set_node_addr
 .far.text.input_packet
                0x0000000000010056        0x6 contiki-exp2420.a(csma.o)
 .far.text.on   0x000000000001005c        0x6 contiki-exp2420.a(csma.o)
 .far.text.off  0x0000000000010062        0x6 contiki-exp2420.a(csma.o)
 .far.text.channel_check_interval
                0x0000000000010068       0x10 contiki-exp2420.a(csma.o)
 .far.text.transmit_packet_list
                0x0000000000010078       0x24 contiki-exp2420.a(csma.o)
 .far.text.init
                0x000000000001009c       0x1a contiki-exp2420.a(csma.o)
 .far.text.send_packet
                0x00000000000100b6      0x158 contiki-exp2420.a(csma.o)
 .far.text.free_packet
                0x000000000001020e       0x94 contiki-exp2420.a(csma.o)
 .far.text.packet_sent
                0x00000000000102a2      0x120 contiki-exp2420.a(csma.o)
 .far.text.call_process
                0x00000000000103c2       0x40 contiki-exp2420.a(process.o)
 .far.text.exit_process
                0x0000000000010402       0x88 contiki-exp2420.a(process.o)
 .far.text.do_poll
                0x000000000001048a       0x30 contiki-exp2420.a(process.o)
 .far.text.process_alloc_event
                0x00000000000104ba        0xe contiki-exp2420.a(process.o)
                0x00000000000104ba                process_alloc_event
 .far.text.process_init
                0x00000000000104c8       0x1c contiki-exp2420.a(process.o)
                0x00000000000104c8                process_init
 .far.text.process_run
                0x00000000000104e4       0xa4 contiki-exp2420.a(process.o)
                0x00000000000104e4                process_run
 .far.text.process_nevents
                0x0000000000010588        0xe contiki-exp2420.a(process.o)
                0x0000000000010588                process_nevents
 .far.text.process_post
                0x0000000000010596       0x50 contiki-exp2420.a(process.o)
                0x0000000000010596                process_post
 .far.text.process_post_synch
                0x00000000000105e6       0x12 contiki-exp2420.a(process.o)
                0x00000000000105e6                process_post_synch
 .far.text.process_start
                0x00000000000105f8       0x36 contiki-exp2420.a(process.o)
                0x00000000000105f8                process_start
 .far.text.process_poll
                0x000000000001062e       0x18 contiki-exp2420.a(process.o)
                0x000000000001062e                process_poll
 .far.text.autostart_start
                0x0000000000010646       0x16 contiki-exp2420.a(autostart.o)
                0x0000000000010646                autostart_start
 .far.text.memb_init
                0x000000000001065c       0x36 contiki-exp2420.a(memb.o)
                0x000000000001065c                memb_init
 .far.text.memb_alloc
                0x0000000000010692       0x3e contiki-exp2420.a(memb.o)
                0x0000000000010692                memb_alloc
 .far.text.memb_free
                0x00000000000106d0       0x3a contiki-exp2420.a(memb.o)
                0x00000000000106d0                memb_free
 .far.text.memb_inmemb
                0x000000000001070a       0x2a contiki-exp2420.a(memb.o)
                0x000000000001070a                memb_inmemb
 .far.text.list_init
                0x0000000000010734        0x6 contiki-exp2420.a(list.o)
                0x0000000000010734                list_init
 .far.text.list_head
                0x000000000001073a        0x4 contiki-exp2420.a(list.o)
                0x000000000001073a                list_head
 .far.text.list_tail
                0x000000000001073e       0x12 contiki-exp2420.a(list.o)
                0x000000000001073e                list_tail
 .far.text.list_remove
                0x0000000000010750       0x34 contiki-exp2420.a(list.o)
                0x0000000000010750                list_remove
 .far.text.list_push
                0x0000000000010784       0x16 contiki-exp2420.a(list.o)
                0x0000000000010784                list_push
 .far.text.list_add
                0x000000000001079a       0x26 contiki-exp2420.a(list.o)
                0x000000000001079a                list_add
 .far.text.list_length
                0x00000000000107c0       0x10 contiki-exp2420.a(list.o)
                0x00000000000107c0                list_length
 .far.text.list_item_next
                0x00000000000107d0        0xc contiki-exp2420.a(list.o)
                0x00000000000107d0                list_item_next
 .far.text.update_time
                0x00000000000107dc       0x70 contiki-exp2420.a(etimer.o)
 .far.text.etimer_request_poll
                0x000000000001084c        0xa contiki-exp2420.a(etimer.o)
                0x000000000001084c                etimer_request_poll
 .far.text.process_thread_etimer_process
                0x0000000000010856       0xc4 contiki-exp2420.a(etimer.o)
 .far.text.add_timer
                0x000000000001091a       0x40 contiki-exp2420.a(etimer.o)
 .far.text.etimer_set
                0x000000000001095a       0x12 contiki-exp2420.a(etimer.o)
                0x000000000001095a                etimer_set
 .far.text.etimer_reset
                0x000000000001096c       0x12 contiki-exp2420.a(etimer.o)
                0x000000000001096c                etimer_reset
 .far.text.etimer_restart
                0x000000000001097e       0x12 contiki-exp2420.a(etimer.o)
                0x000000000001097e                etimer_restart
 .far.text.etimer_expired
                0x0000000000010990        0xe contiki-exp2420.a(etimer.o)
                0x0000000000010990                etimer_expired
 .far.text.etimer_expiration_time
                0x000000000001099e       0x14 contiki-exp2420.a(etimer.o)
                0x000000000001099e                etimer_expiration_time
 .far.text.etimer_pending
                0x00000000000109b2        0xc contiki-exp2420.a(etimer.o)
                0x00000000000109b2                etimer_pending
 .far.text.etimer_next_expiration_time
                0x00000000000109be       0x16 contiki-exp2420.a(etimer.o)
                0x00000000000109be                etimer_next_expiration_time
 .far.text.etimer_stop
                0x00000000000109d4       0x3e contiki-exp2420.a(etimer.o)
                0x00000000000109d4                etimer_stop
 .far.text.process_thread_ctimer_process
                0x0000000000010a12       0xa0 contiki-exp2420.a(ctimer.o)
 .far.text.ctimer_init
                0x0000000000010ab2       0x18 contiki-exp2420.a(ctimer.o)
                0x0000000000010ab2                ctimer_init
 .far.text.ctimer_set
                0x0000000000010aca       0x52 contiki-exp2420.a(ctimer.o)
                0x0000000000010aca                ctimer_set
 .far.text.ctimer_reset
                0x0000000000010b1c       0x36 contiki-exp2420.a(ctimer.o)
                0x0000000000010b1c                ctimer_reset
 .far.text.ctimer_stop
                0x0000000000010b52       0x28 contiki-exp2420.a(ctimer.o)
                0x0000000000010b52                ctimer_stop
 .far.text.energest_init
                0x0000000000010b7a       0x24 contiki-exp2420.a(energest.o)
                0x0000000000010b7a                energest_init
 .far.text.energest_type_time