Archive member included because of file (symbol)

contiki-eth-openmote.a(etimer.o)
                              router-webserver-node.co (etimer_set)
contiki-eth-openmote.a(ip64-webserver.)
                              router-webserver-node.co (ip64_webserver_init)
contiki-eth-openmote.a(httpd.o)
                              contiki-eth-openmote.a(ip64-webserver.) (httpd_appcall)
contiki-eth-openmote.a(ip64-webserver-)
                              contiki-eth-openmote.a(httpd.o) (ip64_webserver_http_jpg)
contiki-eth-openmote.a(httpd-fs.o)
                              contiki-eth-openmote.a(httpd.o) (httpd_fs_open)
contiki-eth-openmote.a(httpd-cgi.o)
                              contiki-eth-openmote.a(httpd.o) (httpd_cgi)
contiki-eth-openmote.a(network-reboot.)
                              contiki-eth-openmote.a(httpd-cgi.o) (network_reboot_reboot)
contiki-eth-openmote.a(simple-udp-ping)
                              contiki-eth-openmote.a(httpd-cgi.o) (simple_udp_ping_send_ping)
contiki-eth-openmote.a(ip64.o)
                              router-webserver-node.co (ip64_init)
contiki-eth-openmote.a(ip64-addrmap.o)
                              contiki-eth-openmote.a(httpd-cgi.o) (ip64_addrmap_list)
contiki-eth-openmote.a(ip64-null-drive)
                              contiki-eth-openmote.a(ip64.o) (ip64_null_driver)
contiki-eth-openmote.a(ip64-special-po)
                              contiki-eth-openmote.a(ip64.o) (ip64_special_ports_translate_incoming)
contiki-eth-openmote.a(ip64-ipv4-dhcp.)
                              contiki-eth-openmote.a(ip64.o) (ip64_ipv4_dhcp_init)
contiki-eth-openmote.a(dhcpv4.o)
                              contiki-eth-openmote.a(ip64-ipv4-dhcp.) (ip64_dhcpc_init)
contiki-eth-openmote.a(ip64-eth.o)
                              contiki-eth-openmote.a(ip64-ipv4-dhcp.) (ip64_eth_addr)
contiki-eth-openmote.a(ip64-eth-interf)
                              contiki-eth-openmote.a(ip64.o) (ip64_eth_interface)
contiki-eth-openmote.a(simple-rpl.o)
                              contiki-eth-openmote.a(httpd-cgi.o) (simple_rpl_init_dag_immediately)
contiki-eth-openmote.a(contiki-mist-op)
                              obj_eth-openmote/startup-gcc.o (main)
contiki-eth-openmote.a(leds.o)
                              contiki-eth-openmote.a(contiki-mist-op) (leds_init)
contiki-eth-openmote.a(leds-arch.o)
                              contiki-eth-openmote.a(leds.o) (leds_arch_init)
contiki-eth-openmote.a(sensors.o)
                              contiki-eth-openmote.a(contiki-mist-op) (sensors_process)
contiki-eth-openmote.a(smartrf-sensors)
                              contiki-eth-openmote.a(sensors.o) (sensors_flags)
contiki-eth-openmote.a(button-sensor.o)
                              contiki-eth-openmote.a(contiki-mist-op) (button_sensor_init)
contiki-eth-openmote.a(clock.o)
                              contiki-eth-openmote.a(contiki-mist-op) (clock_init)
contiki-eth-openmote.a(rtimer-arch.o)
                              contiki-eth-openmote.a(simple-udp-ping) (rtimer_arch_now)
contiki-eth-openmote.a(uart.o)
                              contiki-eth-openmote.a(contiki-mist-op) (uart_init)
contiki-eth-openmote.a(watchdog.o)
                              contiki-eth-openmote.a(contiki-mist-op) (watchdog_init)
contiki-eth-openmote.a(nvic.o)
                              contiki-eth-openmote.a(contiki-mist-op) (nvic_init)
contiki-eth-openmote.a(cpu.o)
                              contiki-eth-openmote.a(contiki-mist-op) (cpu_cpsie)
contiki-eth-openmote.a(sys-ctrl.o)
                              contiki-eth-openmote.a(contiki-mist-op) (sys_ctrl_init)
contiki-eth-openmote.a(gpio.o)
                              contiki-eth-openmote.a(button-sensor.o) (gpio_register_callback)
contiki-eth-openmote.a(ioc.o)
                              contiki-eth-openmote.a(contiki-mist-op) (ioc_init)
contiki-eth-openmote.a(cc2538-rf.o)
                              contiki-eth-openmote.a(contiki-mist-op) (cc2538_rf_set_addr)
contiki-eth-openmote.a(udma.o)
                              contiki-eth-openmote.a(contiki-mist-op) (udma_init)
contiki-eth-openmote.a(lpm.o)
                              contiki-eth-openmote.a(rtimer-arch.o) (lpm_exit)
contiki-eth-openmote.a(dbg.o)
                              contiki-eth-openmote.a(simple-udp-ping) (putchar)
contiki-eth-openmote.a(ieee-addr.o)
                              contiki-eth-openmote.a(contiki-mist-op) (ieee_addr_cpy_to)
contiki-eth-openmote.a(dbg-printf.o)
                              contiki-eth-openmote.a(network-reboot.) (printf)
contiki-eth-openmote.a(dbg-snprintf.o)
                              contiki-eth-openmote.a(httpd-cgi.o) (snprintf)
contiki-eth-openmote.a(dbg-sprintf.o)
                              contiki-eth-openmote.a(httpd.o) (sprintf)
contiki-eth-openmote.a(strformat.o)
                              contiki-eth-openmote.a(dbg-printf.o) (format_str_v)
contiki-eth-openmote.a(rimeaddr.o)
[...]
Memory Configuration

Name             Origin             Length             Attributes
FLASH            0x0000000000200000 0x000000000007ffd4 xr
FLASH_CCA        0x000000000027ffd4 0x000000000000002c xr
SRAM             0x0000000020000000 0x0000000000008000 xrw
*default*        0x0000000000000000 0xffffffffffffffff

Linker script and memory map

LOAD obj_eth-openmote/startup-gcc.o
LOAD router-webserver-node.co
LOAD contiki-eth-openmote.a
START GROUP
LOAD /usr/bin/../lib/gcc/arm-none-eabi/4.8.4/armv7-m/libgcc.a
LOAD /usr/bin/../lib/gcc/arm-none-eabi/4.8.4/../../../../arm-none-eabi/lib/armv7-m/libc.a
END GROUP

.text           0x0000000000200000     0xf7a8
                0x0000000000200000                _text = .
 *(.vectors)
 .vectors       0x0000000000200000      0x28c obj_eth-openmote/startup-gcc.o
                0x0000000000200000                vectors
 *(.text*)
 .text.default_handler
                0x000000000020028c        0x4 obj_eth-openmote/startup-gcc.o
                0x000000000020028c                default_handler
 .text.reset_handler
                0x0000000000200290       0x5c obj_eth-openmote/startup-gcc.o
                0x0000000000200290                reset_handler
 .text.nmi_handler
                0x00000000002002ec        0x8 obj_eth-openmote/startup-gcc.o
                0x00000000002002ec                nmi_handler
 .text.process_thread_router_node_process
                0x00000000002002f4       0x50 router-webserver-node.co
 .text.process_thread_blinker_process
                0x0000000000200344       0x94 router-webserver-node.co
 .text.update_time
                0x00000000002003d8       0x44 contiki-eth-openmote.a(etimer.o)
 .text.process_thread_etimer_process
                0x000000000020041c       0xc8 contiki-eth-openmote.a(etimer.o)
 .text.add_timer
                0x00000000002004e4       0x54 contiki-eth-openmote.a(etimer.o)
 .text.etimer_request_poll
                0x0000000000200538        0xc contiki-eth-openmote.a(etimer.o)
                0x0000000000200538                etimer_request_poll
 .text.etimer_set
                0x0000000000200544       0x14 contiki-eth-openmote.a(etimer.o)
                0x0000000000200544                etimer_set
 .text.etimer_reset
                0x0000000000200558       0x14 contiki-eth-openmote.a(etimer.o)
                0x0000000000200558                etimer_reset
 .text.etimer_restart
                0x000000000020056c       0x14 contiki-eth-openmote.a(etimer.o)
                0x000000000020056c                etimer_restart
 .text.etimer_expired
                0x0000000000200580        0xc contiki-eth-openmote.a(etimer.o)
                0x0000000000200580                etimer_expired
 .text.etimer_expiration_time
                0x000000000020058c        0x8 contiki-eth-openmote.a(etimer.o)
                0x000000000020058c                etimer_expiration_time
 .text.etimer_pending
                0x0000000000200594       0x10 contiki-eth-openmote.a(etimer.o)
                0x0000000000200594                etimer_pending
 .text.etimer_stop
                0x00000000002005a4       0x4c contiki-eth-openmote.a(etimer.o)
                0x00000000002005a4                etimer_stop
 .text.process_thread_ip64_webserver_process
                0x00000000002005f0       0x38 contiki-eth-openmote.a(ip64-webserver.)
 .text.ip64_webserver_init
                0x0000000000200628        0xc contiki-eth-openmote.a(ip64-webserver.)
                0x0000000000200628                ip64_webserver_init
 .text.handle_input
                0x0000000000200634       0xfc contiki-eth-openmote.a(httpd.o)
 .text.send_headers
                0x0000000000200730      0x11c contiki-eth-openmote.a(httpd.o)
 .text.send_file
                0x000000000020084c       0x58 contiki-eth-openmote.a(httpd.o)
 .text.generate
                0x00000000002008a4       0x38 contiki-eth-openmote.a(httpd.o)
 .text.handle_output
                0x00000000002008dc      0x23c contiki-eth-openmote.a(httpd.o)
 .text.httpd_appcall
                0x0000000000200b18       0xb4 contiki-eth-openmote.a(httpd.o)
                0x0000000000200b18                httpd_appcall
 .text.httpd_init
                0x0000000000200bcc       0x1c contiki-eth-openmote.a(httpd.o)
                0x0000000000200bcc                httpd_init
 .text.httpd_sprint_ip6
                0x0000000000200be8       0x90 contiki-eth-openmote.a(httpd.o)
                0x0000000000200be8                httpd_sprint_ip6
 .text.httpd_sprint_ip4
                0x0000000000200c78       0x24 contiki-eth-openmote.a(httpd.o)
                0x0000000000200c78                httpd_sprint_ip4
 .text.httpd_fs_open
                0x0000000000200c9c       0x70 contiki-eth-openmote.a(httpd-fs.o)
                0x0000000000200c9c                httpd_fs_open
 .text.httpd_fs_count
                0x0000000000200d0c       0x58 contiki-eth-openmote.a(httpd-fs.o)
                0x0000000000200d0c                httpd_fs_count
 .text.nullfunction
                0x0000000000200d64        0x8 contiki-eth-openmote.a(httpd-cgi.o)
 .text.reboot_function
                0x0000000000200d6c       0x3c contiki-eth-openmote.a(httpd-cgi.o)
 .text.rplroot  0x0000000000200da8       0x90 contiki-eth-openmote.a(httpd-cgi.o)
 .text.rplreset
                0x0000000000200e38       0x64 contiki-eth-openmote.a(httpd-cgi.o)
 .text.addresses
                0x0000000000200e9c       0x3c contiki-eth-openmote.a(httpd-cgi.o)
 .text.processes
                0x0000000000200ed8       0x60 contiki-eth-openmote.a(httpd-cgi.o)
 .text.tcp_stats
                0x0000000000200f38       0x5c contiki-eth-openmote.a(httpd-cgi.o)
 .text.routesping
                0x0000000000200f94       0x84 contiki-eth-openmote.a(httpd-cgi.o)
 .text.routes   0x0000000000201018       0x7c contiki-eth-openmote.a(httpd-cgi.o)
 .text.write_mss_error
                0x0000000000201094       0x30 contiki-eth-openmote.a(httpd-cgi.o)
 .text.make_addresses
                0x00000000002010c4       0xc4 contiki-eth-openmote.a(httpd-cgi.o)
 .text.make_route
                0x0000000000201188      0x1e4 contiki-eth-openmote.a(httpd-cgi.o)
 .text.make_neighbor
                0x000000000020136c      0x114 contiki-eth-openmote.a(httpd-cgi.o)
 .text.neighborsping
                0x0000000000201480       0x6c contiki-eth-openmote.a(httpd-cgi.o)
 .text.neighbors
                0x00000000002014ec       0x88 contiki-eth-openmote.a(httpd-cgi.o)
 .text.addrmap  0x0000000000201574       0x50 contiki-eth-openmote.a(httpd-cgi.o)
 .text.make_addrmap
                0x00000000002015c4      0x150 contiki-eth-openmote.a(httpd-cgi.o)
 .text.make_processes
                0x0000000000201714       0x4c contiki-eth-openmote.a(httpd-cgi.o)
 .text.make_tcp_stats
                0x0000000000201760       0xa0 contiki-eth-openmote.a(httpd-cgi.o)
 .text.file_stats
                0x0000000000201800       0x3c contiki-eth-openmote.a(httpd-cgi.o)
 .text.generate_file_stats
                0x000000000020183c       0x2c contiki-eth-openmote.a(httpd-cgi.o)
 .text.make_routes_roomfor
                0x0000000000201868       0x54 contiki-eth-openmote.a(httpd-cgi.o)
 .text.make_neighbor_roomfor
                0x00000000002018bc       0x5c contiki-eth-openmote.a(httpd-cgi.o)
 .text.httpd_cgi
                0x0000000000201918       0x38 contiki-eth-openmote.a(httpd-cgi.o)
                0x0000000000201918                httpd_cgi
 .text.httpd_cgi_init
                0x0000000000201950      0x128 contiki-eth-openmote.a(httpd-cgi.o)
                0x0000000000201950                httpd_cgi_init
 .text.send_msg.isra.1.constprop.2
                0x0000000000201a78       0x64 contiki-eth-openmote.a(network-reboot.)
 .text.network_reboot_reboot
                0x0000000000201adc       0x14 contiki-eth-openmote.a(network-reboot.)
                0x0000000000201adc                network_reboot_reboot
 .text.process_thread_simple_udp_ping_process
                0x0000000000201af0       0xbc contiki-eth-openmote.a(simple-udp-ping)
 .text.get_pingconn
                0x0000000000201bac       0x38 contiki-eth-openmote.a(simple-udp-ping)
 .text.echo_reply_callback
                0x0000000000201be4       0x68 contiki-eth-openmote.a(simple-udp-ping)
 .text.simple_udp_ping_send_ping
                0x0000000000201c4c       0x78 contiki-eth-openmote.a(simple-udp-ping)
                0x0000000000201c4c                simple_udp_ping_send_ping
 .text.simple_udp_ping_has_reply
                0x0000000000201cc4       0x14 contiki-eth-openmote.a(simple-udp-ping)
                0x0000000000201cc4                simple_udp_ping_has_reply
 .text.simple_udp_ping_has_sent
                0x0000000000201cd8       0x1c contiki-eth-openmote.a(simple-udp-ping)
                0x0000000000201cd8                simple_udp_ping_has_sent
 .text.simple_udp_ping_get_delay
                0x0000000000201cf4       0x20 contiki-eth-openmote.a(simple-udp-ping)
                0x0000000000201cf4                simple_udp_ping_get_delay
 .text.simple_udp_ping_init
                0x0000000000201d14        0xc contiki-eth-openmote.a(simple-udp-ping)
                0x0000000000201d14                simple_udp_ping_init
 .text.ip64_init
                0x0000000000201d20       0x68 contiki-eth-openmote.a(ip64.o)
                0x0000000000201d20                ip64_init
 .text.ip64_set_hostaddr
                0x0000000000201d88       0x18 contiki-eth-openmote.a(ip64.o)
                0x0000000000201d88                ip64_set_hostaddr
 .text.ip64_set_netmask
                0x0000000000201da0        0xc contiki-eth-openmote.a(ip64.o)
                0x0000000000201da0                ip64_set_netmask
 .text.ip64_set_draddr
                0x0000000000201dac        0xc contiki-eth-openmote.a(ip64.o)
                0x0000000000201dac                ip64_set_draddr
 .text.ip64_hostaddr_is_configured
                0x0000000000201db8        0xc contiki-eth-openmote.a(ip64.o)
                0x0000000000201db8                ip64_hostaddr_is_configured
 .text.ip64_addrmap_list
                0x0000000000201dc4        0xc contiki-eth-openmote.a(ip64-addrmap.o)
                0x0000000000201dc4                ip64_addrmap_list
 .text.init     0x0000000000201dd0        0x4 contiki-eth-openmote.a(ip64-null-drive)
 .text.output   0x0000000000201dd4        0x4 contiki-eth-openmote.a(ip64-null-drive)
 .text.process_thread_ip64_ipv4_dhcp_process
                0x0000000000201dd8       0x64 contiki-eth-openmote.a(ip64-ipv4-dhcp.)
 .text.ip64_ipv4_dhcp_init
                0x0000000000201e3c       0x1c contiki-eth-openmote.a(ip64-ipv4-dhcp.)
                0x0000000000201e3c                ip64_ipv4_dhcp_init
 .text.ip64_dhcpc_configured
                0x0000000000201e58       0x48 contiki-eth-openmote.a(ip64-ipv4-dhcp.)
                0x0000000000201e58                ip64_dhcpc_configured
 .text.ip64_dhcpc_unconfigured
                0x0000000000201ea0        0x4 contiki-eth-openmote.a(ip64-ipv4-dhcp.)
                0x0000000000201ea0                ip64_dhcpc_unconfigured
 .text.create_msg
                0x0000000000201ea4       0xac contiki-eth-openmote.a(dhcpv4.o)
 .text.unlikely.send_request
                0x0000000000201f50       0x68 contiki-eth-openmote.a(dhcpv4.o)
 .text.msg_for_me
                0x0000000000201fb8       0x70 contiki-eth-openmote.a(dhcpv4.o)
 .text.parse_msg
                0x0000000000202028       0xd4 contiki-eth-openmote.a(dhcpv4.o)
 .text.handle_dhcp.isra.0
                0x00000000002020fc      0x2c8 contiki-eth-openmote.a(dhcpv4.o)
 .text.ip64_dhcpc_init
                0x00000000002023c4       0x60 contiki-eth-openmote.a(dhcpv4.o)
                0x00000000002023c4                ip64_dhcpc_init
 .text.ip64_dhcpc_appcall
                0x0000000000202424       0x18 contiki-eth-openmote.a(dhcpv4.o)
                0x0000000000202424                ip64_dhcpc_appcall
 .text.ip64_dhcpc_request
                0x000000000020243c       0x20 contiki-eth-openmote.a(dhcpv4.o)
                0x000000000020243c                ip64_dhcpc_request
 .text.route_callback
                0x000000000020245c       0x74 contiki-eth-openmote.a(simple-rpl.o)
 .text.simple_rpl_global_address
                0x00000000002024d0       0x38 contiki-eth-openmote.a(simple-rpl.o)
                0x00000000002024d0                simple_rpl_global_address
 .text.simple_rpl_init
                0x0000000000202508       0x88 contiki-eth-openmote.a(simple-rpl.o)
                0x0000000000202508                simple_rpl_init
 .text.simple_rpl_init_dag_immediately
                0x0000000000202590       0xac contiki-eth-openmote.a(simple-rpl.o)
                0x0000000000202590                simple_rpl_init_dag_immediately
 .text.create_dag_callback
                0x000000000020263c       0x6c contiki-eth-openmote.a(simple-rpl.o)
 .text.simple_rpl_init_dag
                0x00000000002026a8       0x30 contiki-eth-openmote.a(simple-rpl.o)
                0x00000000002026a8                simple_rpl_init_dag
 .text.fade     0x00000000002026d8       0x64 contiki-eth-openmote.a(contiki-mist-op)
 .text.startup.main
                0x000000000020273c      0x1cc contiki-eth-openmote.a(contiki-mist-op)
                0x000000000020273c                main
 .text.leds_init
                0x0000000000202908       0x1c contiki-eth-openmote.a(leds.o)
                0x0000000000202908                leds_init
 .text.leds_on  0x0000000000202924       0x1c contiki-eth-openmote.a(leds.o)
                0x0000000000202924                leds_on
 .text.leds_off
                0x0000000000202940       0x20 contiki-eth-openmote.a(leds.o)
                0x0000000000202940                leds_off
 .text.leds_arch_init
                0x0000000000202960       0x10 contiki-eth-openmote.a(leds-arch.o)
                0x0000000000202960                leds_arch_init
 .text.leds_arch_set
                0x0000000000202970        0xc contiki-eth-openmote.a(leds-arch.o)
                0x0000000000202970                leds_arch_set
 .text.process_thread_sensors_process
                0x000000000020297c       0xf0 contiki-eth-openmote.a(sensors.o)
 .text.sensors_changed
                0x0000000000202a6c       0x4c contiki-eth-openmote.a(sensors.o)
                0x0000000000202a6c                sensors_changed
 .text.btn_callback
                0x0000000000202ab8       0x2c contiki-eth-openmote.a(button-sensor.o)
 .text.config_user
                0x0000000000202ae4       0x6c contiki-eth-openmote.a(button-sensor.o)
 .text.button_sensor_init
                0x0000000000202b50        0xc contiki-eth-openmote.a(button-sensor.o)
                0x0000000000202b50                button_sensor_init
 .text.clock_init
                0x0000000000202b5c       0x74 contiki-eth-openmote.a(clock.o)
                0x0000000000202b5c                clock_init
 .text.clock_time
                0x0000000000202bd0        0xc contiki-eth-openmote.a(clock.o)
                0x0000000000202bd0                clock_time
 .text.clock_seconds
                0x0000000000202bdc        0xc contiki-eth-openmote.a(clock.o)
                0x0000000000202bdc                clock_seconds
 .text.clock_delay_usec
                0x0000000000202be8       0x20 contiki-eth-openmote.a(clock.o)
                0x0000000000202be8                clock_delay_usec
 .text.clock_adjust
                0x0000000000202c08       0x60 contiki-eth-openmote.a(clock.o)
                0x0000000000202c08                clock_adjust
 .text.clock_isr
                0x0000000000202c68       0x3c contiki-eth-openmote.a(clock.o)
                0x0000000000202c68                clock_isr
 .text.rtimer_arch_init
                0x0000000000202ca4        0x4 contiki-eth-openmote.a(rtimer-arch.o)
                0x0000000000202ca4                rtimer_arch_init
 .text.rtimer_arch_schedule
                0x0000000000202ca8       0x80 contiki-eth-openmote.a(rtimer-arch.o)
                0x0000000000202ca8                rtimer_arch_schedule
 .text.rtimer_arch_next_trigger
                0x0000000000202d28        0xc contiki-eth-openmote.a(rtimer-arch.o)
                0x0000000000202d28                rtimer_arch_next_trigger
 .text.rtimer_arch_now
                0x0000000000202d34       0x28 contiki-eth-openmote.a(rtimer-arch.o)
                0x0000000000202d34                rtimer_arch_now
 .text.rtimer_isr
                0x0000000000202d5c       0x24 contiki-eth-openmote.a(rtimer-arch.o)
                0x0000000000202d5c                rtimer_isr
 .text.permit_pm1
                0x0000000000202d80       0x38 contiki-eth-openmote.a(uart.o)
 .text.uart_init
                0x0000000000202db8      0x1d8 contiki-eth-openmote.a(uart.o)
                0x0000000000202db8                uart_init
 .text.uart_set_input
                0x0000000000202f90       0x10 contiki-eth-openmote.a(uart.o)
                0x0000000000202f90                uart_set_input
 .text.uart_write_byte
                0x0000000000202fa0       0x24 contiki-eth-openmote.a(uart.o)
                0x0000000000202fa0                uart_write_byte
 .text.uart_isr
                0x0000000000202fc4       0x80 contiki-eth-openmote.a(uart.o)
                0x0000000000202fc4                uart_isr
 .text.uart0_isr
                0x0000000000203044        0x8 contiki-eth-openmote.a(uart.o)
                0x0000000000203044                uart0_isr
 .text.uart1_isr
                0x000000000020304c        0x8 contiki-eth-openmote.a(uart.o)
                0x000000000020304c                uart1_isr
 .text.watchdog_init
                0x0000000000203054        0xc contiki-eth-openmote.a(watchdog.o)
                0x0000000000203054                watchdog_init
 .text.watchdog_start
                0x0000000000203060        0xc contiki-eth-openmote.a(watchdog.o)
                0x0000000000203060                watchdog_start
 .text.watchdog_periodic
                0x000000000020306c       0x10 contiki-eth-openmote.a(watchdog.o)
                0x000000000020306c                watchdog_periodic
 .text.nvic_init
                0x000000000020307c       0x40 contiki-eth-openmote.a(nvic.o)
                0x000000000020307c                nvic_init
 .text.nvic_interrupt_enable
                0x00000000002030bc       0x18 contiki-eth-openmote.a(nvic.o)
                0x00000000002030bc                nvic_interrupt_enable
 .text.nvic_interrupt_disable
                0x00000000002030d4       0x18 contiki-eth-openmote.a(nvic.o)
                0x00000000002030d4                nvic_interrupt_disable
 .text.nvic_interrupt_unpend
                0x00000000002030ec       0x18 contiki-eth-openmote.a(nvic.o)
                0x00000000002030ec                nvic_interrupt_unpend
 .text.cpu_cpsie
                0x0000000000203104        0x8 contiki-eth-openmote.a(cpu.o)
                0x0000000000203104                cpu_cpsie
 .text.cpu_cpsid
                0x000000000020310c        0x8 contiki-eth-openmote.a(cpu.o)
                0x000000000020310c                cpu_cpsid
 .text.sys_ctrl_init
                0x0000000000203114       0x1c contiki-eth-openmote.a(sys-ctrl.o)
                0x0000000000203114                sys_ctrl_init
 .text.gpio_register_callback
                0x0000000000203130       0x10 contiki-eth-openmote.a(gpio.o)
                0x0000000000203130                gpio_register_callback
 .text.notify   0x0000000000203140       0x38 contiki-eth-openmote.a(gpio.o)
                0x0000000000203140                notify
 .text.gpio_port_a_isr
                0x0000000000203178       0x24 contiki-eth-openmote.a(gpio.o)
                0x0000000000203178                gpio_port_a_isr
 .text.gpio_port_b_isr
                0x000000000020319c       0x24 contiki-eth-openmote.a(gpio.o)
                0x000000000020319c                gpio_port_b_isr
 .text.gpio_port_c_isr
                0x00000000002031c0       0x24 contiki-eth-openmote.a(gpio.o)
                0x00000000002031c0                gpio_port_c_isr
 .text.gpio_port_d_isr
                0x00000000002031e4       0x24 contiki-eth-openmote.a(gpio.o)
                0x00000000002031e4                gpio_port_d_isr
 .text.gpio_init
                0x0000000000203208       0x10 contiki-eth-openmote.a(gpio.o)
                0x0000000000203208                gpio_init
 .text.ioc_init
                0x0000000000203218       0x20 contiki-eth-openmote.a(ioc.o)
                0x0000000000203218                ioc_init
 .text.ioc_set_over
                0x0000000000203238       0x14 contiki-eth-openmote.a(ioc.o)
                0x0000000000203238                ioc_set_over
 .text.ioc_set_sel
                0x000000000020324c       0x14 contiki-eth-openmote.a(ioc.o)
                0x000000000020324c                ioc_set_sel
 .text.on       0x0000000000203260       0x2c contiki-eth-openmote.a(cc2538-rf.o)
 .text.off      0x000000000020328c       0x38 contiki-eth-openmote.a(cc2538-rf.o)
 .text.channel_clear
                0x00000000002032c4       0x64 contiki-eth-openmote.a(cc2538-rf.o)
 .text.receiving_packet
                0x0000000000203328       0x18 contiki-eth-openmote.a(cc2538-rf.o)
 .text.pending_packet
                0x0000000000203340       0x10 contiki-eth-openmote.a(cc2538-rf.o)
 .text.prepare  0x0000000000203350       0x74 contiki-eth-openmote.a(cc2538-rf.o)
 .text.read.part.0
                0x00000000002033c4       0xac contiki-eth-openmote.a(cc2538-rf.o)
 .text.read     0x0000000000203470       0x18 contiki-eth-openmote.a(cc2538-rf.o)
 .text.process_thread_cc2538_rf_process
                0x0000000000203488       0x58 contiki-eth-openmote.a(cc2538-rf.o)
 .text.transmit
                0x00000000002034e0       0xb4 contiki-eth-openmote.a(cc2538-rf.o)
 .text.send     0x0000000000203594       0x14 contiki-eth-openmote.a(cc2538-rf.o)
 .text.cc2538_rf_channel_set
                0x00000000002035a8       0x50 contiki-eth-openmote.a(cc2538-rf.o)
                0x00000000002035a8                cc2538_rf_channel_set
 .text.init.part.2
                0x00000000002035f8       0xf0 contiki-eth-openmote.a(cc2538-rf.o)
 .text.init     0x00000000002036e8       0x14 contiki-eth-openmote.a(cc2538-rf.o)
 .text.cc2538_rf_set_addr
                0x00000000002036fc       0x2c contiki-eth-openmote.a(cc2538-rf.o)
                0x00000000002036fc                cc2538_rf_set_addr
 .text.cc2538_rf_rx_tx_isr
                0x0000000000203728       0x18 contiki-eth-openmote.a(cc2538-rf.o)
                0x0000000000203728                cc2538_rf_rx_tx_isr
 .text.cc2538_rf_err_isr
                0x0000000000203740       0x28 contiki-eth-openmote.a(cc2538-rf.o)
                0x0000000000203740                cc2538_rf_err_isr
 .text.udma_init
                0x0000000000203768       0x34 contiki-eth-openmote.a(udma.o)
                0x0000000000203768                udma_init
 .text.udma_set_channel_src
                0x000000000020379c       0x10 contiki-eth-openmote.a(udma.o)
                0x000000000020379c                udma_set_channel_src
 .text.udma_set_channel_dst
                0x00000000002037ac       0x14 contiki-eth-openmote.a(udma.o)
                0x00000000002037ac                udma_set_channel_dst
 .text.udma_set_channel_control_word
                0x00000000002037c0       0x14 contiki-eth-openmote.a(udma.o)
                0x00000000002037c0                udma_set_channel_control_word
 .text.udma_channel_enable
                0x00000000002037d4       0x18 contiki-eth-openmote.a(udma.o)
                0x00000000002037d4                udma_channel_enable
 .text.udma_channel_mask_set
                0x00000000002037ec       0x18 contiki-eth-openmote.a(udma.o)
                0x00000000002037ec                udma_channel_mask_set
 .text.udma_channel_sw_request
                0x0000000000203804       0x18 contiki-eth-openmote.a(udma.o)
                0x0000000000203804                udma_channel_sw_request
 .text.udma_channel_get_mode
                0x000000000020381c       0x1c contiki-eth-openmote.a(udma.o)
                0x000000000020381c                udma_channel_get_mode
 .text.udma_isr
                0x0000000000203838       0x10 contiki-eth-openmote.a(udma.o)
                0x0000000000203838                udma_isr
 .text.udma_err_isr
                0x0000000000203848        0xc contiki-eth-openmote.a(udma.o)
                0x0000000000203848                udma_err_isr
 .text.lpm_exit
                0x0000000000203854       0x48 contiki-eth-openmote.a(lpm.o)
                0x0000000000203854                lpm_exit
 .text.lpm_enter
                0x000000000020389c       0xcc contiki-eth-openmote.a(lpm.o)
                0x000000000020389c                lpm_enter
 .text.lpm_register_peripheral
                0x0000000000203968       0x20 contiki-eth-openmote.a(lpm.o)
                0x0000000000203968                lpm_register_peripheral
 .text.lpm_init
                0x0000000000203988       0x24 contiki-eth-openmote.a(lpm.o)
                0x0000000000203988                lpm_init
 .text.putchar  0x00000000002039ac       0x10 contiki-eth-openmote.a(dbg.o)
                0x00000000002039ac                putchar
 .text.dbg_send_bytes
                0x00000000002039bc       0x3c contiki-eth-openmote.a(dbg.o)
                0x00000000002039bc                dbg_send_bytes
 .text.puts     0x00000000002039f8       0x28 contiki-eth-openmote.a(dbg.o)
                0x00000000002039f8                puts
 .text.ieee_addr_cpy_to
                0x0000000000203a20       0x74 contiki-eth-openmote.a(ieee-addr.o)
                0x0000000000203a20                ieee_addr_cpy_to
 .text.write_str
                0x0000000000203a94       0x10 contiki-eth-openmote.a(dbg-printf.o)
 .text.printf   0x0000000000203aa4       0x24 contiki-eth-openmote.a(dbg-printf.o)
                0x0000000000203aa4                printf
 .text.buffer_str
                0x0000000000203ac8       0x28 contiki-eth-openmote.a(dbg-snprintf.o)
 .text.snprintf
                0x0000000000203af0       0x38 contiki-eth-openmote.a(dbg-snprintf.o)
                0x0000000000203af0                snprintf
 .text.buffer_str
                0x0000000000203b28       0x18 contiki-eth-openmote.a(dbg-sprintf.o)
 .text.sprintf  0x0000000000203b40       0x34 contiki-eth-openmote.a(dbg-sprintf.o)
                0x0000000000203b40                sprintf
 .text.fill_space
                0x0000000000203b74       0x30 contiki-eth-openmote.a(strformat.o)
 .text.format_str_v
                0x0000000000203ba4      0x8a8 contiki-eth-openmote.a(strformat.o)
                0x0000000000203ba4                format_str_v
 .text.rimeaddr_copy
                0x000000000020444c        0x8 contiki-eth-openmote.a(rimeaddr.o)
                0x000000000020444c                rimeaddr_copy
 .text.rimeaddr_cmp
                0x0000000000204454       0x14 contiki-eth-openmote.a(rimeaddr.o)
                0x0000000000204454                rimeaddr_cmp
 .text.input_packet
                0x0000000000204468       0x10 contiki-eth-openmote.a(csma.o)
 .text.on       0x0000000000204478       0x10 contiki-eth-openmote.a(csma.o)
 .text.off      0x0000000000204488       0x10 contiki-eth-openmote.a(csma.o)
 .text.channel_check_interval
                0x0000000000204498       0x10 contiki-eth-openmote.a(csma.o)
 .text.transmit_packet_list
                0x00000000002044a8       0x24 contiki-eth-openmote.a(csma.o)
 .text.send_packet
                0x00000000002044cc      0x154 contiki-eth-openmote.a(csma.o)
 .text.init     0x0000000000204620       0x24 contiki-eth-openmote.a(csma.o)
 .text.free_packet
                0x0000000000204644       0x90 contiki-eth-openmote.a(csma.o)
 .text.packet_sent
                0x00000000002046d4       0xfc contiki-eth-openmote.a(csma.o)
 .text.duty_cycle
                0x00000000002047d0        0x4 contiki-eth-openmote.a(contikimac.o)
 .text.init     0x00000000002047d4       0x40 contiki-eth-openmote.a(contikimac.o)
 .text.on       0x0000000000204814       0x28 contiki-eth-openmote.a(contikimac.o)
 .text.off      0x000000000020483c       0x34 contiki-eth-openmote.a(contikimac.o)
 .text.recv_burst_off
                0x0000000000204870       0x14 contiki-eth-openmote.a(contikimac.o)
 .text.powercycle_turn_radio_off.part.2
                0x0000000000204884       0x10 contiki-eth-openmote.a(contikimac.o)
 .text.turn_off
                0x0000000000204894       0x38 contiki-eth-openmote.a(contikimac.o)
 .text.turn_on  0x00000000002048cc       0x40 contiki-eth-openmote.a(contikimac.o)
 .text.schedule_powercycle_fixed.part.5
                0x000000000020490c       0x34 contiki-eth-openmote.a(contikimac.o)
 .text.input_packet
                0x0000000000204940      0x104 contiki-eth-openmote.a(contikimac.o)
 .text.send_packet.isra.7
                0x0000000000204a44      0x27c contiki-eth-openmote.a(contikimac.o)
 .text.qsend_packet
                0x0000000000204cc0       0x24 contiki-eth-openmote.a(contikimac.o)
 .text.qsend_list
                0x0000000000204ce4       0x70 contiki-eth-openmote.a(contikimac.o)
 .text.powercycle
                0x0000000000204d54      0x264 contiki-eth-openmote.a(contikimac.o)
 .text.rpl_get_mode
                0x0000000000204fb8        0xc contiki-eth-openmote.a(rpl.o)
                0x0000000000204fb8                rpl_get_mode
 .text.rpl_purge_routes
                0x0000000000204fc4       0x7c contiki-eth-openmote.a(rpl.o)
                0x0000000000204fc4                rpl_purge_routes
 .text.rpl_remove_routes
                0x0000000000205040       0x2c contiki-eth-openmote.a(rpl.o)
                0x0000000000205040                rpl_remove_routes
 .text.rpl_remove_routes_by_nexthop
                0x000000000020506c       0x40 contiki-eth-openmote.a(rpl.o)
                0x000000000020506c                rpl_remove_routes_by_nexthop
 .text.rpl_add_route
                0x00000000002050ac       0x2c contiki-eth-openmote.a(rpl.o)
                0x00000000002050ac                rpl_add_route
 .text.rpl_link_neighbor_callback
                0x00000000002050d8       0x68 contiki-eth-openmote.a(rpl.o)
                0x00000000002050d8                rpl_link_neighbor_callback
 .text.rpl_ipv6_neighbor_callback
                0x0000000000205140       0x28 contiki-eth-openmote.a(rpl.o)
                0x0000000000205140                rpl_ipv6_neighbor_callback
 .text.rpl_init
                0x0000000000205168       0x48 contiki-eth-openmote.a(rpl.o)
                0x0000000000205168                rpl_init
 .text.lollipop_greater_than
                0x00000000002051b0       0x3c contiki-eth-openmote.a(rpl-dag.o)
 .text.get_dag  0x00000000002051ec       0x58 contiki-eth-openmote.a(rpl-dag.o)
 .text.rpl_set_preferred_parent
                0x0000000000205244       0x24 contiki-eth-openmote.a(rpl-dag.o)
 .text.set_ip_from_prefix
                0x0000000000205268       0x2c contiki-eth-openmote.a(rpl-dag.o)
 .text.check_prefix
                0x0000000000205294       0x60 contiki-eth-openmote.a(rpl-dag.o)
 .text.find_parent_any_dag_any_instance
                0x00000000002052f4       0x1c contiki-eth-openmote.a(rpl-dag.o)
 .text.rpl_dag_init
                0x0000000000205310       0x10 contiki-eth-openmote.a(rpl-dag.o)
                0x0000000000205310                rpl_dag_init
 .text.rpl_get_parent_ipaddr
                0x0000000000205320       0x18 contiki-eth-openmote.a(rpl-dag.o)
                0x0000000000205320                rpl_get_parent_ipaddr
 .text.rpl_repair_root
                0x0000000000205338       0x5c contiki-eth-openmote.a(rpl-dag.o)
                0x0000000000205338                rpl_repair_root
 .text.rpl_set_prefix
                0x0000000000205394       0x98 contiki-eth-openmote.a(rpl-dag.o)
                0x0000000000205394                rpl_set_prefix
 .text.rpl_set_default_route
                0x000000000020542c       0x48 contiki-eth-openmote.a(rpl-dag.o)
                0x000000000020542c                rpl_set_default_route
 .text.rpl_alloc_instance
                0x0000000000205474       0x2c contiki-eth-openmote.a(rpl-dag.o)
                0x0000000000205474                rpl_alloc_instance
 .text.rpl_add_parent
                0x00000000002054a0       0x2c contiki-eth-openmote.a(rpl-dag.o)
                0x00000000002054a0                rpl_add_parent
 .text.rpl_find_parent
                0x00000000002054cc       0x18 contiki-eth-openmote.a(rpl-dag.o)
                0x00000000002054cc                rpl_find_parent
 .text.rpl_find_parent_any_dag
                0x00000000002054e4       0x24 contiki-eth-openmote.a(rpl-dag.o)
                0x00000000002054e4                rpl_find_parent_any_dag
 .text.rpl_select_parent
                0x0000000000205508       0x54 contiki-eth-openmote.a(rpl-dag.o)
                0x0000000000205508                rpl_select_parent
 .text.rpl_select_dag
                0x000000000020555c      0x17c contiki-eth-openmote.a(rpl-dag.o)
                0x000000000020555c                rpl_select_dag
 .text.rpl_nullify_parent
                0x00000000002056d8       0x44 contiki-eth-openmote.a(rpl-dag.o)
                0x00000000002056d8                rpl_nullify_parent
 .text.rpl_remove_parent
                0x000000000020571c       0x18 contiki-eth-openmote.a(rpl-dag.o)
                0x000000000020571c                rpl_remove_parent
 .text.remove_parents.constprop.5
                0x0000000000205734       0x40 contiki-eth-openmote.a(rpl-dag.o)
 .text.rpl_free_dag
                0x0000000000205774       0x38 contiki-eth-openmote.a(rpl-dag.o)
                0x0000000000205774                rpl_free_dag
 .text.rpl_free_instance
                0x00000000002057ac       0x64 contiki-eth-openmote.a(rpl-dag.o)
                0x00000000002057ac                rpl_free_instance
 .text.rpl_alloc_dag
                0x0000000000205810       0x68 contiki-eth-openmote.a(rpl-dag.o)
                0x0000000000205810                rpl_alloc_dag
 .text.rpl_set_root
                0x0000000000205878       0xfc contiki-eth-openmote.a(rpl-dag.o)
                0x0000000000205878                rpl_set_root
 .text.rpl_move_parent
                0x0000000000205974       0x60 contiki-eth-openmote.a(rpl-dag.o)
                0x0000000000205974                rpl_move_parent
 .text.rpl_get_any_dag
                0x00000000002059d4       0x18 contiki-eth-openmote.a(rpl-dag.o)
                0x00000000002059d4                rpl_get_any_dag
 .text.rpl_get_instance
                0x00000000002059ec       0x20 contiki-eth-openmote.a(rpl-dag.o)
                0x00000000002059ec                rpl_get_instance
 .text.rpl_join_instance
                0x0000000000205a0c      0x140 contiki-eth-openmote.a(rpl-dag.o)
                0x0000000000205a0c                rpl_join_instance
 .text.rpl_local_repair
                0x0000000000205b4c       0x64 contiki-eth-openmote.a(rpl-dag.o)
                0x0000000000205b4c                rpl_local_repair
 .text.rpl_process_parent_event
                0x0000000000205bb0       0x60 contiki-eth-openmote.a(rpl-dag.o)
                0x0000000000205bb0                rpl_process_parent_event
 .text.rpl_add_dag
                0x0000000000205c10      0x13c contiki-eth-openmote.a(rpl-dag.o)
                0x0000000000205c10                rpl_add_dag
 .text.rpl_recalculate_ranks
                0x0000000000205d4c       0x40 contiki-eth-openmote.a(rpl-dag.o)
                0x0000000000205d4c                rpl_recalculate_ranks
 .text.rpl_process_dio
                0x0000000000205d8c      0x27c contiki-eth-openmote.a(rpl-dag.o)
                0x0000000000205d8c                rpl_process_dio
 .text.get32    0x0000000000206008       0x18 contiki-eth-openmote.a(rpl-icmp6.o)
 .text.dis_output
                0x0000000000206020       0x58 contiki-eth-openmote.a(rpl-icmp6.o)
                0x0000000000206020                dis_output
 .text.dio_output
                0x0000000000206078      0x2f4 contiki-eth-openmote.a(rpl-icmp6.o)
                0x0000000000206078                dio_output
 .text.dao_output_target
                0x000000000020636c      0x104 contiki-eth-openmote.a(rpl-icmp6.o)
                0x000000000020636c                dao_output_target
 .text.dao_output
                0x0000000000206470       0x5c contiki-eth-openmote.a(rpl-icmp6.o)
                0x0000000000206470                dao_output
 .text.dao_ack_output
                0x00000000002064cc       0x30 contiki-eth-openmote.a(rpl-icmp6.o)
                0x00000000002064cc                dao_ack_output
 .text.uip_rpl_input
                0x00000000002064fc      0x514 contiki-eth-openmote.a(rpl-icmp6.o)
                0x00000000002064fc                uip_rpl_input
 .text.new_dio_interval
                0x0000000000206a10       0x64 contiki-eth-openmote.a(rpl-timers.o)
 .text.handle_periodic_timer
                0x0000000000206a74       0x38 contiki-eth-openmote.a(rpl-timers.o)
 .text.handle_dio_timer
                0x0000000000206aac       0x88 contiki-eth-openmote.a(rpl-timers.o)
 .text.handle_dao_timer
                0x0000000000206b34       0x48 contiki-eth-openmote.a(rpl-timers.o)
 .text.rpl_reset_periodic_timer
                0x0000000000206b7c       0x3c contiki-eth-openmote.a(rpl-timers.o)
                0x0000000000206b7c                rpl_reset_periodic_timer
 .text.rpl_reset_dio_timer
                0x0000000000206bb8       0x1c contiki-eth-openmote.a(rpl-timers.o)
                0x0000000000206bb8                rpl_reset_dio_timer
 .text.rpl_schedule_dao
                0x0000000000206bd4       0x38 contiki-eth-openmote.a(rpl-timers.o)
                0x0000000000206bd4                rpl_schedule_dao
 .text.reset    0x0000000000206c0c        0x4 contiki-eth-openmote.a(rpl-mrhof.o)
 .text.calculate_rank
                0x0000000000206c10       0x30 contiki-eth-openmote.a(rpl-mrhof.o)
 .text.best_parent
                0x0000000000206c40       0x48 contiki-eth-openmote.a(rpl-mrhof.o)
 .text.update_metric_container
                0x0000000000206c88        0x8 contiki-eth-openmote.a(rpl-mrhof.o)
 .text.neighbor_link_callback
                0x0000000000206c90       0x40 contiki-eth-openmote.a(rpl-mrhof.o)
 .text.best_dag
                0x0000000000206cd0       0x2c contiki-eth-openmote.a(rpl-mrhof.o)
 .text.exit_process
                0x0000000000206cfc       0xb0 contiki-eth-openmote.a(process.o)
 .text.call_process.part.0
                0x0000000000206dac       0x38 contiki-eth-openmote.a(process.o)
 .text.do_poll  0x0000000000206de4       0x3c contiki-eth-openmote.a(process.o)
 .text.process_alloc_event
                0x0000000000206e20       0x10 contiki-eth-openmote.a(process.o)
                0x0000000000206e20                process_alloc_event
 .text.process_init
                0x0000000000206e30       0x34 contiki-eth-openmote.a(process.o)
                0x0000000000206e30                process_init
 .text.process_run
                0x0000000000206e64       0xe0 contiki-eth-openmote.a(process.o)
                0x0000000000206e64                process_run
 .text.process_nevents
                0x0000000000206f44       0x14 contiki-eth-openmote.a(process.o)
                0x0000000000206f44                process_nevents
 .text.process_post
                0x0000000000206f58       0x5c contiki-eth-openmote.a(process.o)
                0x0000000000206f58                process_post
 .text.process_post_synch
                0x0000000000206fb4       0x18 contiki-eth-openmote.a(process.o)
                0x0000000000206fb4                process_post_synch
 .text.process_start
                0x0000000000206fcc       0x40 contiki-eth-openmote.a(process.o)
                0x0000000000206fcc                process_start
 .text.process_poll
                0x000000000020700c       0x18 contiki-eth-openmote.a(process.o)
                0x000000000020700c                process_poll
 .text.autostart_start
                0x0000000000207024       0x18 contiki-eth-openmote.a(autostart.o)
                0x0000000000207024                autostart_start
 .text.process_thread_serial_line_process
                0x000000000020703c       0xac contiki-eth-openmote.a(serial-line.o)
 .text.serial_line_input_byte
                0x00000000002070e8       0x58 contiki-eth-openmote.a(serial-line.o)
                0x00000000002070e8                serial_line_input_byte
 .text.serial_line_init
                0x0000000000207140       0x24 contiki-eth-openmote.a(serial-line.o)
                0x0000000000207140                serial_line_init
 .text.memb_init
                0x0000000000207164       0x24 contiki-eth-openmote.a(memb.o)
                0x0000000000207164                memb_init
 .text.memb_alloc
                0x0000000000207188       0x3c contiki-eth-openmote.a(memb.o)
                0x0000000000207188                memb_alloc
 .text.memb_free
                0x00000000002071c4       0x44 contiki-eth-openmote.a(memb.o)
                0x00000000002071c4                memb_free
 .text.memb_inmemb
                0x0000000000207208       0x1c contiki-eth-openmote.a(memb.o)
                0x0000000000207208                memb_inmemb
 .text.timer_set
                0x0000000000207224       0x10 contiki-eth-openmote.a(timer.o)
                0x0000000000207224                timer_set
 .text.timer_reset
                0x0000000000207234        0xc contiki-eth-openmote.a(timer.o)
                0x0000000000207234                timer_reset
 .text.timer_restart
                0x0000000000207240        0xc contiki-eth-openmote.a(timer.o)
                0x0000000000207240                timer_restart
 .text.timer_expired
                0x000000000020724c       0x1c contiki-eth-openmote.a(timer.o)
                0x000000000020724c                timer_expired
 .text.list_init
                0x0000000000207268        0x8 contiki-eth-openmote.a(list.o)
                0x0000000000207268                list_init
 .text.list_head
                0x0000000000207270        0x4 contiki-eth-openmote.a(list.o)
                0x0000000000207270                list_head
 .text.list_add
                0x0000000000207274       0x60 contiki-eth-openmote.a(list.o)
                0x0000000000207274                list_add
 .text.list_push
                0x00000000002072d4       0x48 contiki-eth-openmote.a(list.o)
                0x00000000002072d4                list_push
 .text.list_remove
                0x000000000020731c       0x40 contiki-eth-openmote.a(list.o)
                0x000000000020731c                list_remove
 .text.list_length
                0x000000000020735c       0x14 contiki-eth-openmote.a(list.o)
                0x000000000020735c                list_length
 .text.list_item_next
                0x0000000000207370        0x8 contiki-eth-openmote.a(list.o)
                0x0000000000207370                list_item_next
 .text.process_thread_ctimer_process
                0x0000000000207378       0x94 contiki-eth-openmote.a(ctimer.o)
 .text.ctimer_init
                0x000000000020740c       0x28 contiki-eth-openmote.a(ctimer.o)
                0x000000000020740c                ctimer_init
 .text.ctimer_set
                0x0000000000207434       0x48 contiki-eth-openmote.a(ctimer.o)
                0x0000000000207434                ctimer_set
 .text.ctimer_reset
                0x000000000020747c       0x40 contiki-eth-openmote.a(ctimer.o)
                0x000000000020747c                ctimer_reset
 .text.ctimer_stop
                0x00000000002074bc       0x34 contiki-eth-openmote.a(ctimer.o)
                0x00000000002074bc                ctimer_stop
 .text.energest_init
                0x00000000002074f0        0x4 contiki-eth-openmote.a(energest.o)
                0x00000000002074f0                energest_init
 .text.rtimer_init
                0x00000000002074f4        0x4 contiki-eth-openmote.a(rtimer.o)
                0x00000000002074f4                rtimer_init
 .text.rtimer_set
                0x00000000002074f8       0x28 contiki-eth-openmote.a(rtimer.o)
                0x00000000002074f8                rtimer_set
 .text.rtimer_run_next
                0x0000000000207520       0x28 contiki-eth-openmote.a(rtimer.o)
                0x0000000000207520                rtimer_run_next
 .text.stimer_set
                0x0000000000207548       0x10 contiki-eth-openmote.a(stimer.o)
                0x0000000000207548                stimer_set
 .text.stimer_expired
                0x0000000000207558       0x20 contiki-eth-openmote.a(stimer.o)
                0x0000000000207558                stimer_expired
 .text.random_rand
                0x0000000000207578       0x30 contiki-eth-openmote.a(random.o)
                0x0000000000207578                random_rand
 .text.random_init
                0x00000000002075a8       0x80 contiki-eth-openmote.a(random.o)
                0x00000000002075a8                random_init
 .text.ringbuf_init
                0x0000000000207628       0x10 contiki-eth-openmote.a(ringbuf.o)
                0x0000000000207628                ringbuf_init
 .text.ringbuf_put
                0x0000000000207638       0x30 contiki-eth-openmote.a(ringbuf.o)
                0x0000000000207638                ringbuf_put
 .text.ringbuf_get
                0x0000000000207668       0x28 contiki-eth-openmote.a(ringbuf.o)
                0x0000000000207668                ringbuf_get
 .text.nbr_set_bit
                0x0000000000207690       0x44 contiki-eth-openmote.a(nbr-table.o)
 .text.index_from_lladdr
                0x00000000002076d4       0x48 contiki-eth-openmote.a(nbr-table.o)
 .text.nbr_get_bit.constprop.0
                0x000000000020771c       0x2c contiki-eth-openmote.a(nbr-table.o)
 .text.nbr_table_register
                0x0000000000207748       0x2c contiki-eth-openmote.a(nbr-table.o)
                0x0000000000207748                nbr_table_register
 .text.nbr_table_next
                0x0000000000207774       0x6c contiki-eth-openmote.a(nbr-table.o)
                0x0000000000207774                nbr_table_next
 .text.nbr_table_head
                0x00000000002077e0       0x50 contiki-eth-openmote.a(nbr-table.o)
                0x00000000002077e0                nbr_table_head
 .text.nbr_table_add_lladdr
                0x0000000000207830      0x174 contiki-eth-openmote.a(nbr-table.o)
                0x0000000000207830                nbr_table_add_lladdr
 .text.nbr_table_get_from_lladdr
                0x00000000002079a4       0x34 contiki-eth-openmote.a(nbr-table.o)
                0x00000000002079a4                nbr_table_get_from_lladdr
 .text.nbr_table_remove
                0x00000000002079d8       0x2c contiki-eth-openmote.a(nbr-table.o)
                0x00000000002079d8                nbr_table_remove
 .text.nbr_table_lock
                0x0000000000207a04       0x10 contiki-eth-openmote.a(nbr-table.o)
                0x0000000000207a04                nbr_table_lock
 .text.nbr_table_unlock
                0x0000000000207a14       0x10 contiki-eth-openmote.a(nbr-table.o)
                0x0000000000207a14                nbr_table_unlock
 .text.nbr_table_get_lladdr
                0x0000000000207a24       0x2c contiki-eth-openmote.a(nbr-table.o)
                0x0000000000207a24                nbr_table_get_lladdr
 .text.netstack_init
                0x0000000000207a50       0x2c contiki-eth-openmote.a(netstack.o)
                0x0000000000207a50                netstack_init
 .text.packetbuf_compact
                0x0000000000207a7c       0x4c contiki-eth-openmote.a(packetbuf.o)
                0x0000000000207a7c                packetbuf_compact
 .text.packetbuf_copyto_hdr
                0x0000000000207ac8       0x20 contiki-eth-openmote.a(packetbuf.o)
                0x0000000000207ac8                packetbuf_copyto_hdr
 .text.packetbuf_copyto
                0x0000000000207ae8       0x50 contiki-eth-openmote.a(packetbuf.o)
                0x0000000000207ae8                packetbuf_copyto
 .text.packetbuf_hdralloc
                0x0000000000207b38       0x3c contiki-eth-openmote.a(packetbuf.o)
                0x0000000000207b38                packetbuf_hdralloc
 .text.packetbuf_hdr_remove
                0x0000000000207b74       0x10 contiki-eth-openmote.a(packetbuf.o)
                0x0000000000207b74                packetbuf_hdr_remove
 .text.packetbuf_hdrreduce
                0x0000000000207b84       0x30 contiki-eth-openmote.a(packetbuf.o)
                0x0000000000207b84                packetbuf_hdrreduce
 .text.packetbuf_set_datalen
                0x0000000000207bb4        0xc contiki-eth-openmote.a(packetbuf.o)
                0x0000000000207bb4                packetbuf_set_datalen
 .text.packetbuf_dataptr
                0x0000000000207bc0       0x14 contiki-eth-openmote.a(packetbuf.o)
                0x0000000000207bc0                packetbuf_dataptr
 .text.packetbuf_hdrptr
                0x0000000000207bd4       0x14 contiki-eth-openmote.a(packetbuf.o)
                0x0000000000207bd4                packetbuf_hdrptr
 .text.packetbuf_is_reference
                0x0000000000207be8       0x18 contiki-eth-openmote.a(packetbuf.o)
                0x0000000000207be8                packetbuf_is_reference
 .text.packetbuf_reference_ptr
                0x0000000000207c00        0xc contiki-eth-openmote.a(packetbuf.o)
                0x0000000000207c00                packetbuf_reference_ptr
 .text.packetbuf_datalen
                0x0000000000207c0c        0xc contiki-eth-openmote.a(packetbuf.o)
                0x0000000000207c0c                packetbuf_datalen
 .text.packetbuf_totlen
                0x0000000000207c18       0x1c contiki-eth-openmote.a(packetbuf.o)
                0x0000000000207c18                packetbuf_totlen
 .text.packetbuf_attr_clear
                0x0000000000207c34       0x34 contiki-eth-openmote.a(packetbuf.o)
                0x0000000000207c34                packetbuf_attr_clear
 .text.packetbuf_clear
                0x0000000000207c68       0x34 contiki-eth-openmote.a(packetbuf.o)
                0x0000000000207c68                packetbuf_clear
 .text.packetbuf_copyfrom
                0x0000000000207c9c       0x2c contiki-eth-openmote.a(packetbuf.o)
                0x0000000000207c9c                packetbuf_copyfrom
 .text.packetbuf_attr_copyto
                0x0000000000207cc8       0x3c contiki-eth-openmote.a(packetbuf.o)
                0x0000000000207cc8                packetbuf_attr_copyto
 .text.packetbuf_attr_copyfrom
                0x0000000000207d04       0x38 contiki-eth-openmote.a(packetbuf.o)
                0x0000000000207d04                packetbuf_attr_copyfrom
 .text.packetbuf_set_attr
                0x0000000000207d3c       0x10 contiki-eth-openmote.a(packetbuf.o)
                0x0000000000207d3c                packetbuf_set_attr
 .text.packetbuf_attr
                0x0000000000207d4c        0xc contiki-eth-openmote.a(packetbuf.o)
                0x0000000000207d4c                packetbuf_attr
 .text.packetbuf_set_addr
                0x0000000000207d58       0x18 contiki-eth-openmote.a(packetbuf.o)
                0x0000000000207d58                packetbuf_set_addr
 .text.packetbuf_addr
                0x0000000000207d70       0x10 contiki-eth-openmote.a(packetbuf.o)
                0x0000000000207d70                packetbuf_addr
 .text.psock_send
                0x0000000000207d80       0xa4 contiki-eth-openmote.a(psock.o)
                0x0000000000207d80                psock_send
 .text.psock_generator_send
                0x0000000000207e24       0x6c contiki-eth-openmote.a(psock.o)
                0x0000000000207e24                psock_generator_send
 .text.psock_datalen
                0x0000000000207e90        0xc contiki-eth-openmote.a(psock.o)
                0x0000000000207e90                psock_datalen
 .text.psock_readto
                0x0000000000207e9c       0xc0 contiki-eth-openmote.a(psock.o)
                0x0000000000207e9c                psock_readto
 .text.psock_init
                0x0000000000207f5c       0x18 contiki-eth-openmote.a(psock.o)
                0x0000000000207f5c                psock_init
 .text.queuebuf_init
                0x0000000000207f74       0x24 contiki-eth-openmote.a(queuebuf.o)
                0x0000000000207f74                queuebuf_init
 .text.queuebuf_new_from_packetbuf
                0x0000000000207f98       0x7c contiki-eth-openmote.a(queuebuf.o)
                0x0000000000207f98                queuebuf_new_from_packetbuf
 .text.queuebuf_update_attr_from_packetbuf
                0x0000000000208014        0xc contiki-eth-openmote.a(queuebuf.o)
                0x0000000000208014                queuebuf_update_attr_from_packetbuf
 .text.queuebuf_free
                0x0000000000208020       0x48 contiki-eth-openmote.a(queuebuf.o)
                0x0000000000208020                queuebuf_free
 .text.queuebuf_to_packetbuf
                0x0000000000208068       0x68 contiki-eth-openmote.a(queuebuf.o)
                0x0000000000208068                queuebuf_to_packetbuf
 .text.queuebuf_attr
                0x00000000002080d0        0xc contiki-eth-openmote.a(queuebuf.o)
                0x00000000002080d0                queuebuf_attr
 .text.sicslowpan_init
                0x00000000002080dc       0x24 contiki-eth-openmote.a(sicslowpan.o)
                0x00000000002080dc                sicslowpan_init
 .text.set_packet_attrs
                0x0000000000208100       0x4c contiki-eth-openmote.a(sicslowpan.o)
 .text.compress_addr_64
                0x000000000020814c       0x9c contiki-eth-openmote.a(sicslowpan.o)
 .text.addr_context_lookup_by_prefix
                0x00000000002081e8       0x28 contiki-eth-openmote.a(sicslowpan.o)
 .text.send_packet
                0x0000000000208210       0x24 contiki-eth-openmote.a(sicslowpan.o)
 .text.packet_sent
                0x0000000000208234       0x28 contiki-eth-openmote.a(sicslowpan.o)
 .text.uncompress_addr
                0x000000000020825c       0x8c contiki-eth-openmote.a(sicslowpan.o)
 .text.input    0x00000000002082e8      0x744 contiki-eth-openmote.a(sicslowpan.o)
 .text.output   0x0000000000208a2c      0x780 contiki-eth-openmote.a(sicslowpan.o)
 .text.simple_udp_sendto
                0x00000000002091ac       0x1c contiki-eth-openmote.a(simple-udp.o)
                0x00000000002091ac                simple_udp_sendto
 .text.start_periodic_tcp_timer
                0x00000000002091c8       0x1c contiki-eth-openmote.a(tcpip.o)
 .text.tcpip_set_outputfunc
                0x00000000002091e4        0xc contiki-eth-openmote.a(tcpip.o)
                0x00000000002091e4                tcpip_set_outputfunc
 .text.tcp_listen
                0x00000000002091f0       0x58 contiki-eth-openmote.a(tcpip.o)
                0x00000000002091f0                tcp_listen
 .text.tcp_attach
                0x0000000000209248       0x10 contiki-eth-openmote.a(tcpip.o)
                0x0000000000209248                tcp_attach
 .text.udp_new  0x0000000000209258       0x18 contiki-eth-openmote.a(tcpip.o)
                0x0000000000209258                udp_new
 .text.tcpip_icmp6_call
                0x0000000000209270       0x28 contiki-eth-openmote.a(tcpip.o)
                0x0000000000209270                tcpip_icmp6_call
 .text.tcpip_input
                0x0000000000209298       0x24 contiki-eth-openmote.a(tcpip.o)
                0x0000000000209298                tcpip_input
 .text.tcpip_ipv6_output
                0x00000000002092bc      0x148 contiki-eth-openmote.a(tcpip.o)
                0x00000000002092bc                tcpip_ipv6_output
 .text.process_thread_tcpip_process
                0x0000000000209404      0x208 contiki-eth-openmote.a(tcpip.o)
 .text.tcpip_poll_udp
                0x000000000020960c       0x10 contiki-eth-openmote.a(tcpip.o)
                0x000000000020960c                tcpip_poll_udp
 .text.tcpip_uipcall
                0x000000000020961c       0x9c contiki-eth-openmote.a(tcpip.o)
                0x000000000020961c                tcpip_uipcall
 .text.uip_debug_ipaddr_print
                0x00000000002096b8       0x70 contiki-eth-openmote.a(uip-debug.o)
                0x00000000002096b8                uip_debug_ipaddr_print
 .text.call_route_callback
                0x0000000000209728       0x50 contiki-eth-openmote.a(uip-ds6-route.o)
 .text.uip_ds6_notification_add
                0x0000000000209778       0x14 contiki-eth-openmote.a(uip-ds6-route.o)
                0x0000000000209778                uip_ds6_notification_add
 .text.uip_ds6_route_init
                0x000000000020978c       0x40 contiki-eth-openmote.a(uip-ds6-route.o)
                0x000000000020978c                uip_ds6_route_init
 .text.uip_ds6_route_nexthop
                0x00000000002097cc       0x1c contiki-eth-openmote.a(uip-ds6-route.o)
                0x00000000002097cc                uip_ds6_route_nexthop
 .text.uip_ds6_route_head
                0x00000000002097e8       0x24 contiki-eth-openmote.a(uip-ds6-route.o)
                0x00000000002097e8                uip_ds6_route_head
 .text.uip_ds6_route_next
                0x000000000020980c       0x2c contiki-eth-openmote.a(uip-ds6-route.o)
                0x000000000020980c                uip_ds6_route_next
 .text.uip_ds6_route_num_routes
                0x0000000000209838        0xc contiki-eth-openmote.a(uip-ds6-route.o)
                0x0000000000209838                uip_ds6_route_num_routes
 .text.uip_ds6_route_lookup
                0x0000000000209844       0x48 contiki-eth-openmote.a(uip-ds6-route.o)
                0x0000000000209844                uip_ds6_route_lookup
 .text.uip_ds6_route_add
                0x000000000020988c       0xb8 contiki-eth-openmote.a(uip-ds6-route.o)
                0x000000000020988c                uip_ds6_route_add
 .text.uip_ds6_route_rm
                0x0000000000209944       0x5c contiki-eth-openmote.a(uip-ds6-route.o)
                0x0000000000209944                uip_ds6_route_rm
 .text.rm_routelist
                0x00000000002099a0       0x2c contiki-eth-openmote.a(uip-ds6-route.o)
 .text.rm_routelist_callback
                0x00000000002099cc        0x4 contiki-eth-openmote.a(uip-ds6-route.o)
 .text.uip_ds6_defrt_rm
                0x00000000002099d0       0x48 contiki-eth-openmote.a(uip-ds6-route.o)
                0x00000000002099d0                uip_ds6_defrt_rm
 .text.uip_ds6_defrt_lookup
                0x0000000000209a18       0x34 contiki-eth-openmote.a(uip-ds6-route.o)
                0x0000000000209a18                uip_ds6_defrt_lookup
 .text.uip_ds6_defrt_add
                0x0000000000209a4c       0x74 contiki-eth-openmote.a(uip-ds6-route.o)
                0x0000000000209a4c                uip_ds6_defrt_add
 .text.uip_ds6_defrt_choose
                0x0000000000209ac0       0x84 contiki-eth-openmote.a(uip-ds6-route.o)
                0x0000000000209ac0                uip_ds6_defrt_choose
 .text.uip_ds6_defrt_periodic
                0x0000000000209b44       0x3c contiki-eth-openmote.a(uip-ds6-route.o)
                0x0000000000209b44                uip_ds6_defrt_periodic
 .text.uip_ds6_nbr_rm
                0x0000000000209b80       0x20 contiki-eth-openmote.a(uip-ds6-nbr.o)
                0x0000000000209b80                uip_ds6_nbr_rm
 .text.uip_ds6_neighbors_init
                0x0000000000209ba0       0x14 contiki-eth-openmote.a(uip-ds6-nbr.o)
                0x0000000000209ba0                uip_ds6_neighbors_init
 .text.uip_ds6_nbr_add
                0x0000000000209bb4       0x50 contiki-eth-openmote.a(uip-ds6-nbr.o)
                0x0000000000209bb4                uip_ds6_nbr_add
 .text.uip_ds6_nbr_get_ipaddr
                0x0000000000209c04        0x4 contiki-eth-openmote.a(uip-ds6-nbr.o)
                0x0000000000209c04                uip_ds6_nbr_get_ipaddr
 .text.uip_ds6_nbr_get_ll
                0x0000000000209c08       0x10 contiki-eth-openmote.a(uip-ds6-nbr.o)
                0x0000000000209c08                uip_ds6_nbr_get_ll
 .text.uip_ds6_nbr_lookup
                0x0000000000209c18       0x3c contiki-eth-openmote.a(uip-ds6-nbr.o)
                0x0000000000209c18                uip_ds6_nbr_lookup
 .text.uip_ds6_nbr_ipaddr_from_lladdr
                0x0000000000209c54       0x10 contiki-eth-openmote.a(uip-ds6-nbr.o)
                0x0000000000209c54                uip_ds6_nbr_ipaddr_from_lladdr
 .text.uip_ds6_nbr_lladdr_from_ipaddr
                0x0000000000209c64       0x1c contiki-eth-openmote.a(uip-ds6-nbr.o)
                0x0000000000209c64                uip_ds6_nbr_lladdr_from_ipaddr
 .text.uip_ds6_link_neighbor_callback
                0x0000000000209c80       0x2c contiki-eth-openmote.a(uip-ds6-nbr.o)
                0x0000000000209c80                uip_ds6_link_neighbor_callback
 .text.uip_ds6_neighbor_periodic
                0x0000000000209cac      0x108 contiki-eth-openmote.a(uip-ds6-nbr.o)
                0x0000000000209cac                uip_ds6_neighbor_periodic
 .text.uip_ds6_list_loop
                0x0000000000209db4       0x68 contiki-eth-openmote.a(uip-ds6.o)
                0x0000000000209db4                uip_ds6_list_loop
 .text.uip_ds6_prefix_add
                0x0000000000209e1c       0x70 contiki-eth-openmote.a(uip-ds6.o)
                0x0000000000209e1c                uip_ds6_prefix_add
 .text.uip_ds6_is_addr_onlink
                0x0000000000209e8c       0x48 contiki-eth-openmote.a(uip-ds6.o)
                0x0000000000209e8c                uip_ds6_is_addr_onlink
 .text.uip_ds6_addr_lookup
                0x0000000000209ed4       0x30 contiki-eth-openmote.a(uip-ds6.o)
                0x0000000000209ed4                uip_ds6_addr_lookup
 .text.uip_ds6_get_link_local
                0x0000000000209f04       0x4c contiki-eth-openmote.a(uip-ds6.o)
                0x0000000000209f04                uip_ds6_get_link_local
 .text.uip_ds6_maddr_add
                0x0000000000209f50       0x50 contiki-eth-openmote.a(uip-ds6.o)
                0x0000000000209f50                uip_ds6_maddr_add
 .text.uip_ds6_addr_add
                0x0000000000209fa0       0xac contiki-eth-openmote.a(uip-ds6.o)
                0x0000000000209fa0                uip_ds6_addr_add
 .text.uip_ds6_maddr_lookup
                0x000000000020a04c       0x30 contiki-eth-openmote.a(uip-ds6.o)
                0x000000000020a04c                uip_ds6_maddr_lookup
 .text.uip_ds6_addr_rm
                0x000000000020a07c       0x48 contiki-eth-openmote.a(uip-ds6.o)
                0x000000000020a07c                uip_ds6_addr_rm
 .text.uip_ds6_periodic
                0x000000000020a0c4       0x60 contiki-eth-openmote.a(uip-ds6.o)
                0x000000000020a0c4                uip_ds6_periodic
 .text.uip_ds6_select_src
                0x000000000020a124       0xfc contiki-eth-openmote.a(uip-ds6.o)
                0x000000000020a124                uip_ds6_select_src
 .text.uip_ds6_set_addr_iid
                0x000000000020a220       0x14 contiki-eth-openmote.a(uip-ds6.o)
                0x000000000020a220                uip_ds6_set_addr_iid
 .text.uip_ds6_compute_reachable_time
                0x000000000020a234       0x28 contiki-eth-openmote.a(uip-ds6.o)
                0x000000000020a234                uip_ds6_compute_reachable_time
 .text.uip_ds6_init
                0x000000000020a25c       0xf0 contiki-eth-openmote.a(uip-ds6.o)
                0x000000000020a25c                uip_ds6_init
 .text.uip_icmp6_echo_request_input
                0x000000000020a34c      0x118 contiki-eth-openmote.a(uip-icmp6.o)
                0x000000000020a34c                uip_icmp6_echo_request_input
 .text.uip_icmp6_error_output
                0x000000000020a464      0x168 contiki-eth-openmote.a(uip-icmp6.o)
                0x000000000020a464                uip_icmp6_error_output
 .text.uip_icmp6_send
                0x000000000020a5cc       0x8c contiki-eth-openmote.a(uip-icmp6.o)
                0x000000000020a5cc                uip_icmp6_send
 .text.uip_icmp6_echo_reply_input
                0x000000000020a658       0xfc contiki-eth-openmote.a(uip-icmp6.o)
                0x000000000020a658                uip_icmp6_echo_reply_input
 .text.uip_icmp6_echo_reply_callback_add
                0x000000000020a754       0x14 contiki-eth-openmote.a(uip-icmp6.o)
                0x000000000020a754                uip_icmp6_echo_reply_callback_add
 .text.uip_nd6_ns_input
                0x000000000020a768      0x294 contiki-eth-openmote.a(uip-nd6.o)
                0x000000000020a768                uip_nd6_ns_input
 .text.uip_nd6_ns_output
                0x000000000020a9fc      0x16c contiki-eth-openmote.a(uip-nd6.o)
                0x000000000020a9fc                uip_nd6_ns_output
 .text.uip_nd6_na_input
                0x000000000020ab68      0x1f0 contiki-eth-openmote.a(uip-nd6.o)
                0x000000000020ab68                uip_nd6_na_input
 .text.uip_udp_packet_send
                0x000000000020ad58       0x44 contiki-eth-openmote.a(uip-udp-packet.)
                0x000000000020ad58                uip_udp_packet_send
 .text.uip_udp_packet_sendto
                0x000000000020ad9c       0x4c contiki-eth-openmote.a(uip-udp-packet.)
                0x000000000020ad9c                uip_udp_packet_sendto
 .text.chksum   0x000000000020ade8       0x50 contiki-eth-openmote.a(uip6.o)
 .text.upper_layer_chksum
                0x000000000020ae38       0x58 contiki-eth-openmote.a(uip6.o)
 .text.ext_hdr_options_process
                0x000000000020ae90       0xc4 contiki-eth-openmote.a(uip6.o)
 .text.uip_add32
                0x000000000020af54       0x58 contiki-eth-openmote.a(uip6.o)
                0x000000000020af54                uip_add32
 .text.unlikely.uip_add_rcv_nxt
                0x000000000020afac       0x2c contiki-eth-openmote.a(uip6.o)
 .text.uip_icmp6chksum
                0x000000000020afd8        0x8 contiki-eth-openmote.a(uip6.o)
                0x000000000020afd8                uip_icmp6chksum
 .text.uip_init
                0x000000000020afe0       0x5c contiki-eth-openmote.a(uip6.o)
                0x000000000020afe0                uip_init
 .text.remove_ext_hdr
                0x000000000020b03c       0x60 contiki-eth-openmote.a(uip6.o)
                0x000000000020b03c                remove_ext_hdr
 .text.uip_udp_new
                0x000000000020b09c       0xe0 contiki-eth-openmote.a(uip6.o)
                0x000000000020b09c                uip_udp_new
 .text.uip_unlisten
                0x000000000020b17c       0x50 contiki-eth-openmote.a(uip6.o)
                0x000000000020b17c                uip_unlisten
 .text.uip_listen
                0x000000000020b1cc       0x54 contiki-eth-openmote.a(uip6.o)
                0x000000000020b1cc                uip_listen
 .text.uip_process
                0x000000000020b220     0x11ec contiki-eth-openmote.a(uip6.o)
                0x000000000020b220                uip_process
 .text.uip_htons
                0x000000000020c40c        0x8 contiki-eth-openmote.a(uip6.o)
                0x000000000020c40c                uip_htons
 .text.uip_htonl
                0x000000000020c414       0x14 contiki-eth-openmote.a(uip6.o)
                0x000000000020c414                uip_htonl
 .text.uip_send
                0x000000000020c428       0x5c contiki-eth-openmote.a(uip6.o)
                0x000000000020c428                uip_send
 .text.netstack_aes_set_key
                0x000000000020c484       0x24 contiki-eth-openmote.a(netstack-aes.o)
                0x000000000020c484                netstack_aes_set_key
 .text.ip64_addr_copy4
                0x000000000020c4a8        0x8 contiki-eth-openmote.a(ip64-addr.o)
                0x000000000020c4a8                ip64_addr_copy4
 .text.ip64_addr_copy6
                0x000000000020c4b0       0x18 contiki-eth-openmote.a(ip64-addr.o)
                0x000000000020c4b0                ip64_addr_copy6
 .text.ip64_addr_4to6
                0x000000000020c4c8       0x38 contiki-eth-openmote.a(ip64-addr.o)
                0x000000000020c4c8                ip64_addr_4to6
 .text.mac_call_sent_callback
                0x000000000020c500       0x10 contiki-eth-openmote.a(mac.o)
                0x000000000020c500                mac_call_sent_callback
 .text.parse    0x000000000020c510       0xa0 contiki-eth-openmote.a(framer-802154.o)
 .text.create   0x000000000020c5b0      0x128 contiki-eth-openmote.a(framer-802154.o)
 .text.rpl_verify_header
                0x000000000020c6d8       0xa8 contiki-eth-openmote.a(rpl-ext-header.)
                0x000000000020c6d8                rpl_verify_header
 .text.rpl_update_header_empty
                0x000000000020c780      0x100 contiki-eth-openmote.a(rpl-ext-header.)
                0x000000000020c780                rpl_update_header_empty
 .text.rpl_update_header_final
                0x000000000020c880       0x88 contiki-eth-openmote.a(rpl-ext-header.)
                0x000000000020c880                rpl_update_header_final
 .text.rpl_invert_header
                0x000000000020c908       0x50 contiki-eth-openmote.a(rpl-ext-header.)
                0x000000000020c908                rpl_invert_header
 .text.field_len
                0x000000000020c958       0x80 contiki-eth-openmote.a(frame802154.o)
 .text.frame802154_hdrlen
                0x000000000020c9d8       0x30 contiki-eth-openmote.a(frame802154.o)
                0x000000000020c9d8                frame802154_hdrlen
 .text.frame802154_create
                0x000000000020ca08      0x128 contiki-eth-openmote.a(frame802154.o)
                0x000000000020ca08                frame802154_create
 .text.frame802154_parse
                0x000000000020cb30      0x138 contiki-eth-openmote.a(frame802154.o)
                0x000000000020cb30                frame802154_parse
 .text          0x000000000020cc68       0x2c /usr/bin/../lib/gcc/arm-none-eabi/4.8.4/armv7-m/libgcc.a(_aeabi_uldivmod.o)
                0x000000000020cc68                __aeabi_uldivmod
 .text          0x000000000020cc94       0x60 /usr/bin/../lib/gcc/arm-none-eabi/4.8.4/armv7-m/libgcc.a(bpabi.o)
                0x000000000020cc94                __gnu_ldivmod_helper
                0x000000000020ccc4                __gnu_uldivmod_helper
 .text          0x000000000020ccf4        0x4 /usr/bin/../lib/gcc/arm-none-eabi/4.8.4/armv7-m/libgcc.a(_dvmd_tls.o)
                0x000000000020ccf4                __aeabi_ldiv0
                0x000000000020ccf4                __aeabi_idiv0
 .text          0x000000000020ccf8      0x2a0 /usr/bin/../lib/gcc/arm-none-eabi/4.8.4/armv7-m/libgcc.a(_divdi3.o)
                0x000000000020ccf8                __divdi3
 .text          0x000000000020cf98      0x290 /usr/bin/../lib/gcc/arm-none-eabi/4.8.4/armv7-m/libgcc.a(_udivdi3.o)
                0x000000000020cf98                __udivdi3
 .text.memcmp   0x000000000020d228       0x68 /usr/bin/../lib/gcc/arm-none-eabi/4.8.4/../../../../arm-none-eabi/lib/armv7-m/libc.a(lib_a-memcmp.o)
                0x000000000020d228                memcmp
 .text          0x000000000020d290       0xec /usr/bin/../lib/gcc/arm-none-eabi/4.8.4/../../../../arm-none-eabi/lib/armv7-m/libc.a(lib_a-memcpy.o)
                0x000000000020d290                memcpy
 .text.memmove  0x000000000020d37c       0xcc /usr/bin/../lib/gcc/arm-none-eabi/4.8.4/../../../../arm-none-eabi/lib/armv7-m/libc.a(lib_a-memmove.o)
                0x000000000020d37c                memmove
 .text.memset   0x000000000020d448       0x94 /usr/bin/../lib/gcc/arm-none-eabi/4.8.4/../../../../arm-none-eabi/lib/armv7-m/libc.a(lib_a-memset.o)
                0x000000000020d448                memset
 .text.strchr   0x000000000020d4dc       0xf4 /usr/bin/../lib/gcc/arm-none-eabi/4.8.4/../../../../arm-none-eabi/lib/armv7-m/libc.a(lib_a-strchr.o)
                0x000000000020d4dc                strchr
 .text.strcpy   0x000000000020d5d0       0xbc /usr/bin/../lib/gcc/arm-none-eabi/4.8.4/../../../../arm-none-eabi/lib/armv7-m/libc.a(lib_a-strcpy.o)
                0x000000000020d5d0                strcpy
 .text.strlen   0x000000000020d68c       0x60 /usr/bin/../lib/gcc/arm-none-eabi/4.8.4/../../../../arm-none-eabi/lib/armv7-m/libc.a(lib_a-strlen.o)
                0x000000000020d68c                strlen
 .text.strncmp  0x000000000020d6ec       0xb4 /usr/bin/../lib/gcc/arm-none-eabi/4.8.4/../../../../arm-none-eabi/lib/armv7-m/libc.a(lib_a-strncmp.o)
                0x000000000020d6ec                strncmp
 .text.strncpy  0x000000000020d7a0       0x64 /usr/bin/../lib/gcc/arm-none-eabi/4.8.4/../../../../arm-none-eabi/lib/armv7-m/libc.a(lib_a-strncpy.o)
                0x000000000020d7a0                strncpy
 .text.strrchr  0x000000000020d804       0x28 /usr/bin/../lib/gcc/arm-none-eabi/4.8.4/../../../../arm-none-eabi/lib/armv7-m/libc.a(lib_a-strrchr.o)
                0x000000000020d804                strrchr
 *(.rodata*)
 .rodata.autostart_processes
                0x000000000020d82c        0xc router-webserver-node.co
                0x000000000020d82c                autostart_processes
 .rodata.str1.4
                0x000000000020d838       0x58 router-webserver-node.co
 .rodata.str1.4
                0x000000000020d890        0xc contiki-eth-openmote.a(etimer.o)
 .rodata.str1.4
                0x000000000020d89c        0xb contiki-eth-openmote.a(ip64-webserver.)
                                          0xc (size before relaxing)
 *fill*         0x000000000020d8a7        0x1 00000000
 .rodata.str1.4
                0x000000000020d8a8       0x10 contiki-eth-openmote.a(httpd.o)
 .rodata.ip64_webserver_http_404_html
                0x000000000020d8b8        0xc contiki-eth-openmote.a(ip64-webserver-)
                0x000000000020d8b8                ip64_webserver_http_404_html
 .rodata.ip64_webserver_http_referer
                0x000000000020d8c4        0xc contiki-eth-openmote.a(ip64-webserver-)
                0x000000000020d8c4                ip64_webserver_http_referer
 .rodata.ip64_webserver_http_index_html
                0x000000000020d8d0        0xc contiki-eth-openmote.a(ip64-webserver-)
                0x000000000020d8d0                ip64_webserver_http_index_html
 .rodata.ip64_webserver_http_jpg
                0x000000000020d8dc        0x8 contiki-eth-openmote.a(ip64-webserver-)
                0x000000000020d8dc                ip64_webserver_http_jpg
 .rodata.ip64_webserver_http_content_type_jpg
                0x000000000020d8e4       0x20 contiki-eth-openmote.a(ip64-webserver-)
                0x000000000020d8e4                ip64_webserver_http_content_type_jpg
 .rodata.ip64_webserver_http_content_type_png
                0x000000000020d904       0x1c contiki-eth-openmote.a(ip64-webserver-)
                0x000000000020d904                ip64_webserver_http_content_type_png
 .rodata.ip64_webserver_http_content_type_html
                0x000000000020d920       0x1c contiki-eth-openmote.a(ip64-webserver-)
                0x000000000020d920                ip64_webserver_http_content_type_html
 .rodata.ip64_webserver_http_content_type_binary
                0x000000000020d93c       0x2c contiki-eth-openmote.a(ip64-webserver-)
                0x000000000020d93c                ip64_webserver_http_content_type_binary
 .rodata.ip64_webserver_http_html
                0x000000000020d968        0x8 contiki-eth-openmote.a(ip64-webserver-)
                0x000000000020d968                ip64_webserver_http_html
 .rodata.ip64_webserver_http_png
                0x000000000020d970        0x8 contiki-eth-openmote.a(ip64-webserver-)
                0x000000000020d970                ip64_webserver_http_png
 .rodata.ip64_webserver_http_css
                0x000000000020d978        0x8 contiki-eth-openmote.a(ip64-webserver-)
                0x000000000020d978                ip64_webserver_http_css
 .rodata.ip64_webserver_http_header_200
                0x000000000020d980       0x58 contiki-eth-openmote.a(ip64-webserver-)
                0x000000000020d980                ip64_webserver_http_header_200
 .rodata.ip64_webserver_http_content_type_css
                0x000000000020d9d8       0x1c contiki-eth-openmote.a(ip64-webserver-)
                0x000000000020d9d8                ip64_webserver_http_content_type_css
 .rodata.ip64_webserver_http_content_type_plain
                0x000000000020d9f4       0x20 contiki-eth-openmote.a(ip64-webserver-)
                0x000000000020d9f4                ip64_webserver_http_content_type_plain
 .rodata.ip64_webserver_http_gif
                0x000000000020da14        0x8 contiki-eth-openmote.a(ip64-webserver-)
                0x000000000020da14                ip64_webserver_http_gif
 .rodata.ip64_webserver_http_content_type_gif
                0x000000000020da1c       0x1c contiki-eth-openmote.a(ip64-webserver-)
                0x000000000020da1c                ip64_webserver_http_content_type_gif
 .rodata.ip64_webserver_http_header_404
                0x000000000020da38       0x5c contiki-eth-openmote.a(ip64-webserver-)
                0x000000000020da38                ip64_webserver_http_header_404
 .rodata.ip64_webserver_http_shtml
                0x000000000020da94        0x8 contiki-eth-openmote.a(ip64-webserver-)
                0x000000000020da94                ip64_webserver_http_shtml
 .rodata.ip64_webserver_http_get
                0x000000000020da9c        0x8 contiki-eth-openmote.a(ip64-webserver-)
                0x000000000020da9c                ip64_webserver_http_get
 .rodata.data_rplreset_shtml
                0x000000000020daa4       0x20 contiki-eth-openmote.a(httpd-fs.o)
                0x000000000020daa4                data_rplreset_shtml
 .rodata.file_files_shtml
                0x000000000020dac4       0x14 contiki-eth-openmote.a(httpd-fs.o)
                0x000000000020dac4                file_files_shtml
 .rodata.data_nbrsping_shtml
                0x000000000020dad8       0x7c contiki-eth-openmote.a(httpd-fs.o)
                0x000000000020dad8                data_nbrsping_shtml
 .rodata.file_rplroot_shtml
                0x000000000020db54       0x14 contiki-eth-openmote.a(httpd-fs.o)
                0x000000000020db54                file_rplroot_shtml
 .rodata.data_index_html
                0x000000000020db68      0xab4 contiki-eth-openmote.a(httpd-fs.o)
                0x000000000020db68                data_index_html
 .rodata.file_nbrs_shtml
                0x000000000020e61c       0x14 contiki-eth-openmote.a(httpd-fs.o)
                0x000000000020e61c                file_nbrs_shtml
 .rodata.file_nat_shtml
                0x000000000020e630       0x14 contiki-eth-openmote.a(httpd-fs.o)
                0x000000000020e630                file_nat_shtml
 .rodata.file_processes_shtml
                0x000000000020e644       0x14 contiki-eth-openmote.a(httpd-fs.o)
                0x000000000020e644                file_processes_shtml
 .rodata.data_processes_shtml
                0x000000000020e658       0xbc contiki-eth-openmote.a(httpd-fs.o)
                0x000000000020e658                data_processes_shtml
 .rodata.data_nat_shtml
                0x000000000020e714       0xe8 contiki-eth-openmote.a(httpd-fs.o)
                0x000000000020e714                data_nat_shtml
 .rodata.data_404_html
                0x000000000020e7fc       0x10 contiki-eth-openmote.a(httpd-fs.o)
                0x000000000020e7fc                data_404_html
 .rodata.data_routes_shtml
                0x000000000020e80c       0x94 contiki-eth-openmote.a(httpd-fs.o)
                0x000000000020e80c                data_routes_shtml
 .rodata.data_routesping_shtml
                0x000000000020e8a0       0x9c contiki-eth-openmote.a(httpd-fs.o)
                0x000000000020e8a0                data_routesping_shtml
 .rodata.data_tcp_shtml
                0x000000000020e93c       0xcc contiki-eth-openmote.a(httpd-fs.o)
                0x000000000020e93c                data_tcp_shtml
 .rodata.data_rplroot_shtml
                0x000000000020ea08       0x20 contiki-eth-openmote.a(httpd-fs.o)
                0x000000000020ea08                data_rplroot_shtml
 .rodata.data_nbrs_shtml
                0x000000000020ea28       0x7c contiki-eth-openmote.a(httpd-fs.o)
                0x000000000020ea28                data_nbrs_shtml
 .rodata.file_index_html
                0x000000000020eaa4       0x14 contiki-eth-openmote.a(httpd-fs.o)
                0x000000000020eaa4                file_index_html
 .rodata.data_status_shtml
                0x000000000020eab8       0xc4 contiki-eth-openmote.a(httpd-fs.o)
                0x000000000020eab8                data_status_shtml
 .rodata.file_routes_shtml
                0x000000000020eb7c       0x14 contiki-eth-openmote.a(httpd-fs.o)
                0x000000000020eb7c                file_routes_shtml
 .rodata.file_404_html
                0x000000000020eb90       0x14 contiki-eth-openmote.a(httpd-fs.o)
                0x000000000020eb90                file_404_html
 .rodata.file_nbrsping_shtml
                0x000000000020eba4       0x14 contiki-eth-openmote.a(httpd-fs.o)
                0x000000000020eba4                file_nbrsping_shtml
 .rodata.file_rplreset_shtml
                0x000000000020ebb8       0x14 contiki-eth-openmote.a(httpd-fs.o)
                0x000000000020ebb8                file_rplreset_shtml
 .rodata.file_status_shtml
                0x000000000020ebcc       0x14 contiki-eth-openmote.a(httpd-fs.o)
                0x000000000020ebcc                file_status_shtml
 .rodata.file_tcp_shtml
                0x000000000020ebe0       0x14 contiki-eth-openmote.a(httpd-fs.o)
                0x000000000020ebe0                file_tcp_shtml
 .rodata.data_files_shtml
                0x000000000020ebf4      0x2f0 contiki-eth-openmote.a(httpd-fs.o)
                0x000000000020ebf4                data_files_shtml
 .rodata.file_routesping_shtml
                0x000000000020eee4       0x14 contiki-eth-openmote.a(httpd-fs.o)
                0x000000000020eee4                file_routesping_shtml
 .rodata.httpd_cgi_room2.7577
                0x000000000020eef8       0x30 contiki-eth-openmote.a(httpd-cgi.o)
 .rodata.addrmap_name
                0x000000000020ef28        0x8 contiki-eth-openmote.a(httpd-cgi.o)
 .rodata.httpd_cgi_rtesh.7624
                0x000000000020ef30        0x4 contiki-eth-openmote.a(httpd-cgi.o)
 .rodata.reboot_name
                0x000000000020ef34        0x8 contiki-eth-openmote.a(httpd-cgi.o)
 .rodata.none   0x000000000020ef3c        0x8 contiki-eth-openmote.a(httpd-cgi.o)
 .rodata.nbrsping_name
                0x000000000020ef44        0xc contiki-eth-openmote.a(httpd-cgi.o)
 .rodata.rtes_name
                0x000000000020ef50        0x8 contiki-eth-openmote.a(httpd-cgi.o)
 .rodata.time_wait
                0x000000000020ef58        0xc contiki-eth-openmote.a(httpd-cgi.o)
 .rodata.httpd_cgi_rtes1.7612
                0x000000000020ef64       0x18 contiki-eth-openmote.a(httpd-cgi.o)
 .rodata.closed
                0x000000000020ef7c        0x8 contiki-eth-openmote.a(httpd-cgi.o)
 .rodata.httpd_cgi_addrb
                0x000000000020ef84        0xc contiki-eth-openmote.a(httpd-cgi.o)
 .rodata.httpd_cgi_rtesf.7625
                0x000000000020ef90       0x30 contiki-eth-openmote.a(httpd-cgi.o)
 .rodata.httpd_cgi_rtesh.7610
                0x000000000020efc0        0x4 contiki-eth-openmote.a(httpd-cgi.o)
 .rodata.httpd_cgi_addrf
                0x000000000020efc4       0x28 contiki-eth-openmote.a(httpd-cgi.o)
 .rodata.httpd_cgi_addrh
                0x000000000020efec        0xc contiki-eth-openmote.a(httpd-cgi.o)
 .rodata.httpd_cgi_rtes2.7613
                0x000000000020eff8        0x8 contiki-eth-openmote.a(httpd-cgi.o)
 .rodata.syn_sent
                0x000000000020f000        0xc contiki-eth-openmote.a(httpd-cgi.o)
 .rodata.states
                0x000000000020f00c       0x30 contiki-eth-openmote.a(httpd-cgi.o)
 .rodata.proc_name
                0x000000000020f03c        0xc contiki-eth-openmote.a(httpd-cgi.o)
 .rodata.running
                0x000000000020f048        0x8 contiki-eth-openmote.a(httpd-cgi.o)
 .rodata.nbrs_name
                0x000000000020f050        0xc contiki-eth-openmote.a(httpd-cgi.o)
 .rodata.rplreset_name
                0x000000000020f05c        0xc contiki-eth-openmote.a(httpd-cgi.o)
 .rodata.syn_rcvd
                0x000000000020f068        0xc contiki-eth-openmote.a(httpd-cgi.o)
 .rodata.adrs_name
                0x000000000020f074        0xc contiki-eth-openmote.a(httpd-cgi.o)
 .rodata.fin_wait_1
                0x000000000020f080        0xc contiki-eth-openmote.a(httpd-cgi.o)
 .rodata.fin_wait_2
                0x000000000020f08c        0xc contiki-eth-openmote.a(httpd-cgi.o)
 .rodata.file_name
                0x000000000020f098        0xc contiki-eth-openmote.a(httpd-cgi.o)
 .rodata.rtesping_name
                0x000000000020f0a4        0x8 contiki-eth-openmote.a(httpd-cgi.o)
 .rodata.rplroot_name
                0x000000000020f0ac        0x8 contiki-eth-openmote.a(httpd-cgi.o)
 .rodata.called
                0x000000000020f0b4        0x8 contiki-eth-openmote.a(httpd-cgi.o)
 .rodata.closing
                0x000000000020f0bc        0x8 contiki-eth-openmote.a(httpd-cgi.o)
 .rodata.last_ack
                0x000000000020f0c4        0xc contiki-eth-openmote.a(httpd-cgi.o)
 .rodata.httpd_cgi_rtes0.7611
                0x000000000020f0d0        0xc contiki-eth-openmote.a(httpd-cgi.o)
 .rodata.tcp_name
                0x000000000020f0dc       0x10 contiki-eth-openmote.a(httpd-cgi.o)
 .rodata.str1.4
                0x000000000020f0ec      0x260 contiki-eth-openmote.a(httpd-cgi.o)
                                        0x26c (size before relaxing)
 .rodata.established
                0x000000000020f34c        0xc contiki-eth-openmote.a(httpd-cgi.o)
 .rodata        0x000000000020f358        0x8 contiki-eth-openmote.a(network-reboot.)
 .rodata.str1.4
                0x000000000020f360       0x9d contiki-eth-openmote.a(simple-udp-ping)
                                         0xa0 (size before relaxing)
 *fill*         0x000000000020f3fd        0x3 00000000
 .rodata.ip64_null_driver
                0x000000000020f400        0x8 contiki-eth-openmote.a(ip64-null-drive)
                0x000000000020f400                ip64_null_driver
 .rodata.str1.4
                0x000000000020f408       0x52 contiki-eth-openmote.a(ip64-ipv4-dhcp.)
                                         0x54 (size before relaxing)
 *fill*         0x000000000020f45a        0x2 00000000
 .rodata.magic_cookie
                0x000000000020f45c        0x4 contiki-eth-openmote.a(dhcpv4.o)
 .rodata.str1.4
                0x000000000020f460       0x11 contiki-eth-openmote.a(dhcpv4.o)
                                         0x14 (size before relaxing)
 *fill*         0x000000000020f471        0x3 00000000
 .rodata.str1.4
                0x000000000020f474       0x11 contiki-eth-openmote.a(simple-rpl.o)
                                         0x18 (size before relaxing)
 *fill*         0x000000000020f485        0x3 00000000
 .rodata.str1.4
                0x000000000020f488       0xf9 contiki-eth-openmote.a(contiki-mist-op)
                                        0x100 (size before relaxing)
 *fill*         0x000000000020f581        0x3 00000000
 .rodata.str1.4
                0x000000000020f584        0x8 contiki-eth-openmote.a(sensors.o)
 .rodata.button_user_sensor
                0x000000000020f58c       0x10 contiki-eth-openmote.a(button-sensor.o)
                0x000000000020f58c                button_user_sensor
 .rodata.str1.4
                0x000000000020f59c        0x7 contiki-eth-openmote.a(button-sensor.o)
                                          0x8 (size before relaxing)
 *fill*         0x000000000020f5a3        0x1 00000000
 .rodata.uart_regs
                0x000000000020f5a4       0x58 contiki-eth-openmote.a(uart.o)
 .rodata.cc2538_rf_driver
                0x000000000020f5fc       0x2c contiki-eth-openmote.a(cc2538-rf.o)
                0x000000000020f5fc                cc2538_rf_driver
 .rodata.str1.4
                0x000000000020f628       0x11 contiki-eth-openmote.a(cc2538-rf.o)
                                         0x14 (size before relaxing)
 *fill*         0x000000000020f639        0x3 00000000
 .rodata.str1.4
                0x000000000020f63c       0x42 contiki-eth-openmote.a(strformat.o)
                                         0x48 (size before relaxing)
 *fill*         0x000000000020f67e        0x2 00000000
 .rodata.buffer.4135
                0x000000000020f680       0x10 contiki-eth-openmote.a(strformat.o)
 .rodata.buffer.4144
                0x000000000020f690       0x10 contiki-eth-openmote.a(strformat.o)
 .rodata.rimeaddr_null
                0x000000000020f6a0        0x4 contiki-eth-openmote.a(rimeaddr.o)
                0x000000000020f6a0                rimeaddr_null
 .rodata.str1.4
                0x000000000020f6a4        0x5 contiki-eth-openmote.a(csma.o)
                                          0x8 (size before relaxing)
 *fill*         0x000000000020f6a9        0x3 00000000
 .rodata.csma_driver
                0x000000000020f6ac       0x1c contiki-eth-openmote.a(csma.o)
                0x000000000020f6ac                csma_driver
 .rodata.contikimac_driver
                0x000000000020f6c8       0x20 contiki-eth-openmote.a(contikimac.o)
                0x000000000020f6c8                contikimac_driver
 .rodata.str1.4
                0x000000000020f6e8        0xb contiki-eth-openmote.a(contikimac.o)
                                          0xc (size before relaxing)
 *fill*         0x000000000020f6f3        0x1 00000000
 .rodata.str1.4
                0x000000000020f6f4        0xe contiki-eth-openmote.a(serial-line.o)
                                         0x10 (size before relaxing)
 *fill*         0x000000000020f702        0x2 00000000
 .rodata.str1.4
                0x000000000020f704        0xf contiki-eth-openmote.a(ctimer.o)
                                         0x10 (size before relaxing)
 *fill*         0x000000000020f713        0x1 00000000
 .rodata.str1.4
                0x000000000020f714        0xe contiki-eth-openmote.a(random.o)
                                         0x10 (size before relaxing)
 *fill*         0x000000000020f722        0x2 00000000
 .rodata        0x000000000020f724        0x4 contiki-eth-openmote.a(sicslowpan.o)
 .rodata.ttl_values
                0x000000000020f728        0x4 contiki-eth-openmote.a(sicslowpan.o)
 .rodata.unc_mxconf
                0x000000000020f72c        0x4 contiki-eth-openmote.a(sicslowpan.o)
                0x000000000020f72c                unc_mxconf
 .rodata.unc_llconf
                0x000000000020f730        0x4 contiki-eth-openmote.a(sicslowpan.o)
                0x000000000020f730                unc_llconf
 .rodata.llprefix
                0x000000000020f734        0x4 contiki-eth-openmote.a(sicslowpan.o)
                0x000000000020f734                llprefix
 .rodata.str1.4
                0x000000000020f738       0x2b contiki-eth-openmote.a(sicslowpan.o)
                                         0x2c (size before relaxing)
 *fill*         0x000000000020f763        0x1 00000000
 .rodata.sicslowpan_driver
                0x000000000020f764        0xc contiki-eth-openmote.a(sicslowpan.o)
                0x000000000020f764                sicslowpan_driver
 .rodata.unc_ctxconf
                0x000000000020f770        0x4 contiki-eth-openmote.a(sicslowpan.o)
                0x000000000020f770                unc_ctxconf
 .rodata.str1.4
                0x000000000020f774        0xd contiki-eth-openmote.a(tcpip.o)
                                         0x10 (size before relaxing)
 *fill*         0x000000000020f781        0x3 00000000
 .rodata.str1.4
                0x000000000020f784       0x1c contiki-eth-openmote.a(uip-debug.o)
                                         0x20 (size before relaxing)
 .rodata.framer_802154
                0x000000000020f7a0        0x8 contiki-eth-openmote.a(framer-802154.o)
                0x000000000020f7a0                framer_802154
                0x000000000020f7a8                _etext = .

.glue_7         0x000000000020f7a8        0x0
 .glue_7        0x0000000000000000        0x0 linker stubs

.glue_7t        0x000000000020f7a8        0x0
 .glue_7t       0x0000000000000000        0x0 linker stubs

.vfp11_veneer   0x000000000020f7a8        0x0
 .vfp11_veneer  0x0000000000000000        0x0 linker stubs

.v4_bx          0x000000000020f7a8        0x0
 .v4_bx         0x0000000000000000        0x0 linker stubs

.iplt           0x000000000020f7a8        0x0
 .iplt          0x0000000000000000        0x0 obj_eth-openmote/startup-gcc.o

.socdata
 *(.udma_channel_control_table)

.data           0x0000000020000000      0x224 load address 0x000000000020f7a8
                0x0000000020000000                _data = .
 *(.data*)
 .data.router_node_process
                0x0000000020000000       0x10 router-webserver-node.co
                0x0000000020000000                router_node_process
 .data.blinker_process
                0x0000000020000010       0x10 router-webserver-node.co
                0x0000000020000010                blinker_process
 .data.etimer_process
                0x0000000020000020       0x10 contiki-eth-openmote.a(etimer.o)
                0x0000000020000020                etimer_process
 .data.ip64_webserver_process
                0x0000000020000030       0x10 contiki-eth-openmote.a(ip64-webserver.)
                0x0000000020000030                ip64_webserver_process
 .data.conns    0x0000000020000040        0xc contiki-eth-openmote.a(httpd.o)
 .data.nbrs     0x000000002000004c        0xc contiki-eth-openmote.a(httpd-cgi.o)
 .data.nbrsping
                0x0000000020000058        0xc contiki-eth-openmote.a(httpd-cgi.o)
 .data.amap     0x0000000020000064        0xc contiki-eth-openmote.a(httpd-cgi.o)
 .data.rplrt    0x0000000020000070        0xc contiki-eth-openmote.a(httpd-cgi.o)
 .data.rtes     0x000000002000007c        0xc contiki-eth-openmote.a(httpd-cgi.o)
 .data.reboot   0x0000000020000088        0xc contiki-eth-openmote.a(httpd-cgi.o)
 .data.proc     0x0000000020000094        0xc contiki-eth-openmote.a(httpd-cgi.o)