Archive member included because of file (symbol)

contiki-eth-openmote.a(etimer.o)
                              router-webserver-node.co (etimer_set)
contiki-eth-openmote.a(ip64-webserver.)
                              router-webserver-node.co (ip64_webserver_init)
contiki-eth-openmote.a(httpd.o)
                              contiki-eth-openmote.a(ip64-webserver.) (httpd_appcall)
contiki-eth-openmote.a(ip64-webserver-)
                              contiki-eth-openmote.a(httpd.o) (ip64_webserver_http_jpg)
contiki-eth-openmote.a(httpd-fs.o)
                              contiki-eth-openmote.a(httpd.o) (httpd_fs_open)
contiki-eth-openmote.a(httpd-cgi.o)
                              contiki-eth-openmote.a(httpd.o) (httpd_cgi)
contiki-eth-openmote.a(network-reboot.)
                              contiki-eth-openmote.a(httpd-cgi.o) (network_reboot_reboot)
contiki-eth-openmote.a(simple-udp-ping)
                              contiki-eth-openmote.a(httpd-cgi.o) (simple_udp_ping_send_ping)
contiki-eth-openmote.a(ip64.o)
                              router-webserver-node.co (ip64_init)
contiki-eth-openmote.a(ip64-addrmap.o)
                              contiki-eth-openmote.a(httpd-cgi.o) (ip64_addrmap_list)
contiki-eth-openmote.a(ip64-special-po)
                              contiki-eth-openmote.a(ip64.o) (ip64_special_ports_translate_incoming)
contiki-eth-openmote.a(ip64-ipv4-dhcp.)
                              contiki-eth-openmote.a(ip64.o) (ip64_ipv4_dhcp_init)
contiki-eth-openmote.a(dhcpv4.o)
                              contiki-eth-openmote.a(ip64-ipv4-dhcp.) (ip64_dhcpc_init)
contiki-eth-openmote.a(ip64-eth.o)
                              contiki-eth-openmote.a(ip64-ipv4-dhcp.) (ip64_eth_addr)
contiki-eth-openmote.a(ip64-eth-interf)
                              contiki-eth-openmote.a(ip64.o) (ip64_eth_interface)
contiki-eth-openmote.a(simple-rpl.o)
                              contiki-eth-openmote.a(httpd-cgi.o) (simple_rpl_init_dag_immediately)
contiki-eth-openmote.a(contiki-mist-op)
                              obj_eth-openmote/startup-gcc.o (main)
contiki-eth-openmote.a(node-id.o)
                              contiki-eth-openmote.a(contiki-mist-op) (node_id_restore)
contiki-eth-openmote.a(leds.o)
                              contiki-eth-openmote.a(contiki-mist-op) (leds_init)
contiki-eth-openmote.a(leds-arch.o)
                              contiki-eth-openmote.a(leds.o) (leds_arch_init)
contiki-eth-openmote.a(sensors.o)
                              contiki-eth-openmote.a(contiki-mist-op) (sensors_process)
contiki-eth-openmote.a(smartrf-sensors)
                              contiki-eth-openmote.a(sensors.o) (sensors_flags)
contiki-eth-openmote.a(button-sensor.o)
                              contiki-eth-openmote.a(contiki-mist-op) (button_sensor_init)
contiki-eth-openmote.a(clock.o)
                              contiki-eth-openmote.a(contiki-mist-op) (clock_init)
contiki-eth-openmote.a(rtimer-arch.o)
                              contiki-eth-openmote.a(simple-udp-ping) (rtimer_arch_now)
contiki-eth-openmote.a(uart.o)
                              contiki-eth-openmote.a(contiki-mist-op) (uart_init)
contiki-eth-openmote.a(watchdog.o)
                              contiki-eth-openmote.a(contiki-mist-op) (watchdog_init)
contiki-eth-openmote.a(nvic.o)
                              contiki-eth-openmote.a(contiki-mist-op) (nvic_init)
contiki-eth-openmote.a(cpu.o)
                              contiki-eth-openmote.a(contiki-mist-op) (cpu_cpsie)
contiki-eth-openmote.a(sys-ctrl.o)
                              contiki-eth-openmote.a(contiki-mist-op) (sys_ctrl_init)
contiki-eth-openmote.a(gpio.o)
                              contiki-eth-openmote.a(button-sensor.o) (gpio_register_callback)
contiki-eth-openmote.a(ioc.o)
                              contiki-eth-openmote.a(contiki-mist-op) (ioc_init)
contiki-eth-openmote.a(cc2538-rf.o)
                              contiki-eth-openmote.a(contiki-mist-op) (cc2538_rf_set_addr)
contiki-eth-openmote.a(udma.o)
                              contiki-eth-openmote.a(contiki-mist-op) (udma_init)
contiki-eth-openmote.a(lpm.o)
                              contiki-eth-openmote.a(rtimer-arch.o) (lpm_exit)
contiki-eth-openmote.a(dbg.o)
                              contiki-eth-openmote.a(simple-udp-ping) (putchar)
contiki-eth-openmote.a(dbg-printf.o)
                              contiki-eth-openmote.a(network-reboot.) (printf)
contiki-eth-openmote.a(dbg-snprintf.o)
                              contiki-eth-openmote.a(httpd-cgi.o) (snprintf)
contiki-eth-openmote.a(dbg-sprintf.o)
                              contiki-eth-openmote.a(httpd.o) (sprintf)
contiki-eth-openmote.a(strformat.o)
                              contiki-eth-openmote.a(dbg-printf.o) (format_str_v)
contiki-eth-openmote.a(enc28j60-ip64-d)
                              contiki-eth-openmote.a(ip64.o) (enc28j60_ip64_driver)
contiki-eth-openmote.a(rimeaddr.o)
[...]
Memory Configuration

Name             Origin             Length             Attributes
FLASH            0x0000000000200000 0x000000000007ffd4 xr
FLASH_CCA        0x000000000027ffd4 0x000000000000002c xr
SRAM             0x0000000020000000 0x0000000000008000 xrw
*default*        0x0000000000000000 0xffffffffffffffff

Linker script and memory map

LOAD obj_eth-openmote/startup-gcc.o
LOAD router-webserver-node.co
LOAD contiki-eth-openmote.a
START GROUP
LOAD /usr/bin/../lib/gcc/arm-none-eabi/4.8.4/armv7-m/libgcc.a
LOAD /usr/bin/../lib/gcc/arm-none-eabi/4.8.4/../../../../arm-none-eabi/lib/armv7-m/libc.a
END GROUP

.text           0x0000000000200000    0x10afc
                0x0000000000200000                _text = .
 *(.vectors)
 .vectors       0x0000000000200000      0x28c obj_eth-openmote/startup-gcc.o
                0x0000000000200000                vectors
 *(.text*)
 .text.default_handler
                0x000000000020028c        0x4 obj_eth-openmote/startup-gcc.o
                0x000000000020028c                default_handler
 .text.reset_handler
                0x0000000000200290       0x5c obj_eth-openmote/startup-gcc.o
                0x0000000000200290                reset_handler
 .text.nmi_handler
                0x00000000002002ec        0x8 obj_eth-openmote/startup-gcc.o
                0x00000000002002ec                nmi_handler
 .text.process_thread_router_node_process
                0x00000000002002f4       0x50 router-webserver-node.co
 .text.process_thread_blinker_process
                0x0000000000200344       0x94 router-webserver-node.co
 .text.update_time
                0x00000000002003d8       0x44 contiki-eth-openmote.a(etimer.o)
 .text.process_thread_etimer_process
                0x000000000020041c       0xc8 contiki-eth-openmote.a(etimer.o)
 .text.add_timer
                0x00000000002004e4       0x54 contiki-eth-openmote.a(etimer.o)
 .text.etimer_request_poll
                0x0000000000200538        0xc contiki-eth-openmote.a(etimer.o)
                0x0000000000200538                etimer_request_poll
 .text.etimer_set
                0x0000000000200544       0x14 contiki-eth-openmote.a(etimer.o)
                0x0000000000200544                etimer_set
 .text.etimer_reset
                0x0000000000200558       0x14 contiki-eth-openmote.a(etimer.o)
                0x0000000000200558                etimer_reset
 .text.etimer_restart
                0x000000000020056c       0x14 contiki-eth-openmote.a(etimer.o)
                0x000000000020056c                etimer_restart
 .text.etimer_expired
                0x0000000000200580        0xc contiki-eth-openmote.a(etimer.o)
                0x0000000000200580                etimer_expired
 .text.etimer_expiration_time
                0x000000000020058c        0x8 contiki-eth-openmote.a(etimer.o)
                0x000000000020058c                etimer_expiration_time
 .text.etimer_pending
                0x0000000000200594       0x10 contiki-eth-openmote.a(etimer.o)
                0x0000000000200594                etimer_pending
 .text.etimer_stop
                0x00000000002005a4       0x4c contiki-eth-openmote.a(etimer.o)
                0x00000000002005a4                etimer_stop
 .text.process_thread_ip64_webserver_process
                0x00000000002005f0       0x38 contiki-eth-openmote.a(ip64-webserver.)
 .text.ip64_webserver_init
                0x0000000000200628        0xc contiki-eth-openmote.a(ip64-webserver.)
                0x0000000000200628                ip64_webserver_init
 .text.handle_input
                0x0000000000200634       0xfc contiki-eth-openmote.a(httpd.o)
 .text.send_headers
                0x0000000000200730      0x11c contiki-eth-openmote.a(httpd.o)
 .text.send_file
                0x000000000020084c       0x58 contiki-eth-openmote.a(httpd.o)
 .text.generate
                0x00000000002008a4       0x38 contiki-eth-openmote.a(httpd.o)
 .text.handle_output
                0x00000000002008dc      0x23c contiki-eth-openmote.a(httpd.o)
 .text.httpd_appcall
                0x0000000000200b18       0xb4 contiki-eth-openmote.a(httpd.o)
                0x0000000000200b18                httpd_appcall
 .text.httpd_init
                0x0000000000200bcc       0x1c contiki-eth-openmote.a(httpd.o)
                0x0000000000200bcc                httpd_init
 .text.httpd_sprint_ip6
                0x0000000000200be8       0x90 contiki-eth-openmote.a(httpd.o)
                0x0000000000200be8                httpd_sprint_ip6
 .text.httpd_sprint_ip4
                0x0000000000200c78       0x24 contiki-eth-openmote.a(httpd.o)
                0x0000000000200c78                httpd_sprint_ip4
 .text.httpd_fs_open
                0x0000000000200c9c       0x70 contiki-eth-openmote.a(httpd-fs.o)
                0x0000000000200c9c                httpd_fs_open
 .text.httpd_fs_count
                0x0000000000200d0c       0x58 contiki-eth-openmote.a(httpd-fs.o)
                0x0000000000200d0c                httpd_fs_count
 .text.nullfunction
                0x0000000000200d64        0x8 contiki-eth-openmote.a(httpd-cgi.o)
 .text.reboot_function
                0x0000000000200d6c       0x3c contiki-eth-openmote.a(httpd-cgi.o)
 .text.rplroot  0x0000000000200da8       0x90 contiki-eth-openmote.a(httpd-cgi.o)
 .text.rplreset
                0x0000000000200e38       0x64 contiki-eth-openmote.a(httpd-cgi.o)
 .text.addresses
                0x0000000000200e9c       0x3c contiki-eth-openmote.a(httpd-cgi.o)
 .text.processes
                0x0000000000200ed8       0x60 contiki-eth-openmote.a(httpd-cgi.o)
 .text.tcp_stats
                0x0000000000200f38       0x5c contiki-eth-openmote.a(httpd-cgi.o)
 .text.routesping
                0x0000000000200f94       0x84 contiki-eth-openmote.a(httpd-cgi.o)
 .text.routes   0x0000000000201018       0x7c contiki-eth-openmote.a(httpd-cgi.o)
 .text.write_mss_error
                0x0000000000201094       0x30 contiki-eth-openmote.a(httpd-cgi.o)
 .text.make_addresses
                0x00000000002010c4       0xc4 contiki-eth-openmote.a(httpd-cgi.o)
 .text.make_route
                0x0000000000201188      0x1e4 contiki-eth-openmote.a(httpd-cgi.o)
 .text.make_neighbor
                0x000000000020136c      0x114 contiki-eth-openmote.a(httpd-cgi.o)
 .text.neighborsping
                0x0000000000201480       0x6c contiki-eth-openmote.a(httpd-cgi.o)
 .text.neighbors
                0x00000000002014ec       0x88 contiki-eth-openmote.a(httpd-cgi.o)
 .text.addrmap  0x0000000000201574       0x50 contiki-eth-openmote.a(httpd-cgi.o)
 .text.make_addrmap
                0x00000000002015c4      0x150 contiki-eth-openmote.a(httpd-cgi.o)
 .text.make_processes
                0x0000000000201714       0x4c contiki-eth-openmote.a(httpd-cgi.o)
 .text.make_tcp_stats
                0x0000000000201760       0xa0 contiki-eth-openmote.a(httpd-cgi.o)
 .text.file_stats
                0x0000000000201800       0x3c contiki-eth-openmote.a(httpd-cgi.o)
 .text.generate_file_stats
                0x000000000020183c       0x2c contiki-eth-openmote.a(httpd-cgi.o)
 .text.make_routes_roomfor
                0x0000000000201868       0x54 contiki-eth-openmote.a(httpd-cgi.o)
 .text.make_neighbor_roomfor
                0x00000000002018bc       0x5c contiki-eth-openmote.a(httpd-cgi.o)
 .text.httpd_cgi
                0x0000000000201918       0x38 contiki-eth-openmote.a(httpd-cgi.o)
                0x0000000000201918                httpd_cgi
 .text.httpd_cgi_init
                0x0000000000201950      0x128 contiki-eth-openmote.a(httpd-cgi.o)
                0x0000000000201950                httpd_cgi_init
 .text.send_msg.isra.1.constprop.2
                0x0000000000201a78       0x64 contiki-eth-openmote.a(network-reboot.)
 .text.network_reboot_reboot
                0x0000000000201adc       0x14 contiki-eth-openmote.a(network-reboot.)
                0x0000000000201adc                network_reboot_reboot
 .text.process_thread_simple_udp_ping_process
                0x0000000000201af0       0xc4 contiki-eth-openmote.a(simple-udp-ping)
 .text.get_pingconn
                0x0000000000201bb4       0x3c contiki-eth-openmote.a(simple-udp-ping)
 .text.echo_reply_callback
                0x0000000000201bf0       0x68 contiki-eth-openmote.a(simple-udp-ping)
 .text.simple_udp_ping_send_ping
                0x0000000000201c58       0x7c contiki-eth-openmote.a(simple-udp-ping)
                0x0000000000201c58                simple_udp_ping_send_ping
 .text.simple_udp_ping_has_reply
                0x0000000000201cd4       0x14 contiki-eth-openmote.a(simple-udp-ping)
                0x0000000000201cd4                simple_udp_ping_has_reply
 .text.simple_udp_ping_has_sent
                0x0000000000201ce8       0x1c contiki-eth-openmote.a(simple-udp-ping)
                0x0000000000201ce8                simple_udp_ping_has_sent
 .text.simple_udp_ping_get_delay
                0x0000000000201d04       0x20 contiki-eth-openmote.a(simple-udp-ping)
                0x0000000000201d04                simple_udp_ping_get_delay
 .text.simple_udp_ping_init
                0x0000000000201d24        0xc contiki-eth-openmote.a(simple-udp-ping)
                0x0000000000201d24                simple_udp_ping_init
 .text.chksum   0x0000000000201d30       0x50 contiki-eth-openmote.a(ip64.o)
 .text.interface_init
                0x0000000000201d80       0x10 contiki-eth-openmote.a(ip64.o)
 .text.interface_output
                0x0000000000201d90       0x10 contiki-eth-openmote.a(ip64.o)
 .text.ipv6_transport_checksum
                0x0000000000201da0       0x3c contiki-eth-openmote.a(ip64.o)
 .text.ipv4_transport_checksum
                0x0000000000201ddc       0x44 contiki-eth-openmote.a(ip64.o)
 .text.ip64_init
                0x0000000000201e20       0x68 contiki-eth-openmote.a(ip64.o)
                0x0000000000201e20                ip64_init
 .text.ip64_set_hostaddr
                0x0000000000201e88       0x18 contiki-eth-openmote.a(ip64.o)
                0x0000000000201e88                ip64_set_hostaddr
 .text.ip64_set_netmask
                0x0000000000201ea0        0xc contiki-eth-openmote.a(ip64.o)
                0x0000000000201ea0                ip64_set_netmask
 .text.ip64_set_draddr
                0x0000000000201eac        0xc contiki-eth-openmote.a(ip64.o)
                0x0000000000201eac                ip64_set_draddr
 .text.ip64_get_hostaddr
                0x0000000000201eb8        0x8 contiki-eth-openmote.a(ip64.o)
                0x0000000000201eb8                ip64_get_hostaddr
 .text.ip64_get_netmask
                0x0000000000201ec0        0x8 contiki-eth-openmote.a(ip64.o)
                0x0000000000201ec0                ip64_get_netmask
 .text.ip64_get_draddr
                0x0000000000201ec8        0x8 contiki-eth-openmote.a(ip64.o)
                0x0000000000201ec8                ip64_get_draddr
 .text.ip64_6to4
                0x0000000000201ed0      0x224 contiki-eth-openmote.a(ip64.o)
                0x0000000000201ed0                ip64_6to4
 .text.ip64_4to6
                0x00000000002020f4      0x204 contiki-eth-openmote.a(ip64.o)
                0x00000000002020f4                ip64_4to6
 .text.ip64_hostaddr_is_configured
                0x00000000002022f8        0xc contiki-eth-openmote.a(ip64.o)
                0x00000000002022f8                ip64_hostaddr_is_configured
 .text.check_age
                0x0000000000202304       0x44 contiki-eth-openmote.a(ip64-addrmap.o)
 .text.ip64_addrmap_list
                0x0000000000202348        0xc contiki-eth-openmote.a(ip64-addrmap.o)
                0x0000000000202348                ip64_addrmap_list
 .text.ip64_addrmap_lookup
                0x0000000000202354       0x74 contiki-eth-openmote.a(ip64-addrmap.o)
                0x0000000000202354                ip64_addrmap_lookup
 .text.ip64_addrmap_lookup_port
                0x00000000002023c8       0x3c contiki-eth-openmote.a(ip64-addrmap.o)
                0x00000000002023c8                ip64_addrmap_lookup_port
 .text.ip64_addrmap_create
                0x0000000000202404      0x120 contiki-eth-openmote.a(ip64-addrmap.o)
                0x0000000000202404                ip64_addrmap_create
 .text.ip64_addrmap_set_lifetime
                0x0000000000202524        0xc contiki-eth-openmote.a(ip64-addrmap.o)
                0x0000000000202524                ip64_addrmap_set_lifetime
 .text.ip64_addrmap_set_recycleble
                0x0000000000202530       0x10 contiki-eth-openmote.a(ip64-addrmap.o)
                0x0000000000202530                ip64_addrmap_set_recycleble
 .text.ip64_special_ports_translate_incoming
                0x0000000000202540        0x4 contiki-eth-openmote.a(ip64-special-po)
                0x0000000000202540                ip64_special_ports_translate_incoming
 .text.ip64_special_ports_translate_outgoing
                0x0000000000202544        0x4 contiki-eth-openmote.a(ip64-special-po)
                0x0000000000202544                ip64_special_ports_translate_outgoing
 .text.ip64_special_ports_incoming_is_special
                0x0000000000202548        0x4 contiki-eth-openmote.a(ip64-special-po)
                0x0000000000202548                ip64_special_ports_incoming_is_special
 .text.ip64_special_ports_outgoing_is_special
                0x000000000020254c        0x4 contiki-eth-openmote.a(ip64-special-po)
                0x000000000020254c                ip64_special_ports_outgoing_is_special
 .text.process_thread_ip64_ipv4_dhcp_process
                0x0000000000202550       0x64 contiki-eth-openmote.a(ip64-ipv4-dhcp.)
 .text.ip64_ipv4_dhcp_init
                0x00000000002025b4       0x1c contiki-eth-openmote.a(ip64-ipv4-dhcp.)
                0x00000000002025b4                ip64_ipv4_dhcp_init
 .text.ip64_dhcpc_configured
                0x00000000002025d0       0x48 contiki-eth-openmote.a(ip64-ipv4-dhcp.)
                0x00000000002025d0                ip64_dhcpc_configured
 .text.ip64_dhcpc_unconfigured
                0x0000000000202618        0x4 contiki-eth-openmote.a(ip64-ipv4-dhcp.)
                0x0000000000202618                ip64_dhcpc_unconfigured
 .text.create_msg
                0x000000000020261c       0xac contiki-eth-openmote.a(dhcpv4.o)
 .text.unlikely.send_request
                0x00000000002026c8       0x68 contiki-eth-openmote.a(dhcpv4.o)
 .text.msg_for_me
                0x0000000000202730       0x70 contiki-eth-openmote.a(dhcpv4.o)
 .text.parse_msg
                0x00000000002027a0       0xd4 contiki-eth-openmote.a(dhcpv4.o)
 .text.handle_dhcp.isra.0
                0x0000000000202874      0x2c8 contiki-eth-openmote.a(dhcpv4.o)
 .text.ip64_dhcpc_init
                0x0000000000202b3c       0x60 contiki-eth-openmote.a(dhcpv4.o)
                0x0000000000202b3c                ip64_dhcpc_init
 .text.ip64_dhcpc_appcall
                0x0000000000202b9c       0x18 contiki-eth-openmote.a(dhcpv4.o)
                0x0000000000202b9c                ip64_dhcpc_appcall
 .text.ip64_dhcpc_request
                0x0000000000202bb4       0x20 contiki-eth-openmote.a(dhcpv4.o)
                0x0000000000202bb4                ip64_dhcpc_request
 .text.init     0x0000000000202bd4        0x4 contiki-eth-openmote.a(ip64-eth-interf)
 .text.output   0x0000000000202bd8       0x64 contiki-eth-openmote.a(ip64-eth-interf)
 .text.ip64_eth_interface_input
                0x0000000000202c3c       0x54 contiki-eth-openmote.a(ip64-eth-interf)
                0x0000000000202c3c                ip64_eth_interface_input
 .text.route_callback
                0x0000000000202c90       0x74 contiki-eth-openmote.a(simple-rpl.o)
 .text.simple_rpl_global_address
                0x0000000000202d04       0x38 contiki-eth-openmote.a(simple-rpl.o)
                0x0000000000202d04                simple_rpl_global_address
 .text.simple_rpl_init
                0x0000000000202d3c       0x88 contiki-eth-openmote.a(simple-rpl.o)
                0x0000000000202d3c                simple_rpl_init
 .text.simple_rpl_init_dag_immediately
                0x0000000000202dc4       0xac contiki-eth-openmote.a(simple-rpl.o)
                0x0000000000202dc4                simple_rpl_init_dag_immediately
 .text.create_dag_callback
                0x0000000000202e70       0x6c contiki-eth-openmote.a(simple-rpl.o)
 .text.simple_rpl_init_dag
                0x0000000000202edc       0x30 contiki-eth-openmote.a(simple-rpl.o)
                0x0000000000202edc                simple_rpl_init_dag
 .text.fade     0x0000000000202f0c       0x64 contiki-eth-openmote.a(contiki-mist-op)
 .text.startup.main
                0x0000000000202f70      0x294 contiki-eth-openmote.a(contiki-mist-op)
                0x0000000000202f70                main
 .text.node_id_restore
                0x0000000000203204       0x64 contiki-eth-openmote.a(node-id.o)
                0x0000000000203204                node_id_restore
 .text.leds_init
                0x0000000000203268       0x1c contiki-eth-openmote.a(leds.o)
                0x0000000000203268                leds_init
 .text.leds_on  0x0000000000203284       0x1c contiki-eth-openmote.a(leds.o)
                0x0000000000203284                leds_on
 .text.leds_off
                0x00000000002032a0       0x20 contiki-eth-openmote.a(leds.o)
                0x00000000002032a0                leds_off
 .text.leds_arch_init
                0x00000000002032c0       0x10 contiki-eth-openmote.a(leds-arch.o)
                0x00000000002032c0                leds_arch_init
 .text.leds_arch_set
                0x00000000002032d0        0xc contiki-eth-openmote.a(leds-arch.o)
                0x00000000002032d0                leds_arch_set
 .text.process_thread_sensors_process
                0x00000000002032dc       0xf0 contiki-eth-openmote.a(sensors.o)
 .text.sensors_changed
                0x00000000002033cc       0x4c contiki-eth-openmote.a(sensors.o)
                0x00000000002033cc                sensors_changed
 .text.btn_callback
                0x0000000000203418       0x2c contiki-eth-openmote.a(button-sensor.o)
 .text.config_user
                0x0000000000203444       0x6c contiki-eth-openmote.a(button-sensor.o)
 .text.button_sensor_init
                0x00000000002034b0        0xc contiki-eth-openmote.a(button-sensor.o)
                0x00000000002034b0                button_sensor_init
 .text.clock_init
                0x00000000002034bc       0x74 contiki-eth-openmote.a(clock.o)
                0x00000000002034bc                clock_init
 .text.clock_time
                0x0000000000203530        0xc contiki-eth-openmote.a(clock.o)
                0x0000000000203530                clock_time
 .text.clock_seconds
                0x000000000020353c        0xc contiki-eth-openmote.a(clock.o)
                0x000000000020353c                clock_seconds
 .text.clock_delay_usec
                0x0000000000203548       0x20 contiki-eth-openmote.a(clock.o)
                0x0000000000203548                clock_delay_usec
 .text.clock_adjust
                0x0000000000203568       0x60 contiki-eth-openmote.a(clock.o)
                0x0000000000203568                clock_adjust
 .text.clock_isr
                0x00000000002035c8       0x3c contiki-eth-openmote.a(clock.o)
                0x00000000002035c8                clock_isr
 .text.rtimer_arch_init
                0x0000000000203604        0x4 contiki-eth-openmote.a(rtimer-arch.o)
                0x0000000000203604                rtimer_arch_init
 .text.rtimer_arch_schedule
                0x0000000000203608       0x80 contiki-eth-openmote.a(rtimer-arch.o)
                0x0000000000203608                rtimer_arch_schedule
 .text.rtimer_arch_next_trigger
                0x0000000000203688        0xc contiki-eth-openmote.a(rtimer-arch.o)
                0x0000000000203688                rtimer_arch_next_trigger
 .text.rtimer_arch_now
                0x0000000000203694       0x28 contiki-eth-openmote.a(rtimer-arch.o)
                0x0000000000203694                rtimer_arch_now
 .text.rtimer_isr
                0x00000000002036bc       0x24 contiki-eth-openmote.a(rtimer-arch.o)
                0x00000000002036bc                rtimer_isr
 .text.permit_pm1
                0x00000000002036e0       0x38 contiki-eth-openmote.a(uart.o)
 .text.uart_init
                0x0000000000203718      0x1d8 contiki-eth-openmote.a(uart.o)
                0x0000000000203718                uart_init
 .text.uart_set_input
                0x00000000002038f0       0x10 contiki-eth-openmote.a(uart.o)
                0x00000000002038f0                uart_set_input
 .text.uart_write_byte
                0x0000000000203900       0x24 contiki-eth-openmote.a(uart.o)
                0x0000000000203900                uart_write_byte
 .text.uart_isr
                0x0000000000203924       0x80 contiki-eth-openmote.a(uart.o)
                0x0000000000203924                uart_isr
 .text.uart0_isr
                0x00000000002039a4        0x8 contiki-eth-openmote.a(uart.o)
                0x00000000002039a4                uart0_isr
 .text.uart1_isr
                0x00000000002039ac        0x8 contiki-eth-openmote.a(uart.o)
                0x00000000002039ac                uart1_isr
 .text.watchdog_init
                0x00000000002039b4        0xc contiki-eth-openmote.a(watchdog.o)
                0x00000000002039b4                watchdog_init
 .text.watchdog_start
                0x00000000002039c0        0xc contiki-eth-openmote.a(watchdog.o)
                0x00000000002039c0                watchdog_start
 .text.watchdog_periodic
                0x00000000002039cc       0x10 contiki-eth-openmote.a(watchdog.o)
                0x00000000002039cc                watchdog_periodic
 .text.nvic_init
                0x00000000002039dc       0x40 contiki-eth-openmote.a(nvic.o)
                0x00000000002039dc                nvic_init
 .text.nvic_interrupt_enable
                0x0000000000203a1c       0x18 contiki-eth-openmote.a(nvic.o)
                0x0000000000203a1c                nvic_interrupt_enable
 .text.nvic_interrupt_disable
                0x0000000000203a34       0x18 contiki-eth-openmote.a(nvic.o)
                0x0000000000203a34                nvic_interrupt_disable
 .text.nvic_interrupt_unpend
                0x0000000000203a4c       0x18 contiki-eth-openmote.a(nvic.o)
                0x0000000000203a4c                nvic_interrupt_unpend
 .text.cpu_cpsie
                0x0000000000203a64        0x8 contiki-eth-openmote.a(cpu.o)
                0x0000000000203a64                cpu_cpsie
 .text.cpu_cpsid
                0x0000000000203a6c        0x8 contiki-eth-openmote.a(cpu.o)
                0x0000000000203a6c                cpu_cpsid
 .text.sys_ctrl_init
                0x0000000000203a74       0x1c contiki-eth-openmote.a(sys-ctrl.o)
                0x0000000000203a74                sys_ctrl_init
 .text.gpio_register_callback
                0x0000000000203a90       0x10 contiki-eth-openmote.a(gpio.o)
                0x0000000000203a90                gpio_register_callback
 .text.notify   0x0000000000203aa0       0x38 contiki-eth-openmote.a(gpio.o)
                0x0000000000203aa0                notify
 .text.gpio_port_a_isr
                0x0000000000203ad8       0x24 contiki-eth-openmote.a(gpio.o)
                0x0000000000203ad8                gpio_port_a_isr
 .text.gpio_port_b_isr
                0x0000000000203afc       0x24 contiki-eth-openmote.a(gpio.o)
                0x0000000000203afc                gpio_port_b_isr
 .text.gpio_port_c_isr
                0x0000000000203b20       0x24 contiki-eth-openmote.a(gpio.o)
                0x0000000000203b20                gpio_port_c_isr
 .text.gpio_port_d_isr
                0x0000000000203b44       0x24 contiki-eth-openmote.a(gpio.o)
                0x0000000000203b44                gpio_port_d_isr
 .text.gpio_init
                0x0000000000203b68       0x10 contiki-eth-openmote.a(gpio.o)
                0x0000000000203b68                gpio_init
 .text.ioc_init
                0x0000000000203b78       0x20 contiki-eth-openmote.a(ioc.o)
                0x0000000000203b78                ioc_init
 .text.ioc_set_over
                0x0000000000203b98       0x14 contiki-eth-openmote.a(ioc.o)
                0x0000000000203b98                ioc_set_over
 .text.ioc_set_sel
                0x0000000000203bac       0x14 contiki-eth-openmote.a(ioc.o)
                0x0000000000203bac                ioc_set_sel
 .text.on       0x0000000000203bc0       0x2c contiki-eth-openmote.a(cc2538-rf.o)
 .text.off      0x0000000000203bec       0x38 contiki-eth-openmote.a(cc2538-rf.o)
 .text.channel_clear
                0x0000000000203c24       0x64 contiki-eth-openmote.a(cc2538-rf.o)
 .text.receiving_packet
                0x0000000000203c88       0x18 contiki-eth-openmote.a(cc2538-rf.o)
 .text.pending_packet
                0x0000000000203ca0       0x10 contiki-eth-openmote.a(cc2538-rf.o)
 .text.prepare  0x0000000000203cb0       0x74 contiki-eth-openmote.a(cc2538-rf.o)
 .text.read.part.0
                0x0000000000203d24       0xf8 contiki-eth-openmote.a(cc2538-rf.o)
 .text.read     0x0000000000203e1c       0x18 contiki-eth-openmote.a(cc2538-rf.o)
 .text.process_thread_cc2538_rf_process
                0x0000000000203e34       0x58 contiki-eth-openmote.a(cc2538-rf.o)
 .text.transmit
                0x0000000000203e8c       0xc8 contiki-eth-openmote.a(cc2538-rf.o)
 .text.send     0x0000000000203f54       0x14 contiki-eth-openmote.a(cc2538-rf.o)
 .text.cc2538_rf_channel_set
                0x0000000000203f68       0x50 contiki-eth-openmote.a(cc2538-rf.o)
                0x0000000000203f68                cc2538_rf_channel_set
 .text.init.part.2
                0x0000000000203fb8       0xf0 contiki-eth-openmote.a(cc2538-rf.o)
 .text.init     0x00000000002040a8       0x14 contiki-eth-openmote.a(cc2538-rf.o)
 .text.cc2538_rf_set_addr
                0x00000000002040bc       0x4c contiki-eth-openmote.a(cc2538-rf.o)
                0x00000000002040bc                cc2538_rf_set_addr
 .text.cc2538_rf_rx_tx_isr
                0x0000000000204108       0x18 contiki-eth-openmote.a(cc2538-rf.o)
                0x0000000000204108                cc2538_rf_rx_tx_isr
 .text.cc2538_rf_err_isr
                0x0000000000204120       0x28 contiki-eth-openmote.a(cc2538-rf.o)
                0x0000000000204120                cc2538_rf_err_isr
 .text.udma_init
                0x0000000000204148       0x34 contiki-eth-openmote.a(udma.o)
                0x0000000000204148                udma_init
 .text.udma_set_channel_src
                0x000000000020417c       0x10 contiki-eth-openmote.a(udma.o)
                0x000000000020417c                udma_set_channel_src
 .text.udma_set_channel_dst
                0x000000000020418c       0x14 contiki-eth-openmote.a(udma.o)
                0x000000000020418c                udma_set_channel_dst
 .text.udma_set_channel_control_word
                0x00000000002041a0       0x14 contiki-eth-openmote.a(udma.o)
                0x00000000002041a0                udma_set_channel_control_word
 .text.udma_channel_enable
                0x00000000002041b4       0x18 contiki-eth-openmote.a(udma.o)
                0x00000000002041b4                udma_channel_enable
 .text.udma_channel_mask_set
                0x00000000002041cc       0x18 contiki-eth-openmote.a(udma.o)
                0x00000000002041cc                udma_channel_mask_set
 .text.udma_channel_sw_request
                0x00000000002041e4       0x18 contiki-eth-openmote.a(udma.o)
                0x00000000002041e4                udma_channel_sw_request
 .text.udma_channel_get_mode
                0x00000000002041fc       0x1c contiki-eth-openmote.a(udma.o)
                0x00000000002041fc                udma_channel_get_mode
 .text.udma_isr
                0x0000000000204218       0x10 contiki-eth-openmote.a(udma.o)
                0x0000000000204218                udma_isr
 .text.udma_err_isr
                0x0000000000204228        0xc contiki-eth-openmote.a(udma.o)
                0x0000000000204228                udma_err_isr
 .text.lpm_exit
                0x0000000000204234       0x48 contiki-eth-openmote.a(lpm.o)
                0x0000000000204234                lpm_exit
 .text.lpm_enter
                0x000000000020427c       0xcc contiki-eth-openmote.a(lpm.o)
                0x000000000020427c                lpm_enter
 .text.lpm_register_peripheral
                0x0000000000204348       0x20 contiki-eth-openmote.a(lpm.o)
                0x0000000000204348                lpm_register_peripheral
 .text.lpm_init
                0x0000000000204368       0x24 contiki-eth-openmote.a(lpm.o)
                0x0000000000204368                lpm_init
 .text.putchar  0x000000000020438c       0x10 contiki-eth-openmote.a(dbg.o)
                0x000000000020438c                putchar
 .text.dbg_send_bytes
                0x000000000020439c       0x3c contiki-eth-openmote.a(dbg.o)
                0x000000000020439c                dbg_send_bytes
 .text.puts     0x00000000002043d8       0x28 contiki-eth-openmote.a(dbg.o)
                0x00000000002043d8                puts
 .text.write_str
                0x0000000000204400       0x10 contiki-eth-openmote.a(dbg-printf.o)
 .text.printf   0x0000000000204410       0x24 contiki-eth-openmote.a(dbg-printf.o)
                0x0000000000204410                printf
 .text.buffer_str
                0x0000000000204434       0x28 contiki-eth-openmote.a(dbg-snprintf.o)
 .text.snprintf
                0x000000000020445c       0x38 contiki-eth-openmote.a(dbg-snprintf.o)
                0x000000000020445c                snprintf
 .text.buffer_str
                0x0000000000204494       0x18 contiki-eth-openmote.a(dbg-sprintf.o)
 .text.sprintf  0x00000000002044ac       0x34 contiki-eth-openmote.a(dbg-sprintf.o)
                0x00000000002044ac                sprintf
 .text.fill_space
                0x00000000002044e0       0x30 contiki-eth-openmote.a(strformat.o)
 .text.format_str_v
                0x0000000000204510      0x8a8 contiki-eth-openmote.a(strformat.o)
                0x0000000000204510                format_str_v
 .text.process_thread_enc28j60_ip64_driver_process
                0x0000000000204db8       0x54 contiki-eth-openmote.a(enc28j60-ip64-d)
 .text.output   0x0000000000204e0c        0xc contiki-eth-openmote.a(enc28j60-ip64-d)
 .text.init     0x0000000000204e18       0x84 contiki-eth-openmote.a(enc28j60-ip64-d)
 .text.rimeaddr_copy
                0x0000000000204e9c        0xc contiki-eth-openmote.a(rimeaddr.o)
                0x0000000000204e9c                rimeaddr_copy
 .text.rimeaddr_cmp
                0x0000000000204ea8       0x14 contiki-eth-openmote.a(rimeaddr.o)
                0x0000000000204ea8                rimeaddr_cmp
 .text.rimeaddr_set_node_addr
                0x0000000000204ebc       0x10 contiki-eth-openmote.a(rimeaddr.o)
                0x0000000000204ebc                rimeaddr_set_node_addr
 .text.input_packet
                0x0000000000204ecc       0x10 contiki-eth-openmote.a(csma.o)
 .text.on       0x0000000000204edc       0x10 contiki-eth-openmote.a(csma.o)
 .text.off      0x0000000000204eec       0x10 contiki-eth-openmote.a(csma.o)
 .text.channel_check_interval
                0x0000000000204efc       0x10 contiki-eth-openmote.a(csma.o)
 .text.transmit_packet_list
                0x0000000000204f0c       0x24 contiki-eth-openmote.a(csma.o)
 .text.init     0x0000000000204f30       0x24 contiki-eth-openmote.a(csma.o)
 .text.free_packet
                0x0000000000204f54       0x90 contiki-eth-openmote.a(csma.o)
 .text.packet_sent
                0x0000000000204fe4       0xfc contiki-eth-openmote.a(csma.o)
 .text.send_packet
                0x00000000002050e0      0x138 contiki-eth-openmote.a(csma.o)
 .text.rpl_get_mode
                0x0000000000205218        0xc contiki-eth-openmote.a(rpl.o)
                0x0000000000205218                rpl_get_mode
 .text.rpl_purge_routes
                0x0000000000205224       0x7c contiki-eth-openmote.a(rpl.o)
                0x0000000000205224                rpl_purge_routes
 .text.rpl_remove_routes
                0x00000000002052a0       0x2c contiki-eth-openmote.a(rpl.o)
                0x00000000002052a0                rpl_remove_routes
 .text.rpl_remove_routes_by_nexthop
                0x00000000002052cc       0x40 contiki-eth-openmote.a(rpl.o)
                0x00000000002052cc                rpl_remove_routes_by_nexthop
 .text.rpl_add_route
                0x000000000020530c       0x2c contiki-eth-openmote.a(rpl.o)
                0x000000000020530c                rpl_add_route
 .text.rpl_link_neighbor_callback
                0x0000000000205338       0x68 contiki-eth-openmote.a(rpl.o)
                0x0000000000205338                rpl_link_neighbor_callback
 .text.rpl_ipv6_neighbor_callback
                0x00000000002053a0       0x28 contiki-eth-openmote.a(rpl.o)
                0x00000000002053a0                rpl_ipv6_neighbor_callback
 .text.rpl_init
                0x00000000002053c8       0x48 contiki-eth-openmote.a(rpl.o)
                0x00000000002053c8                rpl_init
 .text.lollipop_greater_than
                0x0000000000205410       0x3c contiki-eth-openmote.a(rpl-dag.o)
 .text.get_dag  0x000000000020544c       0x58 contiki-eth-openmote.a(rpl-dag.o)
 .text.rpl_set_preferred_parent
                0x00000000002054a4       0x24 contiki-eth-openmote.a(rpl-dag.o)
 .text.set_ip_from_prefix
                0x00000000002054c8       0x2c contiki-eth-openmote.a(rpl-dag.o)
 .text.check_prefix
                0x00000000002054f4       0x60 contiki-eth-openmote.a(rpl-dag.o)
 .text.find_parent_any_dag_any_instance
                0x0000000000205554       0x1c contiki-eth-openmote.a(rpl-dag.o)
 .text.rpl_dag_init
                0x0000000000205570       0x10 contiki-eth-openmote.a(rpl-dag.o)
                0x0000000000205570                rpl_dag_init
 .text.rpl_get_parent_ipaddr
                0x0000000000205580       0x18 contiki-eth-openmote.a(rpl-dag.o)
                0x0000000000205580                rpl_get_parent_ipaddr
 .text.rpl_repair_root
                0x0000000000205598       0x5c contiki-eth-openmote.a(rpl-dag.o)
                0x0000000000205598                rpl_repair_root
 .text.rpl_set_prefix
                0x00000000002055f4       0x98 contiki-eth-openmote.a(rpl-dag.o)
                0x00000000002055f4                rpl_set_prefix
 .text.rpl_set_default_route
                0x000000000020568c       0x48 contiki-eth-openmote.a(rpl-dag.o)
                0x000000000020568c                rpl_set_default_route
 .text.rpl_alloc_instance
                0x00000000002056d4       0x2c contiki-eth-openmote.a(rpl-dag.o)
                0x00000000002056d4                rpl_alloc_instance
 .text.rpl_add_parent
                0x0000000000205700       0x2c contiki-eth-openmote.a(rpl-dag.o)
                0x0000000000205700                rpl_add_parent
 .text.rpl_find_parent
                0x000000000020572c       0x18 contiki-eth-openmote.a(rpl-dag.o)
                0x000000000020572c                rpl_find_parent
 .text.rpl_find_parent_any_dag
                0x0000000000205744       0x24 contiki-eth-openmote.a(rpl-dag.o)
                0x0000000000205744                rpl_find_parent_any_dag
 .text.rpl_select_parent
                0x0000000000205768       0x54 contiki-eth-openmote.a(rpl-dag.o)
                0x0000000000205768                rpl_select_parent
 .text.rpl_select_dag
                0x00000000002057bc      0x17c contiki-eth-openmote.a(rpl-dag.o)
                0x00000000002057bc                rpl_select_dag
 .text.rpl_nullify_parent
                0x0000000000205938       0x44 contiki-eth-openmote.a(rpl-dag.o)
                0x0000000000205938                rpl_nullify_parent
 .text.rpl_remove_parent
                0x000000000020597c       0x18 contiki-eth-openmote.a(rpl-dag.o)
                0x000000000020597c                rpl_remove_parent
 .text.remove_parents.constprop.5
                0x0000000000205994       0x40 contiki-eth-openmote.a(rpl-dag.o)
 .text.rpl_free_dag
                0x00000000002059d4       0x38 contiki-eth-openmote.a(rpl-dag.o)
                0x00000000002059d4                rpl_free_dag
 .text.rpl_free_instance
                0x0000000000205a0c       0x64 contiki-eth-openmote.a(rpl-dag.o)
                0x0000000000205a0c                rpl_free_instance
 .text.rpl_alloc_dag
                0x0000000000205a70       0x68 contiki-eth-openmote.a(rpl-dag.o)
                0x0000000000205a70                rpl_alloc_dag
 .text.rpl_set_root
                0x0000000000205ad8       0xfc contiki-eth-openmote.a(rpl-dag.o)
                0x0000000000205ad8                rpl_set_root
 .text.rpl_move_parent
                0x0000000000205bd4       0x60 contiki-eth-openmote.a(rpl-dag.o)
                0x0000000000205bd4                rpl_move_parent
 .text.rpl_get_any_dag
                0x0000000000205c34       0x18 contiki-eth-openmote.a(rpl-dag.o)
                0x0000000000205c34                rpl_get_any_dag
 .text.rpl_get_instance
                0x0000000000205c4c       0x20 contiki-eth-openmote.a(rpl-dag.o)
                0x0000000000205c4c                rpl_get_instance
 .text.rpl_join_instance
                0x0000000000205c6c      0x140 contiki-eth-openmote.a(rpl-dag.o)
                0x0000000000205c6c                rpl_join_instance
 .text.rpl_local_repair
                0x0000000000205dac       0x64 contiki-eth-openmote.a(rpl-dag.o)
                0x0000000000205dac                rpl_local_repair
 .text.rpl_process_parent_event
                0x0000000000205e10       0x60 contiki-eth-openmote.a(rpl-dag.o)
                0x0000000000205e10                rpl_process_parent_event
 .text.rpl_add_dag
                0x0000000000205e70      0x13c contiki-eth-openmote.a(rpl-dag.o)
                0x0000000000205e70                rpl_add_dag
 .text.rpl_recalculate_ranks
                0x0000000000205fac       0x40 contiki-eth-openmote.a(rpl-dag.o)
                0x0000000000205fac                rpl_recalculate_ranks
 .text.rpl_process_dio
                0x0000000000205fec      0x27c contiki-eth-openmote.a(rpl-dag.o)
                0x0000000000205fec                rpl_process_dio
 .text.get32    0x0000000000206268       0x18 contiki-eth-openmote.a(rpl-icmp6.o)
 .text.dis_output
                0x0000000000206280       0x58 contiki-eth-openmote.a(rpl-icmp6.o)
                0x0000000000206280                dis_output
 .text.dio_output
                0x00000000002062d8      0x2f4 contiki-eth-openmote.a(rpl-icmp6.o)
                0x00000000002062d8                dio_output
 .text.dao_output_target
                0x00000000002065cc      0x104 contiki-eth-openmote.a(rpl-icmp6.o)
                0x00000000002065cc                dao_output_target
 .text.dao_output
                0x00000000002066d0       0x5c contiki-eth-openmote.a(rpl-icmp6.o)
                0x00000000002066d0                dao_output
 .text.dao_ack_output
                0x000000000020672c       0x30 contiki-eth-openmote.a(rpl-icmp6.o)
                0x000000000020672c                dao_ack_output
 .text.uip_rpl_input
                0x000000000020675c      0x50c contiki-eth-openmote.a(rpl-icmp6.o)
                0x000000000020675c                uip_rpl_input
 .text.new_dio_interval
                0x0000000000206c68       0x64 contiki-eth-openmote.a(rpl-timers.o)
 .text.handle_periodic_timer
                0x0000000000206ccc       0x38 contiki-eth-openmote.a(rpl-timers.o)
 .text.handle_dio_timer
                0x0000000000206d04       0x88 contiki-eth-openmote.a(rpl-timers.o)
 .text.handle_dao_timer
                0x0000000000206d8c       0x48 contiki-eth-openmote.a(rpl-timers.o)
 .text.rpl_reset_periodic_timer
                0x0000000000206dd4       0x3c contiki-eth-openmote.a(rpl-timers.o)
                0x0000000000206dd4                rpl_reset_periodic_timer
 .text.rpl_reset_dio_timer
                0x0000000000206e10       0x1c contiki-eth-openmote.a(rpl-timers.o)
                0x0000000000206e10                rpl_reset_dio_timer
 .text.rpl_schedule_dao
                0x0000000000206e2c       0x38 contiki-eth-openmote.a(rpl-timers.o)
                0x0000000000206e2c                rpl_schedule_dao
 .text.reset    0x0000000000206e64        0x4 contiki-eth-openmote.a(rpl-mrhof.o)
 .text.calculate_rank
                0x0000000000206e68       0x30 contiki-eth-openmote.a(rpl-mrhof.o)
 .text.best_parent
                0x0000000000206e98       0x48 contiki-eth-openmote.a(rpl-mrhof.o)
 .text.update_metric_container
                0x0000000000206ee0        0x8 contiki-eth-openmote.a(rpl-mrhof.o)
 .text.neighbor_link_callback
                0x0000000000206ee8       0x40 contiki-eth-openmote.a(rpl-mrhof.o)
 .text.best_dag
                0x0000000000206f28       0x2c contiki-eth-openmote.a(rpl-mrhof.o)
 .text.exit_process
                0x0000000000206f54       0xb0 contiki-eth-openmote.a(process.o)
 .text.call_process.part.0
                0x0000000000207004       0x38 contiki-eth-openmote.a(process.o)
 .text.do_poll  0x000000000020703c       0x3c contiki-eth-openmote.a(process.o)
 .text.process_alloc_event
                0x0000000000207078       0x10 contiki-eth-openmote.a(process.o)
                0x0000000000207078                process_alloc_event
 .text.process_init
                0x0000000000207088       0x3c contiki-eth-openmote.a(process.o)
                0x0000000000207088                process_init
 .text.process_run
                0x00000000002070c4       0xe0 contiki-eth-openmote.a(process.o)
                0x00000000002070c4                process_run
 .text.process_nevents
                0x00000000002071a4       0x14 contiki-eth-openmote.a(process.o)
                0x00000000002071a4                process_nevents
 .text.process_post
                0x00000000002071b8       0x78 contiki-eth-openmote.a(process.o)
                0x00000000002071b8                process_post
 .text.process_post_synch
                0x0000000000207230       0x18 contiki-eth-openmote.a(process.o)
                0x0000000000207230                process_post_synch
 .text.process_start
                0x0000000000207248       0x40 contiki-eth-openmote.a(process.o)
                0x0000000000207248                process_start
 .text.process_poll
                0x0000000000207288       0x18 contiki-eth-openmote.a(process.o)
                0x0000000000207288                process_poll
 .text.autostart_start
                0x00000000002072a0       0x18 contiki-eth-openmote.a(autostart.o)
                0x00000000002072a0                autostart_start
 .text.process_thread_serial_line_process
                0x00000000002072b8       0xac contiki-eth-openmote.a(serial-line.o)
 .text.serial_line_input_byte
                0x0000000000207364       0x58 contiki-eth-openmote.a(serial-line.o)
                0x0000000000207364                serial_line_input_byte
 .text.serial_line_init
                0x00000000002073bc       0x24 contiki-eth-openmote.a(serial-line.o)
                0x00000000002073bc                serial_line_init
 .text.memb_init
                0x00000000002073e0       0x24 contiki-eth-openmote.a(memb.o)
                0x00000000002073e0                memb_init
 .text.memb_alloc
                0x0000000000207404       0x3c contiki-eth-openmote.a(memb.o)
                0x0000000000207404                memb_alloc
 .text.memb_free
                0x0000000000207440       0x44 contiki-eth-openmote.a(memb.o)
                0x0000000000207440                memb_free
 .text.memb_inmemb
                0x0000000000207484       0x1c contiki-eth-openmote.a(memb.o)
                0x0000000000207484                memb_inmemb
 .text.timer_set
                0x00000000002074a0       0x10 contiki-eth-openmote.a(timer.o)
                0x00000000002074a0                timer_set
 .text.timer_reset
                0x00000000002074b0        0xc contiki-eth-openmote.a(timer.o)
                0x00000000002074b0                timer_reset
 .text.timer_restart
                0x00000000002074bc        0xc contiki-eth-openmote.a(timer.o)
                0x00000000002074bc                timer_restart
 .text.timer_expired
                0x00000000002074c8       0x1c contiki-eth-openmote.a(timer.o)
                0x00000000002074c8                timer_expired
 .text.timer_remaining
                0x00000000002074e4       0x10 contiki-eth-openmote.a(timer.o)
                0x00000000002074e4                timer_remaining
 .text.list_init
                0x00000000002074f4        0x8 contiki-eth-openmote.a(list.o)
                0x00000000002074f4                list_init
 .text.list_head
                0x00000000002074fc        0x4 contiki-eth-openmote.a(list.o)
                0x00000000002074fc                list_head
 .text.list_add
                0x0000000000207500       0x60 contiki-eth-openmote.a(list.o)
                0x0000000000207500                list_add
 .text.list_push
                0x0000000000207560       0x48 contiki-eth-openmote.a(list.o)
                0x0000000000207560                list_push
 .text.list_remove
                0x00000000002075a8       0x40 contiki-eth-openmote.a(list.o)
                0x00000000002075a8                list_remove
 .text.list_length
                0x00000000002075e8       0x14 contiki-eth-openmote.a(list.o)
                0x00000000002075e8                list_length
 .text.list_item_next
                0x00000000002075fc        0x8 contiki-eth-openmote.a(list.o)
                0x00000000002075fc                list_item_next
 .text.process_thread_ctimer_process
                0x0000000000207604       0x94 contiki-eth-openmote.a(ctimer.o)
 .text.ctimer_init
                0x0000000000207698       0x28 contiki-eth-openmote.a(ctimer.o)
                0x0000000000207698                ctimer_init
 .text.ctimer_set
                0x00000000002076c0       0x48 contiki-eth-openmote.a(ctimer.o)
                0x00000000002076c0                ctimer_set
 .text.ctimer_reset
                0x0000000000207708       0x40 contiki-eth-openmote.a(ctimer.o)
                0x0000000000207708                ctimer_reset
 .text.ctimer_stop
                0x0000000000207748       0x34 contiki-eth-openmote.a(ctimer.o)
                0x0000000000207748                ctimer_stop
 .text.energest_init
                0x000000000020777c        0x4 contiki-eth-openmote.a(energest.o)
                0x000000000020777c                energest_init
 .text.rtimer_init
                0x0000000000207780        0x4 contiki-eth-openmote.a(rtimer.o)
                0x0000000000207780                rtimer_init
 .text.rtimer_run_next
                0x0000000000207784       0x28 contiki-eth-openmote.a(rtimer.o)
                0x0000000000207784                rtimer_run_next
 .text.stimer_set
                0x00000000002077ac       0x10 contiki-eth-openmote.a(stimer.o)
                0x00000000002077ac                stimer_set
 .text.stimer_expired
                0x00000000002077bc       0x20 contiki-eth-openmote.a(stimer.o)
                0x00000000002077bc                stimer_expired
 .text.random_rand
                0x00000000002077dc       0x30 contiki-eth-openmote.a(random.o)
                0x00000000002077dc                random_rand
 .text.random_init
                0x000000000020780c       0x80 contiki-eth-openmote.a(random.o)
                0x000000000020780c                random_init
 .text.ringbuf_init
                0x000000000020788c       0x10 contiki-eth-openmote.a(ringbuf.o)
                0x000000000020788c                ringbuf_init
 .text.ringbuf_put
                0x000000000020789c       0x30 contiki-eth-openmote.a(ringbuf.o)
                0x000000000020789c                ringbuf_put
 .text.ringbuf_get
                0x00000000002078cc       0x28 contiki-eth-openmote.a(ringbuf.o)
                0x00000000002078cc                ringbuf_get
 .text.nbr_set_bit
                0x00000000002078f4       0x44 contiki-eth-openmote.a(nbr-table.o)
 .text.index_from_lladdr
                0x0000000000207938       0x50 contiki-eth-openmote.a(nbr-table.o)
 .text.nbr_get_bit.constprop.0
                0x0000000000207988       0x2c contiki-eth-openmote.a(nbr-table.o)
 .text.nbr_table_register
                0x00000000002079b4       0x2c contiki-eth-openmote.a(nbr-table.o)
                0x00000000002079b4                nbr_table_register
 .text.nbr_table_next
                0x00000000002079e0       0x78 contiki-eth-openmote.a(nbr-table.o)
                0x00000000002079e0                nbr_table_next
 .text.nbr_table_head
                0x0000000000207a58       0x5c contiki-eth-openmote.a(nbr-table.o)
                0x0000000000207a58                nbr_table_head
 .text.nbr_table_add_lladdr
                0x0000000000207ab4      0x1ac contiki-eth-openmote.a(nbr-table.o)
                0x0000000000207ab4                nbr_table_add_lladdr
 .text.nbr_table_get_from_lladdr
                0x0000000000207c60       0x34 contiki-eth-openmote.a(nbr-table.o)
                0x0000000000207c60                nbr_table_get_from_lladdr
 .text.nbr_table_remove
                0x0000000000207c94       0x2c contiki-eth-openmote.a(nbr-table.o)
                0x0000000000207c94                nbr_table_remove
 .text.nbr_table_lock
                0x0000000000207cc0       0x10 contiki-eth-openmote.a(nbr-table.o)
                0x0000000000207cc0                nbr_table_lock
 .text.nbr_table_unlock
                0x0000000000207cd0       0x10 contiki-eth-openmote.a(nbr-table.o)
                0x0000000000207cd0                nbr_table_unlock
 .text.nbr_table_get_lladdr
                0x0000000000207ce0       0x30 contiki-eth-openmote.a(nbr-table.o)
                0x0000000000207ce0                nbr_table_get_lladdr
 .text.netstack_init
                0x0000000000207d10       0x2c contiki-eth-openmote.a(netstack.o)
                0x0000000000207d10                netstack_init
 .text.packetbuf_compact
                0x0000000000207d3c       0x4c contiki-eth-openmote.a(packetbuf.o)
                0x0000000000207d3c                packetbuf_compact
 .text.packetbuf_copyto_hdr
                0x0000000000207d88       0x20 contiki-eth-openmote.a(packetbuf.o)
                0x0000000000207d88                packetbuf_copyto_hdr
 .text.packetbuf_copyto
                0x0000000000207da8       0x50 contiki-eth-openmote.a(packetbuf.o)
                0x0000000000207da8                packetbuf_copyto
 .text.packetbuf_hdralloc
                0x0000000000207df8       0x3c contiki-eth-openmote.a(packetbuf.o)
                0x0000000000207df8                packetbuf_hdralloc
 .text.packetbuf_hdr_remove
                0x0000000000207e34       0x10 contiki-eth-openmote.a(packetbuf.o)
                0x0000000000207e34                packetbuf_hdr_remove
 .text.packetbuf_hdrreduce
                0x0000000000207e44       0x30 contiki-eth-openmote.a(packetbuf.o)
                0x0000000000207e44                packetbuf_hdrreduce
 .text.packetbuf_set_datalen
                0x0000000000207e74        0xc contiki-eth-openmote.a(packetbuf.o)
                0x0000000000207e74                packetbuf_set_datalen
 .text.packetbuf_dataptr
                0x0000000000207e80       0x14 contiki-eth-openmote.a(packetbuf.o)
                0x0000000000207e80                packetbuf_dataptr
 .text.packetbuf_hdrptr
                0x0000000000207e94       0x14 contiki-eth-openmote.a(packetbuf.o)
                0x0000000000207e94                packetbuf_hdrptr
 .text.packetbuf_is_reference
                0x0000000000207ea8       0x18 contiki-eth-openmote.a(packetbuf.o)
                0x0000000000207ea8                packetbuf_is_reference
 .text.packetbuf_reference_ptr
                0x0000000000207ec0        0xc contiki-eth-openmote.a(packetbuf.o)
                0x0000000000207ec0                packetbuf_reference_ptr
 .text.packetbuf_datalen
                0x0000000000207ecc        0xc contiki-eth-openmote.a(packetbuf.o)
                0x0000000000207ecc                packetbuf_datalen
 .text.packetbuf_totlen
                0x0000000000207ed8       0x1c contiki-eth-openmote.a(packetbuf.o)
                0x0000000000207ed8                packetbuf_totlen
 .text.packetbuf_attr_clear
                0x0000000000207ef4       0x34 contiki-eth-openmote.a(packetbuf.o)
                0x0000000000207ef4                packetbuf_attr_clear
 .text.packetbuf_clear
                0x0000000000207f28       0x34 contiki-eth-openmote.a(packetbuf.o)
                0x0000000000207f28                packetbuf_clear
 .text.packetbuf_copyfrom
                0x0000000000207f5c       0x2c contiki-eth-openmote.a(packetbuf.o)
                0x0000000000207f5c                packetbuf_copyfrom
 .text.packetbuf_attr_copyto
                0x0000000000207f88       0x44 contiki-eth-openmote.a(packetbuf.o)
                0x0000000000207f88                packetbuf_attr_copyto
 .text.packetbuf_attr_copyfrom
                0x0000000000207fcc       0x44 contiki-eth-openmote.a(packetbuf.o)
                0x0000000000207fcc                packetbuf_attr_copyfrom
 .text.psock_send
                0x0000000000208010       0xa4 contiki-eth-openmote.a(psock.o)
                0x0000000000208010                psock_send
 .text.psock_generator_send
                0x00000000002080b4       0x6c contiki-eth-openmote.a(psock.o)
                0x00000000002080b4                psock_generator_send
 .text.psock_datalen
                0x0000000000208120        0xc contiki-eth-openmote.a(psock.o)
                0x0000000000208120                psock_datalen
 .text.psock_readto
                0x000000000020812c       0xc0 contiki-eth-openmote.a(psock.o)
                0x000000000020812c                psock_readto
 .text.psock_init
                0x00000000002081ec       0x18 contiki-eth-openmote.a(psock.o)
                0x00000000002081ec                psock_init
 .text.queuebuf_init
                0x0000000000208204       0x24 contiki-eth-openmote.a(queuebuf.o)
                0x0000000000208204                queuebuf_init
 .text.queuebuf_new_from_packetbuf
                0x0000000000208228       0x94 contiki-eth-openmote.a(queuebuf.o)
                0x0000000000208228                queuebuf_new_from_packetbuf
 .text.queuebuf_update_attr_from_packetbuf
                0x00000000002082bc        0xc contiki-eth-openmote.a(queuebuf.o)
                0x00000000002082bc                queuebuf_update_attr_from_packetbuf
 .text.queuebuf_free
                0x00000000002082c8       0x48 contiki-eth-openmote.a(queuebuf.o)
                0x00000000002082c8                queuebuf_free
 .text.queuebuf_to_packetbuf
                0x0000000000208310       0x68 contiki-eth-openmote.a(queuebuf.o)
                0x0000000000208310                queuebuf_to_packetbuf
 .text.queuebuf_attr
                0x0000000000208378        0xc contiki-eth-openmote.a(queuebuf.o)
                0x0000000000208378                queuebuf_attr
 .text.set_packet_attrs
                0x0000000000208384       0x3c contiki-eth-openmote.a(sicslowpan.o)
 .text.sicslowpan_init
                0x00000000002083c0       0x24 contiki-eth-openmote.a(sicslowpan.o)
                0x00000000002083c0                sicslowpan_init
 .text.compress_addr_64
                0x00000000002083e4       0x9c contiki-eth-openmote.a(sicslowpan.o)
 .text.addr_context_lookup_by_prefix
                0x0000000000208480       0x48 contiki-eth-openmote.a(sicslowpan.o)
 .text.send_packet
                0x00000000002084c8       0x28 contiki-eth-openmote.a(sicslowpan.o)
 .text.output   0x00000000002084f0      0x754 contiki-eth-openmote.a(sicslowpan.o)
 .text.packet_sent
                0x0000000000208c44       0x28 contiki-eth-openmote.a(sicslowpan.o)
 .text.uncompress_addr
                0x0000000000208c6c       0x8c contiki-eth-openmote.a(sicslowpan.o)
 .text.input    0x0000000000208cf8      0x78c contiki-eth-openmote.a(sicslowpan.o)
 .text.simple_udp_sendto
                0x0000000000209484       0x1c contiki-eth-openmote.a(simple-udp.o)
                0x0000000000209484                simple_udp_sendto
 .text.start_periodic_tcp_timer
                0x00000000002094a0       0x1c contiki-eth-openmote.a(tcpip.o)
 .text.tcpip_set_outputfunc
                0x00000000002094bc        0xc contiki-eth-openmote.a(tcpip.o)
                0x00000000002094bc                tcpip_set_outputfunc
 .text.tcp_listen
                0x00000000002094c8       0x58 contiki-eth-openmote.a(tcpip.o)
                0x00000000002094c8                tcp_listen
 .text.tcp_attach
                0x0000000000209520       0x10 contiki-eth-openmote.a(tcpip.o)
                0x0000000000209520                tcp_attach
 .text.udp_new  0x0000000000209530       0x18 contiki-eth-openmote.a(tcpip.o)
                0x0000000000209530                udp_new
 .text.tcpip_icmp6_call
                0x0000000000209548       0x28 contiki-eth-openmote.a(tcpip.o)
                0x0000000000209548                tcpip_icmp6_call
 .text.tcpip_input
                0x0000000000209570       0x24 contiki-eth-openmote.a(tcpip.o)
                0x0000000000209570                tcpip_input
 .text.tcpip_ipv6_output
                0x0000000000209594      0x16c contiki-eth-openmote.a(tcpip.o)
                0x0000000000209594                tcpip_ipv6_output
 .text.process_thread_tcpip_process
                0x0000000000209700      0x214 contiki-eth-openmote.a(tcpip.o)
 .text.tcpip_poll_udp
                0x0000000000209914       0x10 contiki-eth-openmote.a(tcpip.o)
                0x0000000000209914                tcpip_poll_udp
 .text.tcpip_uipcall
                0x0000000000209924       0x9c contiki-eth-openmote.a(tcpip.o)
                0x0000000000209924                tcpip_uipcall
 .text.uip_debug_ipaddr_print
                0x00000000002099c0       0x70 contiki-eth-openmote.a(uip-debug.o)
                0x00000000002099c0                uip_debug_ipaddr_print
 .text.call_route_callback
                0x0000000000209a30       0x50 contiki-eth-openmote.a(uip-ds6-route.o)
 .text.uip_ds6_notification_add
                0x0000000000209a80       0x14 contiki-eth-openmote.a(uip-ds6-route.o)
                0x0000000000209a80                uip_ds6_notification_add
 .text.uip_ds6_route_init
                0x0000000000209a94       0x40 contiki-eth-openmote.a(uip-ds6-route.o)
                0x0000000000209a94                uip_ds6_route_init
 .text.uip_ds6_route_nexthop
                0x0000000000209ad4       0x1c contiki-eth-openmote.a(uip-ds6-route.o)
                0x0000000000209ad4                uip_ds6_route_nexthop
 .text.uip_ds6_route_head
                0x0000000000209af0       0x24 contiki-eth-openmote.a(uip-ds6-route.o)
                0x0000000000209af0                uip_ds6_route_head
 .text.uip_ds6_route_next
                0x0000000000209b14       0x2c contiki-eth-openmote.a(uip-ds6-route.o)
                0x0000000000209b14                uip_ds6_route_next
 .text.uip_ds6_route_num_routes
                0x0000000000209b40        0xc contiki-eth-openmote.a(uip-ds6-route.o)
                0x0000000000209b40                uip_ds6_route_num_routes
 .text.uip_ds6_route_lookup
                0x0000000000209b4c       0x48 contiki-eth-openmote.a(uip-ds6-route.o)
                0x0000000000209b4c                uip_ds6_route_lookup
 .text.uip_ds6_route_add
                0x0000000000209b94       0xb8 contiki-eth-openmote.a(uip-ds6-route.o)
                0x0000000000209b94                uip_ds6_route_add
 .text.uip_ds6_route_rm
                0x0000000000209c4c       0x5c contiki-eth-openmote.a(uip-ds6-route.o)
                0x0000000000209c4c                uip_ds6_route_rm
 .text.rm_routelist
                0x0000000000209ca8       0x2c contiki-eth-openmote.a(uip-ds6-route.o)
 .text.rm_routelist_callback
                0x0000000000209cd4        0x4 contiki-eth-openmote.a(uip-ds6-route.o)
 .text.uip_ds6_defrt_rm
                0x0000000000209cd8       0x48 contiki-eth-openmote.a(uip-ds6-route.o)
                0x0000000000209cd8                uip_ds6_defrt_rm
 .text.uip_ds6_defrt_lookup
                0x0000000000209d20       0x34 contiki-eth-openmote.a(uip-ds6-route.o)
                0x0000000000209d20                uip_ds6_defrt_lookup
 .text.uip_ds6_defrt_add
                0x0000000000209d54       0x74 contiki-eth-openmote.a(uip-ds6-route.o)
                0x0000000000209d54                uip_ds6_defrt_add
 .text.uip_ds6_defrt_choose
                0x0000000000209dc8       0x84 contiki-eth-openmote.a(uip-ds6-route.o)
                0x0000000000209dc8                uip_ds6_defrt_choose
 .text.uip_ds6_defrt_periodic
                0x0000000000209e4c       0x3c contiki-eth-openmote.a(uip-ds6-route.o)
                0x0000000000209e4c                uip_ds6_defrt_periodic
 .text.uip_ds6_nbr_rm
                0x0000000000209e88       0x20 contiki-eth-openmote.a(uip-ds6-nbr.o)
                0x0000000000209e88                uip_ds6_nbr_rm
 .text.uip_ds6_neighbors_init
                0x0000000000209ea8       0x14 contiki-eth-openmote.a(uip-ds6-nbr.o)
                0x0000000000209ea8                uip_ds6_neighbors_init
 .text.uip_ds6_nbr_add
                0x0000000000209ebc       0x50 contiki-eth-openmote.a(uip-ds6-nbr.o)
                0x0000000000209ebc                uip_ds6_nbr_add
 .text.uip_ds6_nbr_get_ipaddr
                0x0000000000209f0c        0x4 contiki-eth-openmote.a(uip-ds6-nbr.o)
                0x0000000000209f0c                uip_ds6_nbr_get_ipaddr
 .text.uip_ds6_nbr_get_ll
                0x0000000000209f10       0x10 contiki-eth-openmote.a(uip-ds6-nbr.o)
                0x0000000000209f10                uip_ds6_nbr_get_ll
 .text.uip_ds6_nbr_lookup
                0x0000000000209f20       0x3c contiki-eth-openmote.a(uip-ds6-nbr.o)
                0x0000000000209f20                uip_ds6_nbr_lookup
 .text.uip_ds6_nbr_ipaddr_from_lladdr
                0x0000000000209f5c       0x10 contiki-eth-openmote.a(uip-ds6-nbr.o)
                0x0000000000209f5c                uip_ds6_nbr_ipaddr_from_lladdr
 .text.uip_ds6_nbr_lladdr_from_ipaddr
                0x0000000000209f6c       0x1c contiki-eth-openmote.a(uip-ds6-nbr.o)
                0x0000000000209f6c                uip_ds6_nbr_lladdr_from_ipaddr
 .text.uip_ds6_link_neighbor_callback
                0x0000000000209f88       0x28 contiki-eth-openmote.a(uip-ds6-nbr.o)
                0x0000000000209f88                uip_ds6_link_neighbor_callback
 .text.uip_ds6_neighbor_periodic
                0x0000000000209fb0      0x108 contiki-eth-openmote.a(uip-ds6-nbr.o)
                0x0000000000209fb0                uip_ds6_neighbor_periodic
 .text.uip_ds6_list_loop
                0x000000000020a0b8       0x68 contiki-eth-openmote.a(uip-ds6.o)
                0x000000000020a0b8                uip_ds6_list_loop
 .text.uip_ds6_prefix_add
                0x000000000020a120       0x70 contiki-eth-openmote.a(uip-ds6.o)
                0x000000000020a120                uip_ds6_prefix_add
 .text.uip_ds6_is_addr_onlink
                0x000000000020a190       0x48 contiki-eth-openmote.a(uip-ds6.o)
                0x000000000020a190                uip_ds6_is_addr_onlink
 .text.uip_ds6_addr_lookup
                0x000000000020a1d8       0x30 contiki-eth-openmote.a(uip-ds6.o)
                0x000000000020a1d8                uip_ds6_addr_lookup
 .text.uip_ds6_get_link_local
                0x000000000020a208       0x4c contiki-eth-openmote.a(uip-ds6.o)
                0x000000000020a208                uip_ds6_get_link_local
 .text.uip_ds6_maddr_add
                0x000000000020a254       0x50 contiki-eth-openmote.a(uip-ds6.o)
                0x000000000020a254                uip_ds6_maddr_add
 .text.uip_ds6_addr_add
                0x000000000020a2a4       0xac contiki-eth-openmote.a(uip-ds6.o)
                0x000000000020a2a4                uip_ds6_addr_add
 .text.uip_ds6_maddr_lookup
                0x000000000020a350       0x30 contiki-eth-openmote.a(uip-ds6.o)
                0x000000000020a350                uip_ds6_maddr_lookup
 .text.uip_ds6_addr_rm
                0x000000000020a380       0x48 contiki-eth-openmote.a(uip-ds6.o)
                0x000000000020a380                uip_ds6_addr_rm
 .text.uip_ds6_periodic
                0x000000000020a3c8       0x60 contiki-eth-openmote.a(uip-ds6.o)
                0x000000000020a3c8                uip_ds6_periodic
 .text.uip_ds6_select_src
                0x000000000020a428       0xfc contiki-eth-openmote.a(uip-ds6.o)
                0x000000000020a428                uip_ds6_select_src
 .text.uip_ds6_set_addr_iid
                0x000000000020a524       0x14 contiki-eth-openmote.a(uip-ds6.o)
                0x000000000020a524                uip_ds6_set_addr_iid
 .text.uip_ds6_compute_reachable_time
                0x000000000020a538       0x28 contiki-eth-openmote.a(uip-ds6.o)
                0x000000000020a538                uip_ds6_compute_reachable_time
 .text.uip_ds6_init
                0x000000000020a560       0xf0 contiki-eth-openmote.a(uip-ds6.o)
                0x000000000020a560                uip_ds6_init
 .text.uip_icmp6_echo_request_input
                0x000000000020a650      0x118 contiki-eth-openmote.a(uip-icmp6.o)
                0x000000000020a650                uip_icmp6_echo_request_input
 .text.uip_icmp6_error_output
                0x000000000020a768      0x168 contiki-eth-openmote.a(uip-icmp6.o)
                0x000000000020a768                uip_icmp6_error_output
 .text.uip_icmp6_send
                0x000000000020a8d0       0x8c contiki-eth-openmote.a(uip-icmp6.o)
                0x000000000020a8d0                uip_icmp6_send
 .text.uip_icmp6_echo_reply_input
                0x000000000020a95c       0xfc contiki-eth-openmote.a(uip-icmp6.o)
                0x000000000020a95c                uip_icmp6_echo_reply_input
 .text.uip_icmp6_echo_reply_callback_add
                0x000000000020aa58       0x14 contiki-eth-openmote.a(uip-icmp6.o)
                0x000000000020aa58                uip_icmp6_echo_reply_callback_add
 .text.uip_nd6_ns_input
                0x000000000020aa6c      0x294 contiki-eth-openmote.a(uip-nd6.o)
                0x000000000020aa6c                uip_nd6_ns_input
 .text.uip_nd6_ns_output
                0x000000000020ad00      0x16c contiki-eth-openmote.a(uip-nd6.o)
                0x000000000020ad00                uip_nd6_ns_output
 .text.uip_nd6_na_input
                0x000000000020ae6c      0x1f0 contiki-eth-openmote.a(uip-nd6.o)
                0x000000000020ae6c                uip_nd6_na_input
 .text.uip_split_output
                0x000000000020b05c       0xc0 contiki-eth-openmote.a(uip-split.o)
                0x000000000020b05c                uip_split_output
 .text.uip_udp_packet_send
                0x000000000020b11c       0x44 contiki-eth-openmote.a(uip-udp-packet.)
                0x000000000020b11c                uip_udp_packet_send
 .text.uip_udp_packet_sendto
                0x000000000020b160       0x4c contiki-eth-openmote.a(uip-udp-packet.)
                0x000000000020b160                uip_udp_packet_sendto
 .text.chksum   0x000000000020b1ac       0x50 contiki-eth-openmote.a(uip6.o)
 .text.upper_layer_chksum
                0x000000000020b1fc       0x58 contiki-eth-openmote.a(uip6.o)
 .text.ext_hdr_options_process
                0x000000000020b254       0xc4 contiki-eth-openmote.a(uip6.o)
 .text.uip_add32
                0x000000000020b318       0x58 contiki-eth-openmote.a(uip6.o)
                0x000000000020b318                uip_add32
 .text.unlikely.uip_add_rcv_nxt
                0x000000000020b370       0x2c contiki-eth-openmote.a(uip6.o)
 .text.uip_icmp6chksum
                0x000000000020b39c        0x8 contiki-eth-openmote.a(uip6.o)
                0x000000000020b39c                uip_icmp6chksum
 .text.uip_tcpchksum
                0x000000000020b3a4        0x8 contiki-eth-openmote.a(uip6.o)
                0x000000000020b3a4                uip_tcpchksum
 .text.uip_init
                0x000000000020b3ac       0x60 contiki-eth-openmote.a(uip6.o)
                0x000000000020b3ac                uip_init
 .text.remove_ext_hdr
                0x000000000020b40c       0x60 contiki-eth-openmote.a(uip6.o)
                0x000000000020b40c                remove_ext_hdr
 .text.uip_udp_new
                0x000000000020b46c       0xec contiki-eth-openmote.a(uip6.o)
                0x000000000020b46c                uip_udp_new
 .text.uip_unlisten
                0x000000000020b558       0x50 contiki-eth-openmote.a(uip6.o)
                0x000000000020b558                uip_unlisten
 .text.uip_listen
                0x000000000020b5a8       0x54 contiki-eth-openmote.a(uip6.o)
                0x000000000020b5a8                uip_listen
 .text.uip_process
                0x000000000020b5fc     0x11f8 contiki-eth-openmote.a(uip6.o)
                0x000000000020b5fc                uip_process
 .text.uip_htons
                0x000000000020c7f4        0x8 contiki-eth-openmote.a(uip6.o)
                0x000000000020c7f4                uip_htons
 .text.uip_htonl
                0x000000000020c7fc       0x14 contiki-eth-openmote.a(uip6.o)
                0x000000000020c7fc                uip_htonl
 .text.uip_send
                0x000000000020c810       0x5c contiki-eth-openmote.a(uip6.o)
                0x000000000020c810                uip_send
 .text.netstack_aes_set_key
                0x000000000020c86c       0x24 contiki-eth-openmote.a(netstack-aes.o)
                0x000000000020c86c                netstack_aes_set_key
 .text.duty_cycle
                0x000000000020c890        0x4 contiki-eth-openmote.a(drowsie.o)
 .text.on       0x000000000020c894       0x28 contiki-eth-openmote.a(drowsie.o)
 .text.off      0x000000000020c8bc       0x3c contiki-eth-openmote.a(drowsie.o)
 .text.recv_burst_off
                0x000000000020c8f8       0x14 contiki-eth-openmote.a(drowsie.o)
 .text.call_powercycle
                0x000000000020c90c       0x6c contiki-eth-openmote.a(drowsie.o)
 .text.turn_off
                0x000000000020c978       0x44 contiki-eth-openmote.a(drowsie.o)
 .text.turn_on.part.3
                0x000000000020c9bc       0x2c contiki-eth-openmote.a(drowsie.o)
 .text.turn_on  0x000000000020c9e8       0x14 contiki-eth-openmote.a(drowsie.o)
 .text.init     0x000000000020c9fc       0x24 contiki-eth-openmote.a(drowsie.o)
 .text.input_packet
                0x000000000020ca20      0x114 contiki-eth-openmote.a(drowsie.o)
 .text.send_packet.isra.5.part.6
                0x000000000020cb34      0x23c contiki-eth-openmote.a(drowsie.o)
 .text.qsend_list
                0x000000000020cd70       0x8c contiki-eth-openmote.a(drowsie.o)
 .text.qsend_packet
                0x000000000020cdfc       0x2c contiki-eth-openmote.a(drowsie.o)
 .text.ip64_addr_copy4
                0x000000000020ce28        0x8 contiki-eth-openmote.a(ip64-addr.o)
                0x000000000020ce28                ip64_addr_copy4
 .text.ip64_addr_copy6
                0x000000000020ce30       0x18 contiki-eth-openmote.a(ip64-addr.o)
                0x000000000020ce30                ip64_addr_copy6
 .text.ip64_addr_4to6
                0x000000000020ce48       0x38 contiki-eth-openmote.a(ip64-addr.o)
                0x000000000020ce48                ip64_addr_4to6
 .text.ip64_addr_6to4
                0x000000000020ce80       0x48 contiki-eth-openmote.a(ip64-addr.o)
                0x000000000020ce80                ip64_addr_6to4
 .text.arp_update
                0x000000000020cec8       0xdc contiki-eth-openmote.a(ip64-arp.o)
 .text.ip64_arp_arp_input
                0x000000000020cfa4       0xb4 contiki-eth-openmote.a(ip64-arp.o)
                0x000000000020cfa4                ip64_arp_arp_input
 .text.ip64_arp_check_cache
                0x000000000020d058       0xa8 contiki-eth-openmote.a(ip64-arp.o)
                0x000000000020d058                ip64_arp_check_cache
 .text.ip64_arp_create_ethhdr
                0x000000000020d100       0xec contiki-eth-openmote.a(ip64-arp.o)
                0x000000000020d100                ip64_arp_create_ethhdr
 .text.ip64_arp_create_arp_request
                0x000000000020d1ec       0xc8 contiki-eth-openmote.a(ip64-arp.o)
                0x000000000020d1ec                ip64_arp_create_arp_request
 .text.writereg
                0x000000000020d2b4       0x24 contiki-eth-openmote.a(enc28j60.o)
 .text.writedata
                0x000000000020d2d8       0x2c contiki-eth-openmote.a(enc28j60.o)
 .text.readreg  0x000000000020d304       0x20 contiki-eth-openmote.a(enc28j60.o)
 .text.setregbank
                0x000000000020d324       0x20 contiki-eth-openmote.a(enc28j60.o)
 .text.reset    0x000000000020d344      0x134 contiki-eth-openmote.a(enc28j60.o)
 .text.process_thread_enc_watchdog_process
                0x000000000020d478       0x5c contiki-eth-openmote.a(enc28j60.o)
 .text.readdatabyte
                0x000000000020d4d4       0x1c contiki-eth-openmote.a(enc28j60.o)
 .text.enc28j60_init
                0x000000000020d4f0       0x30 contiki-eth-openmote.a(enc28j60.o)
                0x000000000020d4f0                enc28j60_init
 .text.enc28j60_send
                0x000000000020d520       0xec contiki-eth-openmote.a(enc28j60.o)
                0x000000000020d520                enc28j60_send
 .text.enc28j60_read
                0x000000000020d60c       0xd0 contiki-eth-openmote.a(enc28j60.o)
                0x000000000020d60c                enc28j60_read
 .text.mac_call_sent_callback
                0x000000000020d6dc       0x10 contiki-eth-openmote.a(mac.o)
                0x000000000020d6dc                mac_call_sent_callback
 .text.parse    0x000000000020d6ec       0xa4 contiki-eth-openmote.a(framer-802154.o)
 .text.create   0x000000000020d790      0x110 contiki-eth-openmote.a(framer-802154.o)
 .text.rpl_verify_header
                0x000000000020d8a0       0xa8 contiki-eth-openmote.a(rpl-ext-header.)
                0x000000000020d8a0                rpl_verify_header
 .text.rpl_update_header_empty
                0x000000000020d948      0x100 contiki-eth-openmote.a(rpl-ext-header.)
                0x000000000020d948                rpl_update_header_empty
 .text.rpl_update_header_final
                0x000000000020da48       0x88 contiki-eth-openmote.a(rpl-ext-header.)
                0x000000000020da48                rpl_update_header_final
 .text.rpl_invert_header
                0x000000000020dad0       0x50 contiki-eth-openmote.a(rpl-ext-header.)
                0x000000000020dad0                rpl_invert_header
 .text.enc28j60_arch_spi_init
                0x000000000020db20       0x40 contiki-eth-openmote.a(enc28j60-arch.o)
                0x000000000020db20                enc28j60_arch_spi_init
 .text.enc28j60_arch_spi_select
                0x000000000020db60        0xc contiki-eth-openmote.a(enc28j60-arch.o)
                0x000000000020db60                enc28j60_arch_spi_select
 .text.enc28j60_arch_spi_deselect
                0x000000000020db6c        0xc contiki-eth-openmote.a(enc28j60-arch.o)
                0x000000000020db6c                enc28j60_arch_spi_deselect
 .text.enc28j60_arch_spi_write
                0x000000000020db78       0x50 contiki-eth-openmote.a(enc28j60-arch.o)
                0x000000000020db78                enc28j60_arch_spi_write
 .text.enc28j60_arch_spi_read
                0x000000000020dbc8        0x8 contiki-eth-openmote.a(enc28j60-arch.o)
                0x000000000020dbc8                enc28j60_arch_spi_read
 .text.field_len
                0x000000000020dbd0       0x80 contiki-eth-openmote.a(frame802154.o)
 .text.frame802154_hdrlen
                0x000000000020dc50       0x30 contiki-eth-openmote.a(frame802154.o)
                0x000000000020dc50                frame802154_hdrlen
 .text.frame802154_create
                0x000000000020dc80      0x128 contiki-eth-openmote.a(frame802154.o)
                0x000000000020dc80                frame802154_create
 .text.frame802154_parse
                0x000000000020dda8      0x138 contiki-eth-openmote.a(frame802154.o)
                0x000000000020dda8                frame802154_parse
 .text          0x000000000020dee0       0x2c /usr/bin/../lib/gcc/arm-none-eabi/4.8.4/armv7-m/libgcc.a(_aeabi_uldivmod.o)
                0x000000000020dee0                __aeabi_uldivmod
 .text          0x000000000020df0c       0x60 /usr/bin/../lib/gcc/arm-none-eabi/4.8.4/armv7-m/libgcc.a(bpabi.o)
                0x000000000020df0c                __gnu_ldivmod_helper
                0x000000000020df3c                __gnu_uldivmod_helper
 .text          0x000000000020df6c        0x4 /usr/bin/../lib/gcc/arm-none-eabi/4.8.4/armv7-m/libgcc.a(_dvmd_tls.o)
                0x000000000020df6c                __aeabi_ldiv0
                0x000000000020df6c                __aeabi_idiv0
 .text          0x000000000020df70      0x2a0 /usr/bin/../lib/gcc/arm-none-eabi/4.8.4/armv7-m/libgcc.a(_divdi3.o)
                0x000000000020df70                __divdi3
 .text          0x000000000020e210      0x290 /usr/bin/../lib/gcc/arm-none-eabi/4.8.4/armv7-m/libgcc.a(_udivdi3.o)
                0x000000000020e210                __udivdi3
 .text.memcmp   0x000000000020e4a0       0x68 /usr/bin/../lib/gcc/arm-none-eabi/4.8.4/../../../../arm-none-eabi/lib/armv7-m/libc.a(lib_a-memcmp.o)
                0x000000000020e4a0                memcmp
 .text          0x000000000020e508       0xec /usr/bin/../lib/gcc/arm-none-eabi/4.8.4/../../../../arm-none-eabi/lib/armv7-m/libc.a(lib_a-memcpy.o)
                0x000000000020e508                memcpy
 .text.memmove  0x000000000020e5f4       0xcc /usr/bin/../lib/gcc/arm-none-eabi/4.8.4/../../../../arm-none-eabi/lib/armv7-m/libc.a(lib_a-memmove.o)
                0x000000000020e5f4                memmove
 .text.memset   0x000000000020e6c0       0x94 /usr/bin/../lib/gcc/arm-none-eabi/4.8.4/../../../../arm-none-eabi/lib/armv7-m/libc.a(lib_a-memset.o)
                0x000000000020e6c0                memset
 .text.strchr   0x000000000020e754       0xf4 /usr/bin/../lib/gcc/arm-none-eabi/4.8.4/../../../../arm-none-eabi/lib/armv7-m/libc.a(lib_a-strchr.o)
                0x000000000020e754                strchr
 .text.strcpy   0x000000000020e848       0xbc /usr/bin/../lib/gcc/arm-none-eabi/4.8.4/../../../../arm-none-eabi/lib/armv7-m/libc.a(lib_a-strcpy.o)
                0x000000000020e848                strcpy
 .text.strlen   0x000000000020e904       0x60 /usr/bin/../lib/gcc/arm-none-eabi/4.8.4/../../../../arm-none-eabi/lib/armv7-m/libc.a(lib_a-strlen.o)
                0x000000000020e904                strlen
 .text.strncmp  0x000000000020e964       0xb4 /usr/bin/../lib/gcc/arm-none-eabi/4.8.4/../../../../arm-none-eabi/lib/armv7-m/libc.a(lib_a-strncmp.o)
                0x000000000020e964                strncmp
 .text.strncpy  0x000000000020ea18       0x64 /usr/bin/../lib/gcc/arm-none-eabi/4.8.4/../../../../arm-none-eabi/lib/armv7-m/libc.a(lib_a-strncpy.o)
                0x000000000020ea18                strncpy
 .text.strrchr  0x000000000020ea7c       0x28 /usr/bin/../lib/gcc/arm-none-eabi/4.8.4/../../../../arm-none-eabi/lib/armv7-m/libc.a(lib_a-strrchr.o)
                0x000000000020ea7c                strrchr
 *(.rodata*)
 .rodata.autostart_processes
                0x000000000020eaa4        0xc router-webserver-node.co
                0x000000000020eaa4                autostart_processes
 .rodata.str1.4
                0x000000000020eab0       0x58 router-webserver-node.co
 .rodata.str1.4
                0x000000000020eb08        0xc contiki-eth-openmote.a(etimer.o)
 .rodata.str1.4
                0x000000000020eb14        0xb contiki-eth-openmote.a(ip64-webserver.)
                                          0xc (size before relaxing)
 *fill*         0x000000000020eb1f        0x1 00000000
 .rodata.str1.4
                0x000000000020eb20       0x10 contiki-eth-openmote.a(httpd.o)
 .rodata.ip64_webserver_http_404_html
                0x000000000020eb30        0xc contiki-eth-openmote.a(ip64-webserver-)
                0x000000000020eb30                ip64_webserver_http_404_html
 .rodata.ip64_webserver_http_referer
                0x000000000020eb3c        0xc contiki-eth-openmote.a(ip64-webserver-)
                0x000000000020eb3c                ip64_webserver_http_referer
 .rodata.ip64_webserver_http_index_html
                0x000000000020eb48        0xc contiki-eth-openmote.a(ip64-webserver-)
                0x000000000020eb48                ip64_webserver_http_index_html
 .rodata.ip64_webserver_http_jpg
                0x000000000020eb54        0x8 contiki-eth-openmote.a(ip64-webserver-)
                0x000000000020eb54                ip64_webserver_http_jpg
 .rodata.ip64_webserver_http_content_type_jpg
                0x000000000020eb5c       0x20 contiki-eth-openmote.a(ip64-webserver-)
                0x000000000020eb5c                ip64_webserver_http_content_type_jpg
 .rodata.ip64_webserver_http_content_type_png
                0x000000000020eb7c       0x1c contiki-eth-openmote.a(ip64-webserver-)
                0x000000000020eb7c                ip64_webserver_http_content_type_png
 .rodata.ip64_webserver_http_content_type_html
                0x000000000020eb98       0x1c contiki-eth-openmote.a(ip64-webserver-)
                0x000000000020eb98                ip64_webserver_http_content_type_html
 .rodata.ip64_webserver_http_content_type_binary
                0x000000000020ebb4       0x2c contiki-eth-openmote.a(ip64-webserver-)
                0x000000000020ebb4                ip64_webserver_http_content_type_binary
 .rodata.ip64_webserver_http_html
                0x000000000020ebe0        0x8 contiki-eth-openmote.a(ip64-webserver-)
                0x000000000020ebe0                ip64_webserver_http_html
 .rodata.ip64_webserver_http_png
                0x000000000020ebe8        0x8 contiki-eth-openmote.a(ip64-webserver-)
                0x000000000020ebe8                ip64_webserver_http_png
 .rodata.ip64_webserver_http_css
                0x000000000020ebf0        0x8 contiki-eth-openmote.a(ip64-webserver-)
                0x000000000020ebf0                ip64_webserver_http_css
 .rodata.ip64_webserver_http_header_200
                0x000000000020ebf8       0x58 contiki-eth-openmote.a(ip64-webserver-)
                0x000000000020ebf8                ip64_webserver_http_header_200
 .rodata.ip64_webserver_http_content_type_css
                0x000000000020ec50       0x1c contiki-eth-openmote.a(ip64-webserver-)
                0x000000000020ec50                ip64_webserver_http_content_type_css
 .rodata.ip64_webserver_http_content_type_plain
                0x000000000020ec6c       0x20 contiki-eth-openmote.a(ip64-webserver-)
                0x000000000020ec6c                ip64_webserver_http_content_type_plain
 .rodata.ip64_webserver_http_gif
                0x000000000020ec8c        0x8 contiki-eth-openmote.a(ip64-webserver-)
                0x000000000020ec8c                ip64_webserver_http_gif
 .rodata.ip64_webserver_http_content_type_gif
                0x000000000020ec94       0x1c contiki-eth-openmote.a(ip64-webserver-)
                0x000000000020ec94                ip64_webserver_http_content_type_gif
 .rodata.ip64_webserver_http_header_404
                0x000000000020ecb0       0x5c contiki-eth-openmote.a(ip64-webserver-)
                0x000000000020ecb0                ip64_webserver_http_header_404
 .rodata.ip64_webserver_http_shtml
                0x000000000020ed0c        0x8 contiki-eth-openmote.a(ip64-webserver-)
                0x000000000020ed0c                ip64_webserver_http_shtml
 .rodata.ip64_webserver_http_get
                0x000000000020ed14        0x8 contiki-eth-openmote.a(ip64-webserver-)
                0x000000000020ed14                ip64_webserver_http_get
 .rodata.data_rplreset_shtml
                0x000000000020ed1c       0x20 contiki-eth-openmote.a(httpd-fs.o)
                0x000000000020ed1c                data_rplreset_shtml
 .rodata.file_files_shtml
                0x000000000020ed3c       0x14 contiki-eth-openmote.a(httpd-fs.o)
                0x000000000020ed3c                file_files_shtml
 .rodata.data_nbrsping_shtml
                0x000000000020ed50       0x7c contiki-eth-openmote.a(httpd-fs.o)
                0x000000000020ed50                data_nbrsping_shtml
 .rodata.file_rplroot_shtml
                0x000000000020edcc       0x14 contiki-eth-openmote.a(httpd-fs.o)
                0x000000000020edcc                file_rplroot_shtml
 .rodata.data_index_html
                0x000000000020ede0      0xab4 contiki-eth-openmote.a(httpd-fs.o)
                0x000000000020ede0                data_index_html
 .rodata.file_nbrs_shtml
                0x000000000020f894       0x14 contiki-eth-openmote.a(httpd-fs.o)
                0x000000000020f894                file_nbrs_shtml
 .rodata.file_nat_shtml
                0x000000000020f8a8       0x14 contiki-eth-openmote.a(httpd-fs.o)
                0x000000000020f8a8                file_nat_shtml
 .rodata.file_processes_shtml
                0x000000000020f8bc       0x14 contiki-eth-openmote.a(httpd-fs.o)
                0x000000000020f8bc                file_processes_shtml
 .rodata.data_processes_shtml
                0x000000000020f8d0       0xbc contiki-eth-openmote.a(httpd-fs.o)
                0x000000000020f8d0                data_processes_shtml
 .rodata.data_nat_shtml
                0x000000000020f98c       0xe8 contiki-eth-openmote.a(httpd-fs.o)
                0x000000000020f98c                data_nat_shtml
 .rodata.data_404_html
                0x000000000020fa74       0x10 contiki-eth-openmote.a(httpd-fs.o)
                0x000000000020fa74                data_404_html
 .rodata.data_routes_shtml
                0x000000000020fa84       0x94 contiki-eth-openmote.a(httpd-fs.o)
                0x000000000020fa84                data_routes_shtml
 .rodata.data_routesping_shtml
                0x000000000020fb18       0x9c contiki-eth-openmote.a(httpd-fs.o)
                0x000000000020fb18                data_routesping_shtml
 .rodata.data_tcp_shtml
                0x000000000020fbb4       0xcc contiki-eth-openmote.a(httpd-fs.o)
                0x000000000020fbb4                data_tcp_shtml
 .rodata.data_rplroot_shtml
                0x000000000020fc80       0x20 contiki-eth-openmote.a(httpd-fs.o)
                0x000000000020fc80                data_rplroot_shtml
 .rodata.data_nbrs_shtml
                0x000000000020fca0       0x7c contiki-eth-openmote.a(httpd-fs.o)
                0x000000000020fca0                data_nbrs_shtml
 .rodata.file_index_html
                0x000000000020fd1c       0x14 contiki-eth-openmote.a(httpd-fs.o)
                0x000000000020fd1c                file_index_html
 .rodata.data_status_shtml
                0x000000000020fd30       0xc4 contiki-eth-openmote.a(httpd-fs.o)
                0x000000000020fd30                data_status_shtml
 .rodata.file_routes_shtml
                0x000000000020fdf4       0x14 contiki-eth-openmote.a(httpd-fs.o)
                0x000000000020fdf4                file_routes_shtml
 .rodata.file_404_html
                0x000000000020fe08       0x14 contiki-eth-openmote.a(httpd-fs.o)
                0x000000000020fe08                file_404_html
 .rodata.file_nbrsping_shtml
                0x000000000020fe1c       0x14 contiki-eth-openmote.a(httpd-fs.o)
                0x000000000020fe1c                file_nbrsping_shtml
 .rodata.file_rplreset_shtml
                0x000000000020fe30       0x14 contiki-eth-openmote.a(httpd-fs.o)
                0x000000000020fe30                file_rplreset_shtml
 .rodata.file_status_shtml
                0x000000000020fe44       0x14 contiki-eth-openmote.a(httpd-fs.o)
                0x000000000020fe44                file_status_shtml
 .rodata.file_tcp_shtml
                0x000000000020fe58       0x14 contiki-eth-openmote.a(httpd-fs.o)
                0x000000000020fe58                file_tcp_shtml
 .rodata.data_files_shtml
                0x000000000020fe6c      0x2f0 contiki-eth-openmote.a(httpd-fs.o)
                0x000000000020fe6c                data_files_shtml
 .rodata.file_routesping_shtml
                0x000000000021015c       0x14 contiki-eth-openmote.a(httpd-fs.o)
                0x000000000021015c                file_routesping_shtml
 .rodata.addrmap_name
                0x0000000000210170        0x8 contiki-eth-openmote.a(httpd-cgi.o)
 .rodata.httpd_cgi_room2.7596
                0x0000000000210178       0x30 contiki-eth-openmote.a(httpd-cgi.o)
 .rodata.httpd_cgi_rtesh.7629
                0x00000000002101a8        0x4 contiki-eth-openmote.a(httpd-cgi.o)
 .rodata.httpd_cgi_rtesh.7643
                0x00000000002101ac        0x4 contiki-eth-openmote.a(httpd-cgi.o)
 .rodata.reboot_name
                0x00000000002101b0        0x8 contiki-eth-openmote.a(httpd-cgi.o)
 .rodata.none   0x00000000002101b8        0x8 contiki-eth-openmote.a(httpd-cgi.o)
 .rodata.nbrsping_name
                0x00000000002101c0        0xc contiki-eth-openmote.a(httpd-cgi.o)
 .rodata.rplreset_name
                0x00000000002101cc        0xc contiki-eth-openmote.a(httpd-cgi.o)
 .rodata.rtes_name
                0x00000000002101d8        0x8 contiki-eth-openmote.a(httpd-cgi.o)
 .rodata.time_wait
                0x00000000002101e0        0xc contiki-eth-openmote.a(httpd-cgi.o)
 .rodata.httpd_cgi_rtes1.7631
                0x00000000002101ec       0x18 contiki-eth-openmote.a(httpd-cgi.o)
 .rodata.closed
                0x0000000000210204        0x8 contiki-eth-openmote.a(httpd-cgi.o)
 .rodata.httpd_cgi_addrb
                0x000000000021020c        0xc contiki-eth-openmote.a(httpd-cgi.o)
 .rodata.httpd_cgi_addrf
                0x0000000000210218       0x28 contiki-eth-openmote.a(httpd-cgi.o)
 .rodata.httpd_cgi_addrh
                0x0000000000210240        0xc contiki-eth-openmote.a(httpd-cgi.o)
 .rodata.httpd_cgi_rtesf.7644
                0x000000000021024c       0x30 contiki-eth-openmote.a(httpd-cgi.o)
 .rodata.httpd_cgi_rtes2.7632
                0x000000000021027c        0x8 contiki-eth-openmote.a(httpd-cgi.o)
 .rodata.syn_sent
                0x0000000000210284        0xc contiki-eth-openmote.a(httpd-cgi.o)
 .rodata.states
                0x0000000000210290       0x30 contiki-eth-openmote.a(httpd-cgi.o)
 .rodata.proc_name
                0x00000000002102c0        0xc contiki-eth-openmote.a(httpd-cgi.o)
 .rodata.running
                0x00000000002102cc        0x8 contiki-eth-openmote.a(httpd-cgi.o)
 .rodata.nbrs_name
                0x00000000002102d4        0xc contiki-eth-openmote.a(httpd-cgi.o)
 .rodata.syn_rcvd
                0x00000000002102e0        0xc contiki-eth-openmote.a(httpd-cgi.o)
 .rodata.adrs_name
                0x00000000002102ec        0xc contiki-eth-openmote.a(httpd-cgi.o)
 .rodata.fin_wait_1
                0x00000000002102f8        0xc contiki-eth-openmote.a(httpd-cgi.o)
 .rodata.fin_wait_2
                0x0000000000210304        0xc contiki-eth-openmote.a(httpd-cgi.o)
 .rodata.file_name
                0x0000000000210310        0xc contiki-eth-openmote.a(httpd-cgi.o)
 .rodata.rtesping_name
                0x000000000021031c        0x8 contiki-eth-openmote.a(httpd-cgi.o)
 .rodata.rplroot_name
                0x0000000000210324        0x8 contiki-eth-openmote.a(httpd-cgi.o)
 .rodata.called
                0x000000000021032c        0x8 contiki-eth-openmote.a(httpd-cgi.o)
 .rodata.closing
                0x0000000000210334        0x8 contiki-eth-openmote.a(httpd-cgi.o)
 .rodata.last_ack
                0x000000000021033c        0xc contiki-eth-openmote.a(httpd-cgi.o)
 .rodata.tcp_name
                0x0000000000210348       0x10 contiki-eth-openmote.a(httpd-cgi.o)
 .rodata.str1.4
                0x0000000000210358      0x260 contiki-eth-openmote.a(httpd-cgi.o)
                                        0x26c (size before relaxing)
 .rodata.established
                0x00000000002105b8        0xc contiki-eth-openmote.a(httpd-cgi.o)
 .rodata.httpd_cgi_rtes0.7630
                0x00000000002105c4        0xc contiki-eth-openmote.a(httpd-cgi.o)
 .rodata        0x00000000002105d0        0x8 contiki-eth-openmote.a(network-reboot.)
 .rodata.str1.4
                0x00000000002105d8       0x9d contiki-eth-openmote.a(simple-udp-ping)
                                         0xa0 (size before relaxing)
 *fill*         0x0000000000210675        0x3 00000000
 .rodata.ip64_uip_fallback_interface
                0x0000000000210678        0x8 contiki-eth-openmote.a(ip64.o)
                0x0000000000210678                ip64_uip_fallback_interface
 .rodata.str1.4
                0x0000000000210680       0x56 contiki-eth-openmote.a(ip64-ipv4-dhcp.)
                                         0x58 (size before relaxing)
 *fill*         0x00000000002106d6        0x2 00000000
 .rodata.magic_cookie
                0x00000000002106d8        0x4 contiki-eth-openmote.a(dhcpv4.o)
 .rodata.str1.4
                0x00000000002106dc       0x11 contiki-eth-openmote.a(dhcpv4.o)
                                         0x14 (size before relaxing)
 *fill*         0x00000000002106ed        0x3 00000000
 .rodata.ip64_eth_interface
                0x00000000002106f0        0x8 contiki-eth-openmote.a(ip64-eth-interf)
                0x00000000002106f0                ip64_eth_interface
 .rodata.str1.4
                0x00000000002106f8       0x11 contiki-eth-openmote.a(simple-rpl.o)
                                         0x18 (size before relaxing)
 *fill*         0x0000000000210709        0x3 00000000
 .rodata.str1.4
                0x000000000021070c      0x13d contiki-eth-openmote.a(contiki-mist-op)
                                        0x144 (size before relaxing)
 *fill*         0x0000000000210849        0x3 00000000
 .rodata.str1.4
                0x000000000021084c        0x8 contiki-eth-openmote.a(sensors.o)
 .rodata.button_user_sensor
                0x0000000000210854       0x10 contiki-eth-openmote.a(button-sensor.o)
                0x0000000000210854                button_user_sensor
 .rodata.str1.4